../Core/Src/main.c:81:5:main	32	static,ignoring_inline_asm
../Core/Src/main.c:151:6:SystemClock_Config	88	static
../Core/Src/main.c:198:13:MX_USART2_UART_Init	8	static
../Core/Src/main.c:231:13:MX_GPIO_Init	40	static
../Core/Src/main.c:266:13:Task1_Handler	32	static
../Core/Src/main.c:288:13:Task2_Handler	32	static
../Core/Src/main.c:309:13:Task3_Handler	32	static
../Core/Src/main.c:330:6:HAL_GPIO_EXTI_Callback	32	static,ignoring_inline_asm
../Core/Src/main.c:353:6:HAL_TIM_PeriodElapsedCallback	16	static
../Core/Src/main.c:370:6:Error_Handler	4	static,ignoring_inline_asm
