Archive member included to satisfy reference by file (symbol)

d:/stm32cubeide_1.9.0/stm32cubeide/plugins/com.st.stm32cube.ide.mcu.externaltools.gnu-tools-for-stm32.10.3-2021.10.win32_1.0.200.202301161003/tools/bin/../lib/gcc/arm-none-eabi/10.3.1/../../../../arm-none-eabi/lib/thumb/v7e-m+fp/hard\libc_nano.a(lib_a-errno.o)
                              ./Core/Src/syscalls.o (__errno)
d:/stm32cubeide_1.9.0/stm32cubeide/plugins/com.st.stm32cube.ide.mcu.externaltools.gnu-tools-for-stm32.10.3-2021.10.win32_1.0.200.202301161003/tools/bin/../lib/gcc/arm-none-eabi/10.3.1/../../../../arm-none-eabi/lib/thumb/v7e-m+fp/hard\libc_nano.a(lib_a-exit.o)
                              d:/stm32cubeide_1.9.0/stm32cubeide/plugins/com.st.stm32cube.ide.mcu.externaltools.gnu-tools-for-stm32.10.3-2021.10.win32_1.0.200.202301161003/tools/bin/../lib/gcc/arm-none-eabi/10.3.1/../../../../arm-none-eabi/lib/thumb/v7e-m+fp/hard/crt0.o (exit)
d:/stm32cubeide_1.9.0/stm32cubeide/plugins/com.st.stm32cube.ide.mcu.externaltools.gnu-tools-for-stm32.10.3-2021.10.win32_1.0.200.202301161003/tools/bin/../lib/gcc/arm-none-eabi/10.3.1/../../../../arm-none-eabi/lib/thumb/v7e-m+fp/hard\libc_nano.a(lib_a-impure.o)
                              d:/stm32cubeide_1.9.0/stm32cubeide/plugins/com.st.stm32cube.ide.mcu.externaltools.gnu-tools-for-stm32.10.3-2021.10.win32_1.0.200.202301161003/tools/bin/../lib/gcc/arm-none-eabi/10.3.1/../../../../arm-none-eabi/lib/thumb/v7e-m+fp/hard\libc_nano.a(lib_a-exit.o) (_global_impure_ptr)
d:/stm32cubeide_1.9.0/stm32cubeide/plugins/com.st.stm32cube.ide.mcu.externaltools.gnu-tools-for-stm32.10.3-2021.10.win32_1.0.200.202301161003/tools/bin/../lib/gcc/arm-none-eabi/10.3.1/../../../../arm-none-eabi/lib/thumb/v7e-m+fp/hard\libc_nano.a(lib_a-init.o)
                              d:/stm32cubeide_1.9.0/stm32cubeide/plugins/com.st.stm32cube.ide.mcu.externaltools.gnu-tools-for-stm32.10.3-2021.10.win32_1.0.200.202301161003/tools/bin/../lib/gcc/arm-none-eabi/10.3.1/../../../../arm-none-eabi/lib/thumb/v7e-m+fp/hard/crt0.o (__libc_init_array)
d:/stm32cubeide_1.9.0/stm32cubeide/plugins/com.st.stm32cube.ide.mcu.externaltools.gnu-tools-for-stm32.10.3-2021.10.win32_1.0.200.202301161003/tools/bin/../lib/gcc/arm-none-eabi/10.3.1/../../../../arm-none-eabi/lib/thumb/v7e-m+fp/hard\libc_nano.a(lib_a-memcpy-stub.o)
                              ./Middlewares/Third_Party/FreeRTOS/Source/queue.o (memcpy)
d:/stm32cubeide_1.9.0/stm32cubeide/plugins/com.st.stm32cube.ide.mcu.externaltools.gnu-tools-for-stm32.10.3-2021.10.win32_1.0.200.202301161003/tools/bin/../lib/gcc/arm-none-eabi/10.3.1/../../../../arm-none-eabi/lib/thumb/v7e-m+fp/hard\libc_nano.a(lib_a-memset.o)
                              d:/stm32cubeide_1.9.0/stm32cubeide/plugins/com.st.stm32cube.ide.mcu.externaltools.gnu-tools-for-stm32.10.3-2021.10.win32_1.0.200.202301161003/tools/bin/../lib/gcc/arm-none-eabi/10.3.1/../../../../arm-none-eabi/lib/thumb/v7e-m+fp/hard/crt0.o (memset)
d:/stm32cubeide_1.9.0/stm32cubeide/plugins/com.st.stm32cube.ide.mcu.externaltools.gnu-tools-for-stm32.10.3-2021.10.win32_1.0.200.202301161003/tools/bin/../lib/gcc/arm-none-eabi/10.3.1/thumb/v7e-m+fp/hard\libgcc.a(_aeabi_uldivmod.o)
                              ./Drivers/STM32F4xx_HAL_Driver/Src/stm32f4xx_hal_rcc.o (__aeabi_uldivmod)
d:/stm32cubeide_1.9.0/stm32cubeide/plugins/com.st.stm32cube.ide.mcu.externaltools.gnu-tools-for-stm32.10.3-2021.10.win32_1.0.200.202301161003/tools/bin/../lib/gcc/arm-none-eabi/10.3.1/thumb/v7e-m+fp/hard\libgcc.a(_udivmoddi4.o)
                              d:/stm32cubeide_1.9.0/stm32cubeide/plugins/com.st.stm32cube.ide.mcu.externaltools.gnu-tools-for-stm32.10.3-2021.10.win32_1.0.200.202301161003/tools/bin/../lib/gcc/arm-none-eabi/10.3.1/thumb/v7e-m+fp/hard\libgcc.a(_aeabi_uldivmod.o) (__udivmoddi4)
d:/stm32cubeide_1.9.0/stm32cubeide/plugins/com.st.stm32cube.ide.mcu.externaltools.gnu-tools-for-stm32.10.3-2021.10.win32_1.0.200.202301161003/tools/bin/../lib/gcc/arm-none-eabi/10.3.1/thumb/v7e-m+fp/hard\libgcc.a(_dvmd_tls.o)
                              d:/stm32cubeide_1.9.0/stm32cubeide/plugins/com.st.stm32cube.ide.mcu.externaltools.gnu-tools-for-stm32.10.3-2021.10.win32_1.0.200.202301161003/tools/bin/../lib/gcc/arm-none-eabi/10.3.1/thumb/v7e-m+fp/hard\libgcc.a(_aeabi_uldivmod.o) (__aeabi_ldiv0)

Discarded input sections

 .text          0x0000000000000000        0x0 d:/stm32cubeide_1.9.0/stm32cubeide/plugins/com.st.stm32cube.ide.mcu.externaltools.gnu-tools-for-stm32.10.3-2021.10.win32_1.0.200.202301161003/tools/bin/../lib/gcc/arm-none-eabi/10.3.1/thumb/v7e-m+fp/hard/crti.o
 .data          0x0000000000000000        0x0 d:/stm32cubeide_1.9.0/stm32cubeide/plugins/com.st.stm32cube.ide.mcu.externaltools.gnu-tools-for-stm32.10.3-2021.10.win32_1.0.200.202301161003/tools/bin/../lib/gcc/arm-none-eabi/10.3.1/thumb/v7e-m+fp/hard/crti.o
[...]
Memory Configuration

Name             Origin             Length             Attributes
RAM              0x0000000020000000 0x0000000000018000 xrw
FLASH            0x0000000008000000 0x0000000000080000 xr
*default*        0x0000000000000000 0xffffffffffffffff

Linker script and memory map

LOAD d:/stm32cubeide_1.9.0/stm32cubeide/plugins/com.st.stm32cube.ide.mcu.externaltools.gnu-tools-for-stm32.10.3-2021.10.win32_1.0.200.202301161003/tools/bin/../lib/gcc/arm-none-eabi/10.3.1/thumb/v7e-m+fp/hard/crti.o
LOAD d:/stm32cubeide_1.9.0/stm32cubeide/plugins/com.st.stm32cube.ide.mcu.externaltools.gnu-tools-for-stm32.10.3-2021.10.win32_1.0.200.202301161003/tools/bin/../lib/gcc/arm-none-eabi/10.3.1/thumb/v7e-m+fp/hard/crtbegin.o
LOAD d:/stm32cubeide_1.9.0/stm32cubeide/plugins/com.st.stm32cube.ide.mcu.externaltools.gnu-tools-for-stm32.10.3-2021.10.win32_1.0.200.202301161003/tools/bin/../lib/gcc/arm-none-eabi/10.3.1/../../../../arm-none-eabi/lib/thumb/v7e-m+fp/hard/crt0.o
LOAD ./Core/Src/freertos.o
LOAD ./Core/Src/main.o
LOAD ./Core/Src/stm32f4xx_hal_msp.o
LOAD ./Core/Src/stm32f4xx_it.o
LOAD ./Core/Src/syscalls.o
LOAD ./Core/Src/sysmem.o
LOAD ./Core/Src/system_stm32f4xx.o
LOAD ./Core/Startup/startup_stm32f401retx.o
LOAD ./Drivers/STM32F4xx_HAL_Driver/Src/stm32f4xx_hal.o
LOAD ./Drivers/STM32F4xx_HAL_Driver/Src/stm32f4xx_hal_cortex.o
LOAD ./Drivers/STM32F4xx_HAL_Driver/Src/stm32f4xx_hal_dma.o
LOAD ./Drivers/STM32F4xx_HAL_Driver/Src/stm32f4xx_hal_dma_ex.o
LOAD ./Drivers/STM32F4xx_HAL_Driver/Src/stm32f4xx_hal_exti.o
LOAD ./Drivers/STM32F4xx_HAL_Driver/Src/stm32f4xx_hal_flash.o
LOAD ./Drivers/STM32F4xx_HAL_Driver/Src/stm32f4xx_hal_flash_ex.o
LOAD ./Drivers/STM32F4xx_HAL_Driver/Src/stm32f4xx_hal_flash_ramfunc.o
LOAD ./Drivers/STM32F4xx_HAL_Driver/Src/stm32f4xx_hal_gpio.o
LOAD ./Drivers/STM32F4xx_HAL_Driver/Src/stm32f4xx_hal_pwr.o
LOAD ./Drivers/STM32F4xx_HAL_Driver/Src/stm32f4xx_hal_pwr_ex.o
LOAD ./Drivers/STM32F4xx_HAL_Driver/Src/stm32f4xx_hal_rcc.o
LOAD ./Drivers/STM32F4xx_HAL_Driver/Src/stm32f4xx_hal_rcc_ex.o
LOAD ./Middlewares/Third_Party/FreeRTOS/Source/CMSIS_RTOS/cmsis_os.o
LOAD ./Middlewares/Third_Party/FreeRTOS/Source/croutine.o
LOAD ./Middlewares/Third_Party/FreeRTOS/Source/event_groups.o
LOAD ./Middlewares/Third_Party/FreeRTOS/Source/list.o
LOAD ./Middlewares/Third_Party/FreeRTOS/Source/queue.o
LOAD ./Middlewares/Third_Party/FreeRTOS/Source/stream_buffer.o
LOAD ./Middlewares/Third_Party/FreeRTOS/Source/tasks.o
LOAD ./Middlewares/Third_Party/FreeRTOS/Source/timers.o
LOAD ./Middlewares/Third_Party/FreeRTOS/Source/portable/GCC/ARM_CM4F/port.o
LOAD ./Middlewares/Third_Party/FreeRTOS/Source/portable/MemMang/heap_4.o
START GROUP
LOAD d:/stm32cubeide_1.9.0/stm32cubeide/plugins/com.st.stm32cube.ide.mcu.externaltools.gnu-tools-for-stm32.10.3-2021.10.win32_1.0.200.202301161003/tools/bin/../lib/gcc/arm-none-eabi/10.3.1/../../../../arm-none-eabi/lib/thumb/v7e-m+fp/hard\libc_nano.a
LOAD d:/stm32cubeide_1.9.0/stm32cubeide/plugins/com.st.stm32cube.ide.mcu.externaltools.gnu-tools-for-stm32.10.3-2021.10.win32_1.0.200.202301161003/tools/bin/../lib/gcc/arm-none-eabi/10.3.1/../../../../arm-none-eabi/lib/thumb/v7e-m+fp/hard\libm.a
END GROUP
START GROUP
LOAD d:/stm32cubeide_1.9.0/stm32cubeide/plugins/com.st.stm32cube.ide.mcu.externaltools.gnu-tools-for-stm32.10.3-2021.10.win32_1.0.200.202301161003/tools/bin/../lib/gcc/arm-none-eabi/10.3.1/thumb/v7e-m+fp/hard\libgcc.a
LOAD d:/stm32cubeide_1.9.0/stm32cubeide/plugins/com.st.stm32cube.ide.mcu.externaltools.gnu-tools-for-stm32.10.3-2021.10.win32_1.0.200.202301161003/tools/bin/../lib/gcc/arm-none-eabi/10.3.1/../../../../arm-none-eabi/lib/thumb/v7e-m+fp/hard\libc_nano.a
END GROUP
START GROUP
LOAD d:/stm32cubeide_1.9.0/stm32cubeide/plugins/com.st.stm32cube.ide.mcu.externaltools.gnu-tools-for-stm32.10.3-2021.10.win32_1.0.200.202301161003/tools/bin/../lib/gcc/arm-none-eabi/10.3.1/thumb/v7e-m+fp/hard\libgcc.a
LOAD d:/stm32cubeide_1.9.0/stm32cubeide/plugins/com.st.stm32cube.ide.mcu.externaltools.gnu-tools-for-stm32.10.3-2021.10.win32_1.0.200.202301161003/tools/bin/../lib/gcc/arm-none-eabi/10.3.1/../../../../arm-none-eabi/lib/thumb/v7e-m+fp/hard\libc_nano.a
LOAD d:/stm32cubeide_1.9.0/stm32cubeide/plugins/com.st.stm32cube.ide.mcu.externaltools.gnu-tools-for-stm32.10.3-2021.10.win32_1.0.200.202301161003/tools/bin/../lib/gcc/arm-none-eabi/10.3.1/../../../../arm-none-eabi/lib/thumb/v7e-m+fp/hard\libnosys.a
END GROUP
START GROUP
LOAD d:/stm32cubeide_1.9.0/stm32cubeide/plugins/com.st.stm32cube.ide.mcu.externaltools.gnu-tools-for-stm32.10.3-2021.10.win32_1.0.200.202301161003/tools/bin/../lib/gcc/arm-none-eabi/10.3.1/thumb/v7e-m+fp/hard\libgcc.a
LOAD d:/stm32cubeide_1.9.0/stm32cubeide/plugins/com.st.stm32cube.ide.mcu.externaltools.gnu-tools-for-stm32.10.3-2021.10.win32_1.0.200.202301161003/tools/bin/../lib/gcc/arm-none-eabi/10.3.1/../../../../arm-none-eabi/lib/thumb/v7e-m+fp/hard\libc_nano.a
LOAD d:/stm32cubeide_1.9.0/stm32cubeide/plugins/com.st.stm32cube.ide.mcu.externaltools.gnu-tools-for-stm32.10.3-2021.10.win32_1.0.200.202301161003/tools/bin/../lib/gcc/arm-none-eabi/10.3.1/../../../../arm-none-eabi/lib/thumb/v7e-m+fp/hard\libnosys.a
END GROUP
LOAD d:/stm32cubeide_1.9.0/stm32cubeide/plugins/com.st.stm32cube.ide.mcu.externaltools.gnu-tools-for-stm32.10.3-2021.10.win32_1.0.200.202301161003/tools/bin/../lib/gcc/arm-none-eabi/10.3.1/thumb/v7e-m+fp/hard/crtend.o
LOAD d:/stm32cubeide_1.9.0/stm32cubeide/plugins/com.st.stm32cube.ide.mcu.externaltools.gnu-tools-for-stm32.10.3-2021.10.win32_1.0.200.202301161003/tools/bin/../lib/gcc/arm-none-eabi/10.3.1/thumb/v7e-m+fp/hard/crtn.o
                0x0000000020018000                _estack = (ORIGIN (RAM) + LENGTH (RAM))
                0x0000000000000200                _Min_Heap_Size = 0x200
                0x0000000000000400                _Min_Stack_Size = 0x400

.isr_vector     0x0000000008000000      0x194
                0x0000000008000000                . = ALIGN (0x4)
 *(.isr_vector)
 .isr_vector    0x0000000008000000      0x194 ./Core/Startup/startup_stm32f401retx.o
                0x0000000008000000                g_pfnVectors
                0x0000000008000194                . = ALIGN (0x4)

.text           0x00000000080001a0     0x2b9c
                0x00000000080001a0                . = ALIGN (0x4)
 *(.text)
 .text          0x00000000080001a0       0x40 d:/stm32cubeide_1.9.0/stm32cubeide/plugins/com.st.stm32cube.ide.mcu.externaltools.gnu-tools-for-stm32.10.3-2021.10.win32_1.0.200.202301161003/tools/bin/../lib/gcc/arm-none-eabi/10.3.1/thumb/v7e-m+fp/hard/crtbegin.o
 .text          0x00000000080001e0       0x30 d:/stm32cubeide_1.9.0/stm32cubeide/plugins/com.st.stm32cube.ide.mcu.externaltools.gnu-tools-for-stm32.10.3-2021.10.win32_1.0.200.202301161003/tools/bin/../lib/gcc/arm-none-eabi/10.3.1/thumb/v7e-m+fp/hard\libgcc.a(_aeabi_uldivmod.o)
                0x00000000080001e0                __aeabi_uldivmod
 .text          0x0000000008000210      0x2d0 d:/stm32cubeide_1.9.0/stm32cubeide/plugins/com.st.stm32cube.ide.mcu.externaltools.gnu-tools-for-stm32.10.3-2021.10.win32_1.0.200.202301161003/tools/bin/../lib/gcc/arm-none-eabi/10.3.1/thumb/v7e-m+fp/hard\libgcc.a(_udivmoddi4.o)
                0x0000000008000210                __udivmoddi4
 .text          0x00000000080004e0        0x4 d:/stm32cubeide_1.9.0/stm32cubeide/plugins/com.st.stm32cube.ide.mcu.externaltools.gnu-tools-for-stm32.10.3-2021.10.win32_1.0.200.202301161003/tools/bin/../lib/gcc/arm-none-eabi/10.3.1/thumb/v7e-m+fp/hard\libgcc.a(_dvmd_tls.o)
                0x00000000080004e0                __aeabi_idiv0
                0x00000000080004e0                __aeabi_ldiv0
 *(.text*)
 .text.vApplicationGetIdleTaskMemory
                0x00000000080004e4       0x34 ./Core/Src/freertos.o
                0x00000000080004e4                vApplicationGetIdleTaskMemory
 .text.main     0x0000000008000518       0x58 ./Core/Src/main.o
                0x0000000008000518                main
 .text.SystemClock_Config
                0x0000000008000570       0xc0 ./Core/Src/main.o
                0x0000000008000570                SystemClock_Config
 .text.MX_GPIO_Init
                0x0000000008000630       0x7c ./Core/Src/main.o
 .text.LedControlTask
                0x00000000080006ac       0x38 ./Core/Src/main.o
                0x00000000080006ac                LedControlTask
 .text.ButtonControlTask
                0x00000000080006e4       0x38 ./Core/Src/main.o
                0x00000000080006e4                ButtonControlTask
 .text.Error_Handler
                0x000000000800071c        0xa ./Core/Src/main.o
                0x000000000800071c                Error_Handler
 *fill*         0x0000000008000726        0x2 
 .text.HAL_MspInit
                0x0000000008000728       0x58 ./Core/Src/stm32f4xx_hal_msp.o
                0x0000000008000728                HAL_MspInit
 .text.NMI_Handler
                0x0000000008000780        0x6 ./Core/Src/stm32f4xx_it.o
                0x0000000008000780                NMI_Handler
 .text.HardFault_Handler
                0x0000000008000786        0x6 ./Core/Src/stm32f4xx_it.o
                0x0000000008000786                HardFault_Handler
 .text.MemManage_Handler
                0x000000000800078c        0x6 ./Core/Src/stm32f4xx_it.o
                0x000000000800078c                MemManage_Handler
 .text.BusFault_Handler
                0x0000000008000792        0x6 ./Core/Src/stm32f4xx_it.o
                0x0000000008000792                BusFault_Handler
 .text.UsageFault_Handler
                0x0000000008000798        0x6 ./Core/Src/stm32f4xx_it.o
                0x0000000008000798                UsageFault_Handler
 .text.DebugMon_Handler
                0x000000000800079e        0xe ./Core/Src/stm32f4xx_it.o
                0x000000000800079e                DebugMon_Handler
 .text.SysTick_Handler
                0x00000000080007ac       0x1a ./Core/Src/stm32f4xx_it.o
                0x00000000080007ac                SysTick_Handler
 *fill*         0x00000000080007c6        0x2 
 .text.SystemInit
                0x00000000080007c8       0x24 ./Core/Src/system_stm32f4xx.o
                0x00000000080007c8                SystemInit
 .text.Reset_Handler
                0x00000000080007ec       0x50 ./Core/Startup/startup_stm32f401retx.o
                0x00000000080007ec                Reset_Handler
 .text.Default_Handler
                0x000000000800083c        0x2 ./Core/Startup/startup_stm32f401retx.o
                0x000000000800083c                RTC_Alarm_IRQHandler
                0x000000000800083c                EXTI2_IRQHandler
                0x000000000800083c                SPI4_IRQHandler
                0x000000000800083c                TIM1_CC_IRQHandler
                0x000000000800083c                DMA2_Stream5_IRQHandler
                0x000000000800083c                DMA1_Stream5_IRQHandler
                0x000000000800083c                PVD_IRQHandler
                0x000000000800083c                SDIO_IRQHandler
                0x000000000800083c                TAMP_STAMP_IRQHandler
                0x000000000800083c                EXTI3_IRQHandler
                0x000000000800083c                TIM1_UP_TIM10_IRQHandler
                0x000000000800083c                I2C3_ER_IRQHandler
                0x000000000800083c                EXTI0_IRQHandler
                0x000000000800083c                I2C2_EV_IRQHandler
                0x000000000800083c                DMA1_Stream2_IRQHandler
                0x000000000800083c                FPU_IRQHandler
                0x000000000800083c                DMA2_Stream2_IRQHandler
                0x000000000800083c                SPI1_IRQHandler
                0x000000000800083c                TIM1_BRK_TIM9_IRQHandler
                0x000000000800083c                DMA2_Stream3_IRQHandler
                0x000000000800083c                USART6_IRQHandler
                0x000000000800083c                DMA2_Stream0_IRQHandler
                0x000000000800083c                TIM4_IRQHandler
                0x000000000800083c                I2C1_EV_IRQHandler
                0x000000000800083c                DMA1_Stream6_IRQHandler
                0x000000000800083c                DMA1_Stream1_IRQHandler
                0x000000000800083c                TIM3_IRQHandler
                0x000000000800083c                RCC_IRQHandler
                0x000000000800083c                Default_Handler
                0x000000000800083c                EXTI15_10_IRQHandler
                0x000000000800083c                ADC_IRQHandler
                0x000000000800083c                DMA1_Stream7_IRQHandler
                0x000000000800083c                TIM5_IRQHandler
                0x000000000800083c                DMA2_Stream7_IRQHandler
                0x000000000800083c                I2C3_EV_IRQHandler
                0x000000000800083c                EXTI9_5_IRQHandler
                0x000000000800083c                RTC_WKUP_IRQHandler
                0x000000000800083c                SPI2_IRQHandler
                0x000000000800083c                DMA1_Stream0_IRQHandler
                0x000000000800083c                EXTI4_IRQHandler
                0x000000000800083c                WWDG_IRQHandler
                0x000000000800083c                TIM2_IRQHandler
                0x000000000800083c                OTG_FS_WKUP_IRQHandler
                0x000000000800083c                TIM1_TRG_COM_TIM11_IRQHandler
                0x000000000800083c                EXTI1_IRQHandler
                0x000000000800083c                USART2_IRQHandler
                0x000000000800083c                I2C2_ER_IRQHandler
                0x000000000800083c                DMA2_Stream1_IRQHandler
                0x000000000800083c                FLASH_IRQHandler
                0x000000000800083c                DMA2_Stream4_IRQHandler
                0x000000000800083c                USART1_IRQHandler
                0x000000000800083c                OTG_FS_IRQHandler
                0x000000000800083c                SPI3_IRQHandler
                0x000000000800083c                DMA1_Stream4_IRQHandler
                0x000000000800083c                I2C1_ER_IRQHandler
                0x000000000800083c                DMA2_Stream6_IRQHandler
                0x000000000800083c                DMA1_Stream3_IRQHandler
 *fill*         0x000000000800083e        0x2 
 .text.HAL_Init
                0x0000000008000840       0x44 ./Drivers/STM32F4xx_HAL_Driver/Src/stm32f4xx_hal.o
                0x0000000008000840                HAL_Init
 .text.HAL_InitTick
                0x0000000008000884       0x60 ./Drivers/STM32F4xx_HAL_Driver/Src/stm32f4xx_hal.o
                0x0000000008000884                HAL_InitTick
 .text.HAL_IncTick
                0x00000000080008e4       0x28 ./Drivers/STM32F4xx_HAL_Driver/Src/stm32f4xx_hal.o
                0x00000000080008e4                HAL_IncTick
 .text.HAL_GetTick
                0x000000000800090c       0x18 ./Drivers/STM32F4xx_HAL_Driver/Src/stm32f4xx_hal.o
                0x000000000800090c                HAL_GetTick
 .text.__NVIC_SetPriorityGrouping
                0x0000000008000924       0x48 ./Drivers/STM32F4xx_HAL_Driver/Src/stm32f4xx_hal_cortex.o
 .text.__NVIC_GetPriorityGrouping
                0x000000000800096c       0x1c ./Drivers/STM32F4xx_HAL_Driver/Src/stm32f4xx_hal_cortex.o
 .text.__NVIC_SetPriority
                0x0000000008000988       0x54 ./Drivers/STM32F4xx_HAL_Driver/Src/stm32f4xx_hal_cortex.o
 .text.NVIC_EncodePriority
                0x00000000080009dc       0x66 ./Drivers/STM32F4xx_HAL_Driver/Src/stm32f4xx_hal_cortex.o
 *fill*         0x0000000008000a42        0x2 
 .text.SysTick_Config
                0x0000000008000a44       0x44 ./Drivers/STM32F4xx_HAL_Driver/Src/stm32f4xx_hal_cortex.o
 .text.HAL_NVIC_SetPriorityGrouping
                0x0000000008000a88       0x16 ./Drivers/STM32F4xx_HAL_Driver/Src/stm32f4xx_hal_cortex.o
                0x0000000008000a88                HAL_NVIC_SetPriorityGrouping
 .text.HAL_NVIC_SetPriority
                0x0000000008000a9e       0x38 ./Drivers/STM32F4xx_HAL_Driver/Src/stm32f4xx_hal_cortex.o
                0x0000000008000a9e                HAL_NVIC_SetPriority
 .text.HAL_SYSTICK_Config
                0x0000000008000ad6       0x18 ./Drivers/STM32F4xx_HAL_Driver/Src/stm32f4xx_hal_cortex.o
                0x0000000008000ad6                HAL_SYSTICK_Config
 *fill*         0x0000000008000aee        0x2 
 .text.HAL_GPIO_Init
                0x0000000008000af0      0x308 ./Drivers/STM32F4xx_HAL_Driver/Src/stm32f4xx_hal_gpio.o
                0x0000000008000af0                HAL_GPIO_Init
 .text.HAL_GPIO_ReadPin
                0x0000000008000df8       0x30 ./Drivers/STM32F4xx_HAL_Driver/Src/stm32f4xx_hal_gpio.o
                0x0000000008000df8                HAL_GPIO_ReadPin
 .text.HAL_GPIO_WritePin
                0x0000000008000e28       0x32 ./Drivers/STM32F4xx_HAL_Driver/Src/stm32f4xx_hal_gpio.o
                0x0000000008000e28                HAL_GPIO_WritePin
 .text.HAL_GPIO_TogglePin
                0x0000000008000e5a       0x34 ./Drivers/STM32F4xx_HAL_Driver/Src/stm32f4xx_hal_gpio.o
                0x0000000008000e5a                HAL_GPIO_TogglePin
 *fill*         0x0000000008000e8e        0x2 
 .text.HAL_RCC_OscConfig
                0x0000000008000e90      0x4f0 ./Drivers/STM32F4xx_HAL_Driver/Src/stm32f4xx_hal_rcc.o
                0x0000000008000e90                HAL_RCC_OscConfig
 .text.HAL_RCC_ClockConfig
                0x0000000008001380      0x1cc ./Drivers/STM32F4xx_HAL_Driver/Src/stm32f4xx_hal_rcc.o
                0x0000000008001380                HAL_RCC_ClockConfig
 .text.HAL_RCC_GetSysClockFreq
                0x000000000800154c      0x18c ./Drivers/STM32F4xx_HAL_Driver/Src/stm32f4xx_hal_rcc.o
                0x000000000800154c                HAL_RCC_GetSysClockFreq
 .text.vListInitialise
                0x00000000080016d8       0x40 ./Middlewares/Third_Party/FreeRTOS/Source/list.o
                0x00000000080016d8                vListInitialise
 .text.vListInitialiseItem
                0x0000000008001718       0x1a ./Middlewares/Third_Party/FreeRTOS/Source/list.o
                0x0000000008001718                vListInitialiseItem
 .text.vListInsertEnd
                0x0000000008001732       0x48 ./Middlewares/Third_Party/FreeRTOS/Source/list.o
                0x0000000008001732                vListInsertEnd
 .text.vListInsert
                0x000000000800177a       0x72 ./Middlewares/Third_Party/FreeRTOS/Source/list.o
                0x000000000800177a                vListInsert
 .text.uxListRemove
                0x00000000080017ec       0x54 ./Middlewares/Third_Party/FreeRTOS/Source/list.o
                0x00000000080017ec                uxListRemove
 .text.xTaskCreateStatic
                0x0000000008001840       0xba ./Middlewares/Third_Party/FreeRTOS/Source/tasks.o
                0x0000000008001840                xTaskCreateStatic
 .text.xTaskCreate
                0x00000000080018fa       0x8a ./Middlewares/Third_Party/FreeRTOS/Source/tasks.o
                0x00000000080018fa                xTaskCreate
 .text.prvInitialiseNewTask
                0x0000000008001984      0x10e ./Middlewares/Third_Party/FreeRTOS/Source/tasks.o
 *fill*         0x0000000008001a92        0x2 
 .text.prvAddNewTaskToReadyList
                0x0000000008001a94       0xd4 ./Middlewares/Third_Party/FreeRTOS/Source/tasks.o
 .text.vTaskDelay
                0x0000000008001b68       0x68 ./Middlewares/Third_Party/FreeRTOS/Source/tasks.o
                0x0000000008001b68                vTaskDelay
 .text.vTaskStartScheduler
                0x0000000008001bd0       0xc0 ./Middlewares/Third_Party/FreeRTOS/Source/tasks.o
                0x0000000008001bd0                vTaskStartScheduler
 .text.vTaskSuspendAll
                0x0000000008001c90       0x1c ./Middlewares/Third_Party/FreeRTOS/Source/tasks.o
                0x0000000008001c90                vTaskSuspendAll
 .text.xTaskResumeAll
                0x0000000008001cac      0x138 ./Middlewares/Third_Party/FreeRTOS/Source/tasks.o
                0x0000000008001cac                xTaskResumeAll
 .text.xTaskIncrementTick
                0x0000000008001de4      0x170 ./Middlewares/Third_Party/FreeRTOS/Source/tasks.o
                0x0000000008001de4                xTaskIncrementTick
 .text.vTaskSwitchContext
                0x0000000008001f54       0xb8 ./Middlewares/Third_Party/FreeRTOS/Source/tasks.o
                0x0000000008001f54                vTaskSwitchContext
 .text.prvIdleTask
                0x000000000800200c       0x30 ./Middlewares/Third_Party/FreeRTOS/Source/tasks.o
 .text.prvInitialiseTaskLists
                0x000000000800203c       0x80 ./Middlewares/Third_Party/FreeRTOS/Source/tasks.o
 .text.prvCheckTasksWaitingTermination
                0x00000000080020bc       0x5c ./Middlewares/Third_Party/FreeRTOS/Source/tasks.o
 .text.prvDeleteTCB
                0x0000000008002118       0x5e ./Middlewares/Third_Party/FreeRTOS/Source/tasks.o
 *fill*         0x0000000008002176        0x2 
 .text.prvResetNextTaskUnblockTime
                0x0000000008002178       0x40 ./Middlewares/Third_Party/FreeRTOS/Source/tasks.o
 .text.xTaskGetSchedulerState
                0x00000000080021b8       0x3c ./Middlewares/Third_Party/FreeRTOS/Source/tasks.o
                0x00000000080021b8                xTaskGetSchedulerState
 .text.xTaskNotifyWait
                0x00000000080021f4       0xb4 ./Middlewares/Third_Party/FreeRTOS/Source/tasks.o
                0x00000000080021f4                xTaskNotifyWait
 .text.xTaskGenericNotify
                0x00000000080022a8      0x16c ./Middlewares/Third_Party/FreeRTOS/Source/tasks.o
                0x00000000080022a8                xTaskGenericNotify
 .text.prvAddCurrentTaskToDelayedList
                0x0000000008002414       0xcc ./Middlewares/Third_Party/FreeRTOS/Source/tasks.o
 .text.pxPortInitialiseStack
                0x00000000080024e0       0x68 ./Middlewares/Third_Party/FreeRTOS/Source/portable/GCC/ARM_CM4F/port.o
                0x00000000080024e0                pxPortInitialiseStack
 .text.prvTaskExitError
                0x0000000008002548       0x58 ./Middlewares/Third_Party/FreeRTOS/Source/portable/GCC/ARM_CM4F/port.o
 .text.SVC_Handler
                0x00000000080025a0       0x28 ./Middlewares/Third_Party/FreeRTOS/Source/portable/GCC/ARM_CM4F/port.o
                0x00000000080025a0                SVC_Handler
 .text.prvPortStartFirstTask
                0x00000000080025c8       0x28 ./Middlewares/Third_Party/FreeRTOS/Source/portable/GCC/ARM_CM4F/port.o
 .text.xPortStartScheduler
                0x00000000080025f0      0x144 ./Middlewares/Third_Party/FreeRTOS/Source/portable/GCC/ARM_CM4F/port.o
                0x00000000080025f0                xPortStartScheduler
 .text.vPortEnterCritical
                0x0000000008002734       0x60 ./Middlewares/Third_Party/FreeRTOS/Source/portable/GCC/ARM_CM4F/port.o
                0x0000000008002734                vPortEnterCritical
 .text.vPortExitCritical
                0x0000000008002794       0x54 ./Middlewares/Third_Party/FreeRTOS/Source/portable/GCC/ARM_CM4F/port.o
                0x0000000008002794                vPortExitCritical
 *fill*         0x00000000080027e8        0x8 
 .text.PendSV_Handler
                0x00000000080027f0       0x68 ./Middlewares/Third_Party/FreeRTOS/Source/portable/GCC/ARM_CM4F/port.o
                0x00000000080027f0                PendSV_Handler
 .text.xPortSysTickHandler
                0x0000000008002858       0x44 ./Middlewares/Third_Party/FreeRTOS/Source/portable/GCC/ARM_CM4F/port.o
                0x0000000008002858                xPortSysTickHandler
 .text.vPortSetupTimerInterrupt
                0x000000000800289c       0x48 ./Middlewares/Third_Party/FreeRTOS/Source/portable/GCC/ARM_CM4F/port.o
                0x000000000800289c                vPortSetupTimerInterrupt
 .text.vPortEnableVFP
                0x00000000080028e4       0x14 ./Middlewares/Third_Party/FreeRTOS/Source/portable/GCC/ARM_CM4F/port.o
 .text.pvPortMalloc
                0x00000000080028f8      0x198 ./Middlewares/Third_Party/FreeRTOS/Source/portable/MemMang/heap_4.o
                0x00000000080028f8                pvPortMalloc
 .text.vPortFree
                0x0000000008002a90       0xc4 ./Middlewares/Third_Party/FreeRTOS/Source/portable/MemMang/heap_4.o
                0x0000000008002a90                vPortFree
 .text.prvHeapInit
                0x0000000008002b54       0xc4 ./Middlewares/Third_Party/FreeRTOS/Source/portable/MemMang/heap_4.o
 .text.prvInsertBlockIntoFreeList
                0x0000000008002c18       0xb4 ./Middlewares/Third_Party/FreeRTOS/Source/portable/MemMang/heap_4.o
 .text.__libc_init_array
                0x0000000008002ccc       0x48 d:/stm32cubeide_1.9.0/stm32cubeide/plugins/com.st.stm32cube.ide.mcu.externaltools.gnu-tools-for-stm32.10.3-2021.10.win32_1.0.200.202301161003/tools/bin/../lib/gcc/arm-none-eabi/10.3.1/../../../../arm-none-eabi/lib/thumb/v7e-m+fp/hard\libc_nano.a(lib_a-init.o)
                0x0000000008002ccc                __libc_init_array
 .text.memset   0x0000000008002d14       0x10 d:/stm32cubeide_1.9.0/stm32cubeide/plugins/com.st.stm32cube.ide.mcu.externaltools.gnu-tools-for-stm32.10.3-2021.10.win32_1.0.200.202301161003/tools/bin/../lib/gcc/arm-none-eabi/10.3.1/../../../../arm-none-eabi/lib/thumb/v7e-m+fp/hard\libc_nano.a(lib_a-memset.o)
                0x0000000008002d14                memset
 *(.glue_7)
 .glue_7        0x0000000008002d24        0x0 linker stubs
 *(.glue_7t)
 .glue_7t       0x0000000008002d24        0x0 linker stubs
 *(.eh_frame)
 .eh_frame      0x0000000008002d24        0x0 d:/stm32cubeide_1.9.0/stm32cubeide/plugins/com.st.stm32cube.ide.mcu.externaltools.gnu-tools-for-stm32.10.3-2021.10.win32_1.0.200.202301161003/tools/bin/../lib/gcc/arm-none-eabi/10.3.1/thumb/v7e-m+fp/hard/crtbegin.o
 *(.init)
 .init          0x0000000008002d24        0x4 d:/stm32cubeide_1.9.0/stm32cubeide/plugins/com.st.stm32cube.ide.mcu.externaltools.gnu-tools-for-stm32.10.3-2021.10.win32_1.0.200.202301161003/tools/bin/../lib/gcc/arm-none-eabi/10.3.1/thumb/v7e-m+fp/hard/crti.o
                0x0000000008002d24                _init
 .init          0x0000000008002d28        0x8 d:/stm32cubeide_1.9.0/stm32cubeide/plugins/com.st.stm32cube.ide.mcu.externaltools.gnu-tools-for-stm32.10.3-2021.10.win32_1.0.200.202301161003/tools/bin/../lib/gcc/arm-none-eabi/10.3.1/thumb/v7e-m+fp/hard/crtn.o
 *(.fini)
 .fini          0x0000000008002d30        0x4 d:/stm32cubeide_1.9.0/stm32cubeide/plugins/com.st.stm32cube.ide.mcu.externaltools.gnu-tools-for-stm32.10.3-2021.10.win32_1.0.200.202301161003/tools/bin/../lib/gcc/arm-none-eabi/10.3.1/thumb/v7e-m+fp/hard/crti.o
                0x0000000008002d30                _fini
 .fini          0x0000000008002d34        0x8 d:/stm32cubeide_1.9.0/stm32cubeide/plugins/com.st.stm32cube.ide.mcu.externaltools.gnu-tools-for-stm32.10.3-2021.10.win32_1.0.200.202301161003/tools/bin/../lib/gcc/arm-none-eabi/10.3.1/thumb/v7e-m+fp/hard/crtn.o
                0x0000000008002d3c                . = ALIGN (0x4)
                0x0000000008002d3c                _etext = .

.vfp11_veneer   0x0000000008002d3c        0x0
 .vfp11_veneer  0x0000000008002d3c        0x0 linker stubs

.v4_bx          0x0000000008002d3c        0x0
 .v4_bx         0x0000000008002d3c        0x0 linker stubs

.iplt           0x0000000008002d3c        0x0
 .iplt          0x0000000008002d3c        0x0 d:/stm32cubeide_1.9.0/stm32cubeide/plugins/com.st.stm32cube.ide.mcu.externaltools.gnu-tools-for-stm32.10.3-2021.10.win32_1.0.200.202301161003/tools/bin/../lib/gcc/arm-none-eabi/10.3.1/thumb/v7e-m+fp/hard/crtbegin.o

.rodata         0x0000000008002d3c       0x34
                0x0000000008002d3c                . = ALIGN (0x4)
 *(.rodata)
 .rodata        0x0000000008002d3c       0x1b ./Core/Src/main.o
 *fill*         0x0000000008002d57        0x1 
 .rodata        0x0000000008002d58        0x5 ./Middlewares/Third_Party/FreeRTOS/Source/tasks.o
 *(.rodata*)
 *fill*         0x0000000008002d5d        0x3 
 .rodata.AHBPrescTable
                0x0000000008002d60       0x10 ./Core/Src/system_stm32f4xx.o
                0x0000000008002d60                AHBPrescTable
                0x0000000008002d70                . = ALIGN (0x4)

.ARM.extab      0x0000000008002d70        0x0
                0x0000000008002d70                . = ALIGN (0x4)
 *(.ARM.extab* .gnu.linkonce.armextab.*)
                0x0000000008002d70                . = ALIGN (0x4)

.ARM            0x0000000008002d70        0x8
                0x0000000008002d70                . = ALIGN (0x4)
                0x0000000008002d70                __exidx_start = .
 *(.ARM.exidx*)
 .ARM.exidx     0x0000000008002d70        0x8 d:/stm32cubeide_1.9.0/stm32cubeide/plugins/com.st.stm32cube.ide.mcu.externaltools.gnu-tools-for-stm32.10.3-2021.10.win32_1.0.200.202301161003/tools/bin/../lib/gcc/arm-none-eabi/10.3.1/thumb/v7e-m+fp/hard\libgcc.a(_udivmoddi4.o)
                0x0000000008002d78                __exidx_end = .
                0x0000000008002d78                . = ALIGN (0x4)

.rel.dyn        0x0000000008002d78        0x0
 .rel.iplt      0x0000000008002d78        0x0 d:/stm32cubeide_1.9.0/stm32cubeide/plugins/com.st.stm32cube.ide.mcu.externaltools.gnu-tools-for-stm32.10.3-2021.10.win32_1.0.200.202301161003/tools/bin/../lib/gcc/arm-none-eabi/10.3.1/thumb/v7e-m+fp/hard/crtbegin.o

.preinit_array  0x0000000008002d78        0x0
                0x0000000008002d78                . = ALIGN (0x4)
                0x0000000008002d78                PROVIDE (__preinit_array_start = .)
 *(.preinit_array*)
                0x0000000008002d78                PROVIDE (__preinit_array_end = .)
                0x0000000008002d78                . = ALIGN (0x4)

.init_array     0x0000000008002d78        0x4
                0x0000000008002d78                . = ALIGN (0x4)
                0x0000000008002d78                PROVIDE (__init_array_start = .)
 *(SORT_BY_NAME(.init_array.*))
 *(.init_array*)
 .init_array    0x0000000008002d78        0x4 d:/stm32cubeide_1.9.0/stm32cubeide/plugins/com.st.stm32cube.ide.mcu.externaltools.gnu-tools-for-stm32.10.3-2021.10.win32_1.0.200.202301161003/tools/bin/../lib/gcc/arm-none-eabi/10.3.1/thumb/v7e-m+fp/hard/crtbegin.o
                0x0000000008002d7c                PROVIDE (__init_array_end = .)
                0x0000000008002d7c                . = ALIGN (0x4)

.fini_array     0x0000000008002d7c        0x4
                0x0000000008002d7c                . = ALIGN (0x4)
                [!provide]                        PROVIDE (__fini_array_start = .)
 *(SORT_BY_NAME(.fini_array.*))
 *(.fini_array*)
 .fini_array    0x0000000008002d7c        0x4 d:/stm32cubeide_1.9.0/stm32cubeide/plugins/com.st.stm32cube.ide.mcu.externaltools.gnu-tools-for-stm32.10.3-2021.10.win32_1.0.200.202301161003/tools/bin/../lib/gcc/arm-none-eabi/10.3.1/thumb/v7e-m+fp/hard/crtbegin.o
                [!provide]                        PROVIDE (__fini_array_end = .)
                0x0000000008002d80                . = ALIGN (0x4)
                0x0000000008002d80                _sidata = LOADADDR (.data)

.data           0x0000000020000000       0x10 load address 0x0000000008002d80
                0x0000000020000000                . = ALIGN (0x4)
                0x0000000020000000                _sdata = .
 *(.data)
 *(.data*)
 .data.SystemCoreClock
                0x0000000020000000        0x4 ./Core/Src/system_stm32f4xx.o
                0x0000000020000000                SystemCoreClock
 .data.uwTickPrio
                0x0000000020000004        0x4 ./Drivers/STM32F4xx_HAL_Driver/Src/stm32f4xx_hal.o
                0x0000000020000004                uwTickPrio
 .data.uwTickFreq
                0x0000000020000008        0x1 ./Drivers/STM32F4xx_HAL_Driver/Src/stm32f4xx_hal.o
                0x0000000020000008                uwTickFreq
 *fill*         0x0000000020000009        0x3 
 .data.uxCriticalNesting
                0x000000002000000c        0x4 ./Middlewares/Third_Party/FreeRTOS/Source/portable/GCC/ARM_CM4F/port.o
 *(.RamFunc)
 *(.RamFunc*)
                0x0000000020000010                . = ALIGN (0x4)
                0x0000000020000010                _edata = .

.igot.plt       0x0000000020000010        0x0 load address 0x0000000008002d90
 .igot.plt      0x0000000020000010        0x0 d:/stm32cubeide_1.9.0/stm32cubeide/plugins/com.st.stm32cube.ide.mcu.externaltools.gnu-tools-for-stm32.10.3-2021.10.win32_1.0.200.202301161003/tools/bin/../lib/gcc/arm-none-eabi/10.3.1/thumb/v7e-m+fp/hard/crtbegin.o
                0x0000000020000010                . = ALIGN (0x4)

.bss            0x0000000020000010     0x3fd4 load address 0x0000000008002d90
                0x0000000020000010                _sbss = .
                0x0000000020000010                __bss_start__ = _sbss
 *(.bss)
 .bss           0x0000000020000010       0x1c d:/stm32cubeide_1.9.0/stm32cubeide/plugins/com.st.stm32cube.ide.mcu.externaltools.gnu-tools-for-stm32.10.3-2021.10.win32_1.0.200.202301161003/tools/bin/../lib/gcc/arm-none-eabi/10.3.1/thumb/v7e-m+fp/hard/crtbegin.o
 *(.bss*)
 .bss.xIdleTaskTCBBuffer
                0x000000002000002c       0x54 ./Core/Src/freertos.o
 .bss.xIdleStack
                0x0000000020000080      0x200 ./Core/Src/freertos.o
 .bss.LedControlHandle
                0x0000000020000280        0x4 ./Core/Src/main.o
                0x0000000020000280                LedControlHandle
 .bss.ButtonControlHandle
                0x0000000020000284        0x4 ./Core/Src/main.o
                0x0000000020000284                ButtonControlHandle
 .bss.count     0x0000000020000288        0x1 ./Core/Src/main.o
                0x0000000020000288                count
 *fill*         0x0000000020000289        0x3 
 .bss.uwTick    0x000000002000028c        0x4 ./Drivers/STM32F4xx_HAL_Driver/Src/stm32f4xx_hal.o
                0x000000002000028c                uwTick
 .bss.pxCurrentTCB
                0x0000000020000290        0x4 ./Middlewares/Third_Party/FreeRTOS/Source/tasks.o
                0x0000000020000290                pxCurrentTCB
 .bss.pxReadyTasksLists
                0x0000000020000294       0x8c ./Middlewares/Third_Party/FreeRTOS/Source/tasks.o
 .bss.xDelayedTaskList1
                0x0000000020000320       0x14 ./Middlewares/Third_Party/FreeRTOS/Source/tasks.o
 .bss.xDelayedTaskList2
                0x0000000020000334       0x14 ./Middlewares/Third_Party/FreeRTOS/Source/tasks.o
 .bss.pxDelayedTaskList
                0x0000000020000348        0x4 ./Middlewares/Third_Party/FreeRTOS/Source/tasks.o
 .bss.pxOverflowDelayedTaskList
                0x000000002000034c        0x4 ./Middlewares/Third_Party/FreeRTOS/Source/tasks.o
 .bss.xPendingReadyList
                0x0000000020000350       0x14 ./Middlewares/Third_Party/FreeRTOS/Source/tasks.o
 .bss.xTasksWaitingTermination
                0x0000000020000364       0x14 ./Middlewares/Third_Party/FreeRTOS/Source/tasks.o
 .bss.uxDeletedTasksWaitingCleanUp
                0x0000000020000378        0x4 ./Middlewares/Third_Party/FreeRTOS/Source/tasks.o
 .bss.xSuspendedTaskList
                0x000000002000037c       0x14 ./Middlewares/Third_Party/FreeRTOS/Source/tasks.o
 .bss.uxCurrentNumberOfTasks
                0x0000000020000390        0x4 ./Middlewares/Third_Party/FreeRTOS/Source/tasks.o
 .bss.xTickCount
                0x0000000020000394        0x4 ./Middlewares/Third_Party/FreeRTOS/Source/tasks.o
 .bss.uxTopReadyPriority
                0x0000000020000398        0x4 ./Middlewares/Third_Party/FreeRTOS/Source/tasks.o
 .bss.xSchedulerRunning
                0x000000002000039c        0x4 ./Middlewares/Third_Party/FreeRTOS/Source/tasks.o
 .bss.xPendedTicks
                0x00000000200003a0        0x4 ./Middlewares/Third_Party/FreeRTOS/Source/tasks.o
 .bss.xYieldPending
                0x00000000200003a4        0x4 ./Middlewares/Third_Party/FreeRTOS/Source/tasks.o
 .bss.xNumOfOverflows
                0x00000000200003a8        0x4 ./Middlewares/Third_Party/FreeRTOS/Source/tasks.o
 .bss.uxTaskNumber
                0x00000000200003ac        0x4 ./Middlewares/Third_Party/FreeRTOS/Source/tasks.o
 .bss.xNextTaskUnblockTime
                0x00000000200003b0        0x4 ./Middlewares/Third_Party/FreeRTOS/Source/tasks.o
 .bss.xIdleTaskHandle
                0x00000000200003b4        0x4 ./Middlewares/Third_Party/FreeRTOS/Source/tasks.o
 .bss.uxSchedulerSuspended
                0x00000000200003b8        0x4 ./Middlewares/Third_Party/FreeRTOS/Source/tasks.o
 .bss.ucMaxSysCallPriority
                0x00000000200003bc        0x1 ./Middlewares/Third_Party/FreeRTOS/Source/portable/GCC/ARM_CM4F/port.o
 *fill*         0x00000000200003bd        0x3 
 .bss.ulMaxPRIGROUPValue
                0x00000000200003c0        0x4 ./Middlewares/Third_Party/FreeRTOS/Source/portable/GCC/ARM_CM4F/port.o
 .bss.ucHeap    0x00000000200003c4     0x3c00 ./Middlewares/Third_Party/FreeRTOS/Source/portable/MemMang/heap_4.o
 .bss.xStart    0x0000000020003fc4        0x8 ./Middlewares/Third_Party/FreeRTOS/Source/portable/MemMang/heap_4.o
 .bss.pxEnd     0x0000000020003fcc        0x4 ./Middlewares/Third_Party/FreeRTOS/Source/portable/MemMang/heap_4.o
 .bss.xFreeBytesRemaining
                0x0000000020003fd0        0x4 ./Middlewares/Third_Party/FreeRTOS/Source/portable/MemMang/heap_4.o
 .bss.xMinimumEverFreeBytesRemaining
                0x0000000020003fd4        0x4 ./Middlewares/Third_Party/FreeRTOS/Source/portable/MemMang/heap_4.o
 .bss.xNumberOfSuccessfulAllocations
                0x0000000020003fd8        0x4 ./Middlewares/Third_Party/FreeRTOS/Source/portable/MemMang/heap_4.o
 .bss.xNumberOfSuccessfulFrees
                0x0000000020003fdc        0x4 ./Middlewares/Third_Party/FreeRTOS/Source/portable/MemMang/heap_4.o
 .bss.xBlockAllocatedBit
                0x0000000020003fe0        0x4 ./Middlewares/Third_Party/FreeRTOS/Source/portable/MemMang/heap_4.o
 *(COMMON)
                0x0000000020003fe4                . = ALIGN (0x4)
                0x0000000020003fe4                _ebss = .
                0x0000000020003fe4                __bss_end__ = _ebss

._user_heap_stack
                0x0000000020003fe4      0x604 load address 0x0000000008002d90
                0x0000000020003fe8                . = ALIGN (0x8)
 *fill*         0x0000000020003fe4        0x4 
                [!provide]                        PROVIDE (end = .)
                0x0000000020003fe8                PROVIDE (_end = .)
                0x00000000200041e8                . = (. + _Min_Heap_Size)
 *fill*         0x0000000020003fe8      0x200 
                0x00000000200045e8                . = (. + _Min_Stack_Size)
 *fill*         0x00000000200041e8      0x400 
                0x00000000200045e8                . = ALIGN (0x8)

/DISCARD/
 libc.a(*)
 libm.a(*)
 libgcc.a(*)

.ARM.attributes
                0x0000000000000000       0x30
 *(.ARM.attributes)
 .ARM.attributes
                0x0000000000000000       0x1e d:/stm32cubeide_1.9.0/stm32cubeide/plugins/com.st.stm32cube.ide.mcu.externaltools.gnu-tools-for-stm32.10.3-2021.10.win32_1.0.200.202301161003/tools/bin/../lib/gcc/arm-none-eabi/10.3.1/thumb/v7e-m+fp/hard/crti.o
 .ARM.attributes
                0x000000000000001e       0x34 d:/stm32cubeide_1.9.0/stm32cubeide/plugins/com.st.stm32cube.ide.mcu.externaltools.gnu-tools-for-stm32.10.3-2021.10.win32_1.0.200.202301161003/tools/bin/../lib/gcc/arm-none-eabi/10.3.1/thumb/v7e-m+fp/hard/crtbegin.o
 .ARM.attributes
                0x0000000000000052       0x34 ./Core/Src/freertos.o
 .ARM.attributes
                0x0000000000000086       0x34 ./Core/Src/main.o
 .ARM.attributes
                0x00000000000000ba       0x34 ./Core/Src/stm32f4xx_hal_msp.o
 .ARM.attributes
                0x00000000000000ee       0x34 ./Core/Src/stm32f4xx_it.o
 .ARM.attributes
                0x0000000000000122       0x34 ./Core/Src/system_stm32f4xx.o
 .ARM.attributes
                0x0000000000000156       0x21 ./Core/Startup/startup_stm32f401retx.o
 .ARM.attributes
                0x0000000000000177       0x34 ./Drivers/STM32F4xx_HAL_Driver/Src/stm32f4xx_hal.o
 .ARM.attributes
                0x00000000000001ab       0x34 ./Drivers/STM32F4xx_HAL_Driver/Src/stm32f4xx_hal_cortex.o
 .ARM.attributes
                0x00000000000001df       0x34 ./Drivers/STM32F4xx_HAL_Driver/Src/stm32f4xx_hal_gpio.o
 .ARM.attributes
                0x0000000000000213       0x34 ./Drivers/STM32F4xx_HAL_Driver/Src/stm32f4xx_hal_rcc.o
 .ARM.attributes
                0x0000000000000247       0x34 ./Middlewares/Third_Party/FreeRTOS/Source/list.o
 .ARM.attributes
                0x000000000000027b       0x34 ./Middlewares/Third_Party/FreeRTOS/Source/tasks.o
 .ARM.attributes
                0x00000000000002af       0x34 ./Middlewares/Third_Party/FreeRTOS/Source/portable/GCC/ARM_CM4F/port.o
 .ARM.attributes
                0x00000000000002e3       0x34 ./Middlewares/Third_Party/FreeRTOS/Source/portable/MemMang/heap_4.o
 .ARM.attributes
                0x0000000000000317       0x34 d:/stm32cubeide_1.9.0/stm32cubeide/plugins/com.st.stm32cube.ide.mcu.externaltools.gnu-tools-for-stm32.10.3-2021.10.win32_1.0.200.202301161003/tools/bin/../lib/gcc/arm-none-eabi/10.3.1/../../../../arm-none-eabi/lib/thumb/v7e-m+fp/hard\libc_nano.a(lib_a-init.o)
 .ARM.attributes
                0x000000000000034b       0x34 d:/stm32cubeide_1.9.0/stm32cubeide/plugins/com.st.stm32cube.ide.mcu.externaltools.gnu-tools-for-stm32.10.3-2021.10.win32_1.0.200.202301161003/tools/bin/../lib/gcc/arm-none-eabi/10.3.1/../../../../arm-none-eabi/lib/thumb/v7e-m+fp/hard\libc_nano.a(lib_a-memset.o)
 .ARM.attributes
                0x000000000000037f       0x1e d:/stm32cubeide_1.9.0/stm32cubeide/plugins/com.st.stm32cube.ide.mcu.externaltools.gnu-tools-for-stm32.10.3-2021.10.win32_1.0.200.202301161003/tools/bin/../lib/gcc/arm-none-eabi/10.3.1/thumb/v7e-m+fp/hard\libgcc.a(_aeabi_uldivmod.o)
 .ARM.attributes
                0x000000000000039d       0x34 d:/stm32cubeide_1.9.0/stm32cubeide/plugins/com.st.stm32cube.ide.mcu.externaltools.gnu-tools-for-stm32.10.3-2021.10.win32_1.0.200.202301161003/tools/bin/../lib/gcc/arm-none-eabi/10.3.1/thumb/v7e-m+fp/hard\libgcc.a(_udivmoddi4.o)
 .ARM.attributes
                0x00000000000003d1       0x1e d:/stm32cubeide_1.9.0/stm32cubeide/plugins/com.st.stm32cube.ide.mcu.externaltools.gnu-tools-for-stm32.10.3-2021.10.win32_1.0.200.202301161003/tools/bin/../lib/gcc/arm-none-eabi/10.3.1/thumb/v7e-m+fp/hard\libgcc.a(_dvmd_tls.o)
 .ARM.attributes
                0x00000000000003ef       0x1e d:/stm32cubeide_1.9.0/stm32cubeide/plugins/com.st.stm32cube.ide.mcu.externaltools.gnu-tools-for-stm32.10.3-2021.10.win32_1.0.200.202301161003/tools/bin/../lib/gcc/arm-none-eabi/10.3.1/thumb/v7e-m+fp/hard/crtn.o
OUTPUT(004_HAL_LED_CONTROL_NOTIFY_FreeRTOS.elf elf32-littlearm)
LOAD linker stubs
LOAD d:/stm32cubeide_1.9.0/stm32cubeide/plugins/com.st.stm32cube.ide.mcu.externaltools.gnu-tools-for-stm32.10.3-2021.10.win32_1.0.200.202301161003/tools/bin/../lib/gcc/arm-none-eabi/10.3.1/../../../../arm-none-eabi/lib/thumb/v7e-m+fp/hard\libc.a
LOAD d:/stm32cubeide_1.9.0/stm32cubeide/plugins/com.st.stm32cube.ide.mcu.externaltools.gnu-tools-for-stm32.10.3-2021.10.win32_1.0.200.202301161003/tools/bin/../lib/gcc/arm-none-eabi/10.3.1/../../../../arm-none-eabi/lib/thumb/v7e-m+fp/hard\libm.a
LOAD d:/stm32cubeide_1.9.0/stm32cubeide/plugins/com.st.stm32cube.ide.mcu.externaltools.gnu-tools-for-stm32.10.3-2021.10.win32_1.0.200.202301161003/tools/bin/../lib/gcc/arm-none-eabi/10.3.1/thumb/v7e-m+fp/hard\libgcc.a

.debug_info     0x0000000000000000     0x693e
 .debug_info    0x0000000000000000      0x294 ./Core/Src/freertos.o
 .debug_info    0x0000000000000294      0x91c ./Core/Src/main.o
 .debug_info    0x0000000000000bb0      0x48c ./Core/Src/stm32f4xx_hal_msp.o
 .debug_info    0x000000000000103c      0x125 ./Core/Src/stm32f4xx_it.o
 .debug_info    0x0000000000001161      0x54f ./Core/Src/system_stm32f4xx.o
 .debug_info    0x00000000000016b0       0x22 ./Core/Startup/startup_stm32f401retx.o
 .debug_info    0x00000000000016d2      0x906 ./Drivers/STM32F4xx_HAL_Driver/Src/stm32f4xx_hal.o
 .debug_info    0x0000000000001fd8      0xd85 ./Drivers/STM32F4xx_HAL_Driver/Src/stm32f4xx_hal_cortex.o
 .debug_info    0x0000000000002d5d      0x78e ./Drivers/STM32F4xx_HAL_Driver/Src/stm32f4xx_hal_gpio.o
 .debug_info    0x00000000000034eb      0x98c ./Drivers/STM32F4xx_HAL_Driver/Src/stm32f4xx_hal_rcc.o
 .debug_info    0x0000000000003e77      0x2d1 ./Middlewares/Third_Party/FreeRTOS/Source/list.o
 .debug_info    0x0000000000004148     0x1de4 ./Middlewares/Third_Party/FreeRTOS/Source/tasks.o
 .debug_info    0x0000000000005f2c      0x507 ./Middlewares/Third_Party/FreeRTOS/Source/portable/GCC/ARM_CM4F/port.o
 .debug_info    0x0000000000006433      0x50b ./Middlewares/Third_Party/FreeRTOS/Source/portable/MemMang/heap_4.o

.debug_abbrev   0x0000000000000000     0x18a7
 .debug_abbrev  0x0000000000000000       0xcd ./Core/Src/freertos.o
 .debug_abbrev  0x00000000000000cd      0x298 ./Core/Src/main.o
 .debug_abbrev  0x0000000000000365      0x115 ./Core/Src/stm32f4xx_hal_msp.o
 .debug_abbrev  0x000000000000047a       0x98 ./Core/Src/stm32f4xx_it.o
 .debug_abbrev  0x0000000000000512      0x116 ./Core/Src/system_stm32f4xx.o
 .debug_abbrev  0x0000000000000628       0x12 ./Core/Startup/startup_stm32f401retx.o
 .debug_abbrev  0x000000000000063a      0x23e ./Drivers/STM32F4xx_HAL_Driver/Src/stm32f4xx_hal.o
 .debug_abbrev  0x0000000000000878      0x316 ./Drivers/STM32F4xx_HAL_Driver/Src/stm32f4xx_hal_cortex.o
 .debug_abbrev  0x0000000000000b8e      0x1c4 ./Drivers/STM32F4xx_HAL_Driver/Src/stm32f4xx_hal_gpio.o
 .debug_abbrev  0x0000000000000d52      0x2aa ./Drivers/STM32F4xx_HAL_Driver/Src/stm32f4xx_hal_rcc.o
 .debug_abbrev  0x0000000000000ffc       0xf2 ./Middlewares/Third_Party/FreeRTOS/Source/list.o
 .debug_abbrev  0x00000000000010ee      0x34e ./Middlewares/Third_Party/FreeRTOS/Source/tasks.o
 .debug_abbrev  0x000000000000143c      0x259 ./Middlewares/Third_Party/FreeRTOS/Source/portable/GCC/ARM_CM4F/port.o
 .debug_abbrev  0x0000000000001695      0x212 ./Middlewares/Third_Party/FreeRTOS/Source/portable/MemMang/heap_4.o

.debug_aranges  0x0000000000000000      0x6e0
 .debug_aranges
                0x0000000000000000       0x20 ./Core/Src/freertos.o
 .debug_aranges
                0x0000000000000020       0x48 ./Core/Src/main.o
 .debug_aranges
                0x0000000000000068       0x20 ./Core/Src/stm32f4xx_hal_msp.o
 .debug_aranges
                0x0000000000000088       0x50 ./Core/Src/stm32f4xx_it.o
 .debug_aranges
                0x00000000000000d8       0x28 ./Core/Src/system_stm32f4xx.o
 .debug_aranges
                0x0000000000000100       0x28 ./Core/Startup/startup_stm32f401retx.o
 .debug_aranges
                0x0000000000000128       0xf0 ./Drivers/STM32F4xx_HAL_Driver/Src/stm32f4xx_hal.o
 .debug_aranges
                0x0000000000000218      0x118 ./Drivers/STM32F4xx_HAL_Driver/Src/stm32f4xx_hal_cortex.o
 .debug_aranges
                0x0000000000000330       0x58 ./Drivers/STM32F4xx_HAL_Driver/Src/stm32f4xx_hal_gpio.o
 .debug_aranges
                0x0000000000000388       0x88 ./Drivers/STM32F4xx_HAL_Driver/Src/stm32f4xx_hal_rcc.o
 .debug_aranges
                0x0000000000000410       0x40 ./Middlewares/Third_Party/FreeRTOS/Source/list.o
 .debug_aranges
                0x0000000000000450      0x1b8 ./Middlewares/Third_Party/FreeRTOS/Source/tasks.o
 .debug_aranges
                0x0000000000000608       0x80 ./Middlewares/Third_Party/FreeRTOS/Source/portable/GCC/ARM_CM4F/port.o
 .debug_aranges
                0x0000000000000688       0x58 ./Middlewares/Third_Party/FreeRTOS/Source/portable/MemMang/heap_4.o

.debug_ranges   0x0000000000000000      0x608
 .debug_ranges  0x0000000000000000       0x10 ./Core/Src/freertos.o
 .debug_ranges  0x0000000000000010       0x38 ./Core/Src/main.o
 .debug_ranges  0x0000000000000048       0x10 ./Core/Src/stm32f4xx_hal_msp.o
 .debug_ranges  0x0000000000000058       0x40 ./Core/Src/stm32f4xx_it.o
 .debug_ranges  0x0000000000000098       0x18 ./Core/Src/system_stm32f4xx.o
 .debug_ranges  0x00000000000000b0       0x20 ./Core/Startup/startup_stm32f401retx.o
 .debug_ranges  0x00000000000000d0       0xe0 ./Drivers/STM32F4xx_HAL_Driver/Src/stm32f4xx_hal.o
 .debug_ranges  0x00000000000001b0      0x108 ./Drivers/STM32F4xx_HAL_Driver/Src/stm32f4xx_hal_cortex.o
 .debug_ranges  0x00000000000002b8       0x48 ./Drivers/STM32F4xx_HAL_Driver/Src/stm32f4xx_hal_gpio.o
 .debug_ranges  0x0000000000000300       0x78 ./Drivers/STM32F4xx_HAL_Driver/Src/stm32f4xx_hal_rcc.o
 .debug_ranges  0x0000000000000378       0x30 ./Middlewares/Third_Party/FreeRTOS/Source/list.o
 .debug_ranges  0x00000000000003a8      0x1a8 ./Middlewares/Third_Party/FreeRTOS/Source/tasks.o
 .debug_ranges  0x0000000000000550       0x70 ./Middlewares/Third_Party/FreeRTOS/Source/portable/GCC/ARM_CM4F/port.o
 .debug_ranges  0x00000000000005c0       0x48 ./Middlewares/Third_Party/FreeRTOS/Source/portable/MemMang/heap_4.o

.debug_macro    0x0000000000000000    0x156a4
 .debug_macro   0x0000000000000000      0x222 ./Core/Src/freertos.o
 .debug_macro   0x0000000000000222      0xa78 ./Core/Src/freertos.o
 .debug_macro   0x0000000000000c9a      0x174 ./Core/Src/freertos.o
 .debug_macro   0x0000000000000e0e       0x22 ./Core/Src/freertos.o
 .debug_macro   0x0000000000000e30       0x8e ./Core/Src/freertos.o
 .debug_macro   0x0000000000000ebe       0x51 ./Core/Src/freertos.o
 .debug_macro   0x0000000000000f0f      0x103 ./Core/Src/freertos.o
 .debug_macro   0x0000000000001012       0x6a ./Core/Src/freertos.o
 .debug_macro   0x000000000000107c      0x1df ./Core/Src/freertos.o
 .debug_macro   0x000000000000125b       0xe4 ./Core/Src/freertos.o
 .debug_macro   0x000000000000133f      0x15a ./Core/Src/freertos.o
 .debug_macro   0x0000000000001499       0xde ./Core/Src/freertos.o
 .debug_macro   0x0000000000001577       0x1c ./Core/Src/freertos.o
 .debug_macro   0x0000000000001593       0x26 ./Core/Src/freertos.o
 .debug_macro   0x00000000000015b9      0x504 ./Core/Src/freertos.o
 .debug_macro   0x0000000000001abd       0xb5 ./Core/Src/freertos.o
 .debug_macro   0x0000000000001b72       0xaa ./Core/Src/freertos.o
 .debug_macro   0x0000000000001c1c      0x28f ./Core/Src/freertos.o
 .debug_macro   0x0000000000001eab       0x2e ./Core/Src/freertos.o
 .debug_macro   0x0000000000001ed9       0x28 ./Core/Src/freertos.o
 .debug_macro   0x0000000000001f01       0x1c ./Core/Src/freertos.o
 .debug_macro   0x0000000000001f1d       0x22 ./Core/Src/freertos.o
 .debug_macro   0x0000000000001f3f       0xd9 ./Core/Src/freertos.o
 .debug_macro   0x0000000000002018     0x102d ./Core/Src/freertos.o
 .debug_macro   0x0000000000003045      0x11f ./Core/Src/freertos.o
 .debug_macro   0x0000000000003164     0xb86c ./Core/Src/freertos.o
 .debug_macro   0x000000000000e9d0       0x6d ./Core/Src/freertos.o
 .debug_macro   0x000000000000ea3d     0x367e ./Core/Src/freertos.o
 .debug_macro   0x00000000000120bb       0x5c ./Core/Src/freertos.o
 .debug_macro   0x0000000000012117      0x416 ./Core/Src/freertos.o
 .debug_macro   0x000000000001252d      0x9fe ./Core/Src/freertos.o
 .debug_macro   0x0000000000012f2b      0x115 ./Core/Src/freertos.o
 .debug_macro   0x0000000000013040       0xf8 ./Core/Src/freertos.o
 .debug_macro   0x0000000000013138       0xa5 ./Core/Src/freertos.o
 .debug_macro   0x00000000000131dd      0x15f ./Core/Src/freertos.o
 .debug_macro   0x000000000001333c      0x287 ./Core/Src/freertos.o
 .debug_macro   0x00000000000135c3       0x5f ./Core/Src/freertos.o
 .debug_macro   0x0000000000013622      0x236 ./Core/Src/freertos.o
 .debug_macro   0x0000000000013858      0x132 ./Core/Src/freertos.o
 .debug_macro   0x000000000001398a      0x264 ./Core/Src/freertos.o
 .debug_macro   0x0000000000013bee       0x2e ./Core/Src/freertos.o
 .debug_macro   0x0000000000013c1c      0x11a ./Core/Src/freertos.o
 .debug_macro   0x0000000000013d36       0x85 ./Core/Src/freertos.o
 .debug_macro   0x0000000000013dbb       0x89 ./Core/Src/freertos.o
 .debug_macro   0x0000000000013e44      0x126 ./Core/Src/freertos.o
 .debug_macro   0x0000000000013f6a      0x222 ./Core/Src/main.o
 .debug_macro   0x000000000001418c       0xe4 ./Core/Src/main.o
 .debug_macro   0x0000000000014270      0x1ba ./Core/Src/stm32f4xx_hal_msp.o
 .debug_macro   0x000000000001442a      0x22c ./Core/Src/stm32f4xx_it.o
 .debug_macro   0x0000000000014656      0x1b0 ./Core/Src/system_stm32f4xx.o
 .debug_macro   0x0000000000014806      0x210 ./Drivers/STM32F4xx_HAL_Driver/Src/stm32f4xx_hal.o
 .debug_macro   0x0000000000014a16      0x1b0 ./Drivers/STM32F4xx_HAL_Driver/Src/stm32f4xx_hal_cortex.o
 .debug_macro   0x0000000000014bc6      0x1b6 ./Drivers/STM32F4xx_HAL_Driver/Src/stm32f4xx_hal_gpio.o
 .debug_macro   0x0000000000014d7c      0x1d4 ./Drivers/STM32F4xx_HAL_Driver/Src/stm32f4xx_hal_rcc.o
 .debug_macro   0x0000000000014f50      0x187 ./Middlewares/Third_Party/FreeRTOS/Source/list.o
 .debug_macro   0x00000000000150d7      0x279 ./Middlewares/Third_Party/FreeRTOS/Source/tasks.o
 .debug_macro   0x0000000000015350       0x10 ./Middlewares/Third_Party/FreeRTOS/Source/tasks.o
 .debug_macro   0x0000000000015360      0x196 ./Middlewares/Third_Party/FreeRTOS/Source/portable/GCC/ARM_CM4F/port.o
 .debug_macro   0x00000000000154f6      0x1ae ./Middlewares/Third_Party/FreeRTOS/Source/portable/MemMang/heap_4.o

.debug_line     0x0000000000000000     0x8302
 .debug_line    0x0000000000000000      0x769 ./Core/Src/freertos.o
 .debug_line    0x0000000000000769      0x84f ./Core/Src/main.o
 .debug_line    0x0000000000000fb8      0x66b ./Core/Src/stm32f4xx_hal_msp.o
 .debug_line    0x0000000000001623      0x813 ./Core/Src/stm32f4xx_it.o
 .debug_line    0x0000000000001e36      0x6ec ./Core/Src/system_stm32f4xx.o
 .debug_line    0x0000000000002522       0x88 ./Core/Startup/startup_stm32f401retx.o
 .debug_line    0x00000000000025aa      0x952 ./Drivers/STM32F4xx_HAL_Driver/Src/stm32f4xx_hal.o
 .debug_line    0x0000000000002efc      0xc01 ./Drivers/STM32F4xx_HAL_Driver/Src/stm32f4xx_hal_cortex.o
 .debug_line    0x0000000000003afd      0xa8a ./Drivers/STM32F4xx_HAL_Driver/Src/stm32f4xx_hal_gpio.o
 .debug_line    0x0000000000004587      0xccc ./Drivers/STM32F4xx_HAL_Driver/Src/stm32f4xx_hal_rcc.o
 .debug_line    0x0000000000005253      0x6f3 ./Middlewares/Third_Party/FreeRTOS/Source/list.o
 .debug_line    0x0000000000005946     0x1903 ./Middlewares/Third_Party/FreeRTOS/Source/tasks.o
 .debug_line    0x0000000000007249      0x79c ./Middlewares/Third_Party/FreeRTOS/Source/portable/GCC/ARM_CM4F/port.o
 .debug_line    0x00000000000079e5      0x91d ./Middlewares/Third_Party/FreeRTOS/Source/portable/MemMang/heap_4.o

.debug_str      0x0000000000000000    0x87867
 .debug_str     0x0000000000000000    0x80bd5 ./Core/Src/freertos.o
                                      0x80e7b (size before relaxing)
 .debug_str     0x0000000000080bd5      0x4fe ./Core/Src/main.o
                                      0x8125c (size before relaxing)
 .debug_str     0x00000000000810d3      0x3cd ./Core/Src/stm32f4xx_hal_msp.o
                                      0x7d446 (size before relaxing)
 .debug_str     0x00000000000814a0       0xd9 ./Core/Src/stm32f4xx_it.o
                                      0x80ddc (size before relaxing)
 .debug_str     0x0000000000081579       0xdb ./Core/Src/system_stm32f4xx.o
                                      0x7d14b (size before relaxing)
 .debug_str     0x0000000000081654       0x36 ./Core/Startup/startup_stm32f401retx.o
                                         0x74 (size before relaxing)
 .debug_str     0x000000000008168a      0x617 ./Drivers/STM32F4xx_HAL_Driver/Src/stm32f4xx_hal.o
                                      0x7db6d (size before relaxing)
 .debug_str     0x0000000000081ca1      0x34d ./Drivers/STM32F4xx_HAL_Driver/Src/stm32f4xx_hal_cortex.o
                                      0x7d88e (size before relaxing)
 .debug_str     0x0000000000081fee      0x10d ./Drivers/STM32F4xx_HAL_Driver/Src/stm32f4xx_hal_gpio.o
                                      0x7d2c6 (size before relaxing)
 .debug_str     0x00000000000820fb      0x233 ./Drivers/STM32F4xx_HAL_Driver/Src/stm32f4xx_hal_rcc.o
                                      0x7d57f (size before relaxing)
 .debug_str     0x000000000008232e     0x2fc1 ./Middlewares/Third_Party/FreeRTOS/Source/list.o
                                       0xa674 (size before relaxing)
 .debug_str     0x00000000000852ef     0x1ac8 ./Middlewares/Third_Party/FreeRTOS/Source/tasks.o
                                       0xc9df (size before relaxing)
 .debug_str     0x0000000000086db7      0x783 ./Middlewares/Third_Party/FreeRTOS/Source/portable/GCC/ARM_CM4F/port.o
                                       0x85e5 (size before relaxing)
 .debug_str     0x000000000008753a      0x32d ./Middlewares/Third_Party/FreeRTOS/Source/portable/MemMang/heap_4.o
                                       0xafb6 (size before relaxing)

.comment        0x0000000000000000       0x50
 .comment       0x0000000000000000       0x50 ./Core/Src/freertos.o
                                         0x51 (size before relaxing)
 .comment       0x0000000000000050       0x51 ./Core/Src/main.o
 .comment       0x0000000000000050       0x51 ./Core/Src/stm32f4xx_hal_msp.o
 .comment       0x0000000000000050       0x51 ./Core/Src/stm32f4xx_it.o
 .comment       0x0000000000000050       0x51 ./Core/Src/system_stm32f4xx.o
 .comment       0x0000000000000050       0x51 ./Drivers/STM32F4xx_HAL_Driver/Src/stm32f4xx_hal.o
 .comment       0x0000000000000050       0x51 ./Drivers/STM32F4xx_HAL_Driver/Src/stm32f4xx_hal_cortex.o
 .comment       0x0000000000000050       0x51 ./Drivers/STM32F4xx_HAL_Driver/Src/stm32f4xx_hal_gpio.o
 .comment       0x0000000000000050       0x51 ./Drivers/STM32F4xx_HAL_Driver/Src/stm32f4xx_hal_rcc.o
 .comment       0x0000000000000050       0x51 ./Middlewares/Third_Party/FreeRTOS/Source/list.o
 .comment       0x0000000000000050       0x51 ./Middlewares/Third_Party/FreeRTOS/Source/tasks.o
 .comment       0x0000000000000050       0x51 ./Middlewares/Third_Party/FreeRTOS/Source/portable/GCC/ARM_CM4F/port.o
 .comment       0x0000000000000050       0x51 ./Middlewares/Third_Party/FreeRTOS/Source/portable/MemMang/heap_4.o

.debug_frame    0x0000000000000000     0x1978
 .debug_frame   0x0000000000000000       0x38 ./Core/Src/freertos.o
 .debug_frame   0x0000000000000038       0xd0 ./Core/Src/main.o
 .debug_frame   0x0000000000000108       0x34 ./Core/Src/stm32f4xx_hal_msp.o
 .debug_frame   0x000000000000013c       0xc4 ./Core/Src/stm32f4xx_it.o
 .debug_frame   0x0000000000000200       0x58 ./Core/Src/system_stm32f4xx.o
 .debug_frame   0x0000000000000258      0x374 ./Drivers/STM32F4xx_HAL_Driver/Src/stm32f4xx_hal.o
 .debug_frame   0x00000000000005cc      0x498 ./Drivers/STM32F4xx_HAL_Driver/Src/stm32f4xx_hal_cortex.o
 .debug_frame   0x0000000000000a64      0x14c ./Drivers/STM32F4xx_HAL_Driver/Src/stm32f4xx_hal_gpio.o
 .debug_frame   0x0000000000000bb0      0x1f4 ./Drivers/STM32F4xx_HAL_Driver/Src/stm32f4xx_hal_rcc.o
 .debug_frame   0x0000000000000da4       0xd8 ./Middlewares/Third_Party/FreeRTOS/Source/list.o
 .debug_frame   0x0000000000000e7c      0x77c ./Middlewares/Third_Party/FreeRTOS/Source/tasks.o
 .debug_frame   0x00000000000015f8      0x1a8 ./Middlewares/Third_Party/FreeRTOS/Source/portable/GCC/ARM_CM4F/port.o
 .debug_frame   0x00000000000017a0      0x12c ./Middlewares/Third_Party/FreeRTOS/Source/portable/MemMang/heap_4.o
 .debug_frame   0x00000000000018cc       0x2c d:/stm32cubeide_1.9.0/stm32cubeide/plugins/com.st.stm32cube.ide.mcu.externaltools.gnu-tools-for-stm32.10.3-2021.10.win32_1.0.200.202301161003/tools/bin/../lib/gcc/arm-none-eabi/10.3.1/../../../../arm-none-eabi/lib/thumb/v7e-m+fp/hard\libc_nano.a(lib_a-init.o)
 .debug_frame   0x00000000000018f8       0x20 d:/stm32cubeide_1.9.0/stm32cubeide/plugins/com.st.stm32cube.ide.mcu.externaltools.gnu-tools-for-stm32.10.3-2021.10.win32_1.0.200.202301161003/tools/bin/../lib/gcc/arm-none-eabi/10.3.1/../../../../arm-none-eabi/lib/thumb/v7e-m+fp/hard\libc_nano.a(lib_a-memset.o)
 .debug_frame   0x0000000000001918       0x2c d:/stm32cubeide_1.9.0/stm32cubeide/plugins/com.st.stm32cube.ide.mcu.externaltools.gnu-tools-for-stm32.10.3-2021.10.win32_1.0.200.202301161003/tools/bin/../lib/gcc/arm-none-eabi/10.3.1/thumb/v7e-m+fp/hard\libgcc.a(_aeabi_uldivmod.o)
 .debug_frame   0x0000000000001944       0x34 d:/stm32cubeide_1.9.0/stm32cubeide/plugins/com.st.stm32cube.ide.mcu.externaltools.gnu-tools-for-stm32.10.3-2021.10.win32_1.0.200.202301161003/tools/bin/../lib/gcc/arm-none-eabi/10.3.1/thumb/v7e-m+fp/hard\libgcc.a(_udivmoddi4.o)
