../Core/Src/main.c:81:5:main	32	static,ignoring_inline_asm
../Core/Src/main.c:152:6:SystemClock_Config	88	static
../Core/Src/main.c:199:13:MX_USART2_UART_Init	8	static
../Core/Src/main.c:232:13:MX_GPIO_Init	40	static
../Core/Src/main.c:263:13:Task1_Handler	32	static
../Core/Src/main.c:285:13:Task2_Handler	32	static
../Core/Src/main.c:306:13:Task3_Handler	32	static
../Core/Src/main.c:328:13:Button_Handler	32	static
../Core/Src/main.c:350:6:vApplicationIdleHook	8	static
../Core/Src/main.c:364:6:HAL_TIM_PeriodElapsedCallback	16	static
../Core/Src/main.c:381:6:Error_Handler	4	static,ignoring_inline_asm
