../Core/Src/main.c:97:5:main	48	static,ignoring_inline_asm
../Core/Src/main.c:181:6:SystemClock_Config	88	static
../Core/Src/main.c:229:13:MX_RTC_Init	32	static
../Core/Src/main.c:292:13:MX_USART2_UART_Init	8	static
../Core/Src/main.c:325:13:MX_GPIO_Init	40	static
../Core/Src/main.c:360:6:rtc_report_callback	16	static
../Core/Src/main.c:365:6:HAL_UART_RxCpltCallback	32	static
../Core/Src/main.c:402:6:LED_Effect_Callback	24	static
../Core/Src/main.c:424:6:led_effect_stop	24	static
../Core/Src/main.c:432:6:led_effect	32	static
../Core/Src/main.c:438:6:turn_off_all_leds	8	static
../Core/Src/main.c:443:6:turn_on_all_leds	8	static
../Core/Src/main.c:448:6:turn_on_odd_leds	8	static
../Core/Src/main.c:454:6:turn_on_even_leds	8	static
../Core/Src/main.c:461:6:LED_control	24	static
../Core/Src/main.c:468:6:LED_effect1	8	static
../Core/Src/main.c:475:6:LED_effect2	8	static
../Core/Src/main.c:481:6:LED_effect3	8	static
../Core/Src/main.c:488:6:LED_effect4	8	static
../Core/Src/main.c:503:6:HAL_TIM_PeriodElapsedCallback	16	static
../Core/Src/main.c:520:6:Error_Handler	4	static,ignoring_inline_asm
