Archive member included to satisfy reference by file (symbol)

d:/stm32cubeide_1.9.0/stm32cubeide/plugins/com.st.stm32cube.ide.mcu.externaltools.gnu-tools-for-stm32.10.3-2021.10.win32_1.0.200.202301161003/tools/bin/../lib/gcc/arm-none-eabi/10.3.1/../../../../arm-none-eabi/lib/thumb/v7e-m+fp/hard\libc_nano.a(lib_a-errno.o)
                              ./Core/Src/syscalls.o (__errno)
d:/stm32cubeide_1.9.0/stm32cubeide/plugins/com.st.stm32cube.ide.mcu.externaltools.gnu-tools-for-stm32.10.3-2021.10.win32_1.0.200.202301161003/tools/bin/../lib/gcc/arm-none-eabi/10.3.1/../../../../arm-none-eabi/lib/thumb/v7e-m+fp/hard\libc_nano.a(lib_a-exit.o)
                              d:/stm32cubeide_1.9.0/stm32cubeide/plugins/com.st.stm32cube.ide.mcu.externaltools.gnu-tools-for-stm32.10.3-2021.10.win32_1.0.200.202301161003/tools/bin/../lib/gcc/arm-none-eabi/10.3.1/../../../../arm-none-eabi/lib/thumb/v7e-m+fp/hard/crt0.o (exit)
d:/stm32cubeide_1.9.0/stm32cubeide/plugins/com.st.stm32cube.ide.mcu.externaltools.gnu-tools-for-stm32.10.3-2021.10.win32_1.0.200.202301161003/tools/bin/../lib/gcc/arm-none-eabi/10.3.1/../../../../arm-none-eabi/lib/thumb/v7e-m+fp/hard\libc_nano.a(lib_a-impure.o)
                              d:/stm32cubeide_1.9.0/stm32cubeide/plugins/com.st.stm32cube.ide.mcu.externaltools.gnu-tools-for-stm32.10.3-2021.10.win32_1.0.200.202301161003/tools/bin/../lib/gcc/arm-none-eabi/10.3.1/../../../../arm-none-eabi/lib/thumb/v7e-m+fp/hard\libc_nano.a(lib_a-exit.o) (_global_impure_ptr)
d:/stm32cubeide_1.9.0/stm32cubeide/plugins/com.st.stm32cube.ide.mcu.externaltools.gnu-tools-for-stm32.10.3-2021.10.win32_1.0.200.202301161003/tools/bin/../lib/gcc/arm-none-eabi/10.3.1/../../../../arm-none-eabi/lib/thumb/v7e-m+fp/hard\libc_nano.a(lib_a-init.o)
                              d:/stm32cubeide_1.9.0/stm32cubeide/plugins/com.st.stm32cube.ide.mcu.externaltools.gnu-tools-for-stm32.10.3-2021.10.win32_1.0.200.202301161003/tools/bin/../lib/gcc/arm-none-eabi/10.3.1/../../../../arm-none-eabi/lib/thumb/v7e-m+fp/hard/crt0.o (__libc_init_array)
d:/stm32cubeide_1.9.0/stm32cubeide/plugins/com.st.stm32cube.ide.mcu.externaltools.gnu-tools-for-stm32.10.3-2021.10.win32_1.0.200.202301161003/tools/bin/../lib/gcc/arm-none-eabi/10.3.1/../../../../arm-none-eabi/lib/thumb/v7e-m+fp/hard\libc_nano.a(lib_a-memcmp.o)
                              ./Third_Party/SEGGER/OS/SEGGER_SYSVIEW_FreeRTOS.o (memcmp)
d:/stm32cubeide_1.9.0/stm32cubeide/plugins/com.st.stm32cube.ide.mcu.externaltools.gnu-tools-for-stm32.10.3-2021.10.win32_1.0.200.202301161003/tools/bin/../lib/gcc/arm-none-eabi/10.3.1/../../../../arm-none-eabi/lib/thumb/v7e-m+fp/hard\libc_nano.a(lib_a-memcpy-stub.o)
                              ./Third_Party/FreeRTOS/org/Source/queue.o (memcpy)
d:/stm32cubeide_1.9.0/stm32cubeide/plugins/com.st.stm32cube.ide.mcu.externaltools.gnu-tools-for-stm32.10.3-2021.10.win32_1.0.200.202301161003/tools/bin/../lib/gcc/arm-none-eabi/10.3.1/../../../../arm-none-eabi/lib/thumb/v7e-m+fp/hard\libc_nano.a(lib_a-memset.o)
                              d:/stm32cubeide_1.9.0/stm32cubeide/plugins/com.st.stm32cube.ide.mcu.externaltools.gnu-tools-for-stm32.10.3-2021.10.win32_1.0.200.202301161003/tools/bin/../lib/gcc/arm-none-eabi/10.3.1/../../../../arm-none-eabi/lib/thumb/v7e-m+fp/hard/crt0.o (memset)
d:/stm32cubeide_1.9.0/stm32cubeide/plugins/com.st.stm32cube.ide.mcu.externaltools.gnu-tools-for-stm32.10.3-2021.10.win32_1.0.200.202301161003/tools/bin/../lib/gcc/arm-none-eabi/10.3.1/../../../../arm-none-eabi/lib/thumb/v7e-m+fp/hard\libc_nano.a(lib_a-rand.o)
                              ./Core/Src/main.o (rand)
d:/stm32cubeide_1.9.0/stm32cubeide/plugins/com.st.stm32cube.ide.mcu.externaltools.gnu-tools-for-stm32.10.3-2021.10.win32_1.0.200.202301161003/tools/bin/../lib/gcc/arm-none-eabi/10.3.1/../../../../arm-none-eabi/lib/thumb/v7e-m+fp/hard\libc_nano.a(lib_a-sprintf.o)
                              ./Core/Src/main.o (sprintf)
d:/stm32cubeide_1.9.0/stm32cubeide/plugins/com.st.stm32cube.ide.mcu.externaltools.gnu-tools-for-stm32.10.3-2021.10.win32_1.0.200.202301161003/tools/bin/../lib/gcc/arm-none-eabi/10.3.1/../../../../arm-none-eabi/lib/thumb/v7e-m+fp/hard\libc_nano.a(lib_a-strlen.o)
                              ./Core/Src/main.o (strlen)
d:/stm32cubeide_1.9.0/stm32cubeide/plugins/com.st.stm32cube.ide.mcu.externaltools.gnu-tools-for-stm32.10.3-2021.10.win32_1.0.200.202301161003/tools/bin/../lib/gcc/arm-none-eabi/10.3.1/../../../../arm-none-eabi/lib/thumb/v7e-m+fp/hard\libc_nano.a(lib_a-assert.o)
                              d:/stm32cubeide_1.9.0/stm32cubeide/plugins/com.st.stm32cube.ide.mcu.externaltools.gnu-tools-for-stm32.10.3-2021.10.win32_1.0.200.202301161003/tools/bin/../lib/gcc/arm-none-eabi/10.3.1/../../../../arm-none-eabi/lib/thumb/v7e-m+fp/hard\libc_nano.a(lib_a-rand.o) (__assert_func)
[...]
Memory Configuration

Name             Origin             Length             Attributes
RAM              0x0000000020000000 0x0000000000018000 xrw
FLASH            0x0000000008000000 0x0000000000080000 xr
*default*        0x0000000000000000 0xffffffffffffffff

Linker script and memory map

LOAD d:/stm32cubeide_1.9.0/stm32cubeide/plugins/com.st.stm32cube.ide.mcu.externaltools.gnu-tools-for-stm32.10.3-2021.10.win32_1.0.200.202301161003/tools/bin/../lib/gcc/arm-none-eabi/10.3.1/thumb/v7e-m+fp/hard/crti.o
LOAD d:/stm32cubeide_1.9.0/stm32cubeide/plugins/com.st.stm32cube.ide.mcu.externaltools.gnu-tools-for-stm32.10.3-2021.10.win32_1.0.200.202301161003/tools/bin/../lib/gcc/arm-none-eabi/10.3.1/thumb/v7e-m+fp/hard/crtbegin.o
LOAD d:/stm32cubeide_1.9.0/stm32cubeide/plugins/com.st.stm32cube.ide.mcu.externaltools.gnu-tools-for-stm32.10.3-2021.10.win32_1.0.200.202301161003/tools/bin/../lib/gcc/arm-none-eabi/10.3.1/../../../../arm-none-eabi/lib/thumb/v7e-m+fp/hard/crt0.o
LOAD ./Core/Src/main.o
LOAD ./Core/Src/stm32f4xx_hal_msp.o
LOAD ./Core/Src/stm32f4xx_hal_timebase_tim.o
LOAD ./Core/Src/stm32f4xx_it.o
LOAD ./Core/Src/syscalls.o
LOAD ./Core/Src/system_stm32f4xx.o
LOAD ./Core/Startup/startup_stm32f401retx.o
LOAD ./Drivers/STM32F4xx_HAL_Driver/Src/stm32f4xx_hal.o
LOAD ./Drivers/STM32F4xx_HAL_Driver/Src/stm32f4xx_hal_cortex.o
LOAD ./Drivers/STM32F4xx_HAL_Driver/Src/stm32f4xx_hal_dma.o
LOAD ./Drivers/STM32F4xx_HAL_Driver/Src/stm32f4xx_hal_dma_ex.o
LOAD ./Drivers/STM32F4xx_HAL_Driver/Src/stm32f4xx_hal_exti.o
LOAD ./Drivers/STM32F4xx_HAL_Driver/Src/stm32f4xx_hal_flash.o
LOAD ./Drivers/STM32F4xx_HAL_Driver/Src/stm32f4xx_hal_flash_ex.o
LOAD ./Drivers/STM32F4xx_HAL_Driver/Src/stm32f4xx_hal_flash_ramfunc.o
LOAD ./Drivers/STM32F4xx_HAL_Driver/Src/stm32f4xx_hal_gpio.o
LOAD ./Drivers/STM32F4xx_HAL_Driver/Src/stm32f4xx_hal_pwr.o
LOAD ./Drivers/STM32F4xx_HAL_Driver/Src/stm32f4xx_hal_pwr_ex.o
LOAD ./Drivers/STM32F4xx_HAL_Driver/Src/stm32f4xx_hal_rcc.o
LOAD ./Drivers/STM32F4xx_HAL_Driver/Src/stm32f4xx_hal_rcc_ex.o
LOAD ./Drivers/STM32F4xx_HAL_Driver/Src/stm32f4xx_hal_tim.o
LOAD ./Drivers/STM32F4xx_HAL_Driver/Src/stm32f4xx_hal_tim_ex.o
LOAD ./Drivers/STM32F4xx_HAL_Driver/Src/stm32f4xx_hal_uart.o
LOAD ./Third_Party/FreeRTOS/org/Source/croutine.o
LOAD ./Third_Party/FreeRTOS/org/Source/event_groups.o
LOAD ./Third_Party/FreeRTOS/org/Source/list.o
LOAD ./Third_Party/FreeRTOS/org/Source/queue.o
LOAD ./Third_Party/FreeRTOS/org/Source/stream_buffer.o
LOAD ./Third_Party/FreeRTOS/org/Source/tasks.o
LOAD ./Third_Party/FreeRTOS/org/Source/timers.o
LOAD ./Third_Party/FreeRTOS/org/Source/portable/GCC/ARM_CM4F/port.o
LOAD ./Third_Party/FreeRTOS/org/Source/portable/MemMang/heap_4.o
LOAD ./Third_Party/SEGGER/Config/SEGGER_SYSVIEW_Config_FreeRTOS.o
LOAD ./Third_Party/SEGGER/OS/SEGGER_SYSVIEW_FreeRTOS.o
LOAD ./Third_Party/SEGGER/SEGGER/SEGGER_RTT.o
LOAD ./Third_Party/SEGGER/SEGGER/SEGGER_RTT_ASM_ARMv7M.o
LOAD ./Third_Party/SEGGER/SEGGER/SEGGER_RTT_printf.o
LOAD ./Third_Party/SEGGER/SEGGER/SEGGER_SYSVIEW.o
LOAD ./Third_Party/SEGGER/SEGGER/Syscalls/SEGGER_RTT_Syscalls_GCC.o
START GROUP
LOAD d:/stm32cubeide_1.9.0/stm32cubeide/plugins/com.st.stm32cube.ide.mcu.externaltools.gnu-tools-for-stm32.10.3-2021.10.win32_1.0.200.202301161003/tools/bin/../lib/gcc/arm-none-eabi/10.3.1/../../../../arm-none-eabi/lib/thumb/v7e-m+fp/hard\libc_nano.a
LOAD d:/stm32cubeide_1.9.0/stm32cubeide/plugins/com.st.stm32cube.ide.mcu.externaltools.gnu-tools-for-stm32.10.3-2021.10.win32_1.0.200.202301161003/tools/bin/../lib/gcc/arm-none-eabi/10.3.1/../../../../arm-none-eabi/lib/thumb/v7e-m+fp/hard\libm.a
END GROUP
START GROUP
LOAD d:/stm32cubeide_1.9.0/stm32cubeide/plugins/com.st.stm32cube.ide.mcu.externaltools.gnu-tools-for-stm32.10.3-2021.10.win32_1.0.200.202301161003/tools/bin/../lib/gcc/arm-none-eabi/10.3.1/thumb/v7e-m+fp/hard\libgcc.a
LOAD d:/stm32cubeide_1.9.0/stm32cubeide/plugins/com.st.stm32cube.ide.mcu.externaltools.gnu-tools-for-stm32.10.3-2021.10.win32_1.0.200.202301161003/tools/bin/../lib/gcc/arm-none-eabi/10.3.1/../../../../arm-none-eabi/lib/thumb/v7e-m+fp/hard\libc_nano.a
END GROUP
START GROUP
LOAD d:/stm32cubeide_1.9.0/stm32cubeide/plugins/com.st.stm32cube.ide.mcu.externaltools.gnu-tools-for-stm32.10.3-2021.10.win32_1.0.200.202301161003/tools/bin/../lib/gcc/arm-none-eabi/10.3.1/thumb/v7e-m+fp/hard\libgcc.a
LOAD d:/stm32cubeide_1.9.0/stm32cubeide/plugins/com.st.stm32cube.ide.mcu.externaltools.gnu-tools-for-stm32.10.3-2021.10.win32_1.0.200.202301161003/tools/bin/../lib/gcc/arm-none-eabi/10.3.1/../../../../arm-none-eabi/lib/thumb/v7e-m+fp/hard\libc_nano.a
LOAD d:/stm32cubeide_1.9.0/stm32cubeide/plugins/com.st.stm32cube.ide.mcu.externaltools.gnu-tools-for-stm32.10.3-2021.10.win32_1.0.200.202301161003/tools/bin/../lib/gcc/arm-none-eabi/10.3.1/../../../../arm-none-eabi/lib/thumb/v7e-m+fp/hard\libnosys.a
END GROUP
START GROUP
LOAD d:/stm32cubeide_1.9.0/stm32cubeide/plugins/com.st.stm32cube.ide.mcu.externaltools.gnu-tools-for-stm32.10.3-2021.10.win32_1.0.200.202301161003/tools/bin/../lib/gcc/arm-none-eabi/10.3.1/thumb/v7e-m+fp/hard\libgcc.a
LOAD d:/stm32cubeide_1.9.0/stm32cubeide/plugins/com.st.stm32cube.ide.mcu.externaltools.gnu-tools-for-stm32.10.3-2021.10.win32_1.0.200.202301161003/tools/bin/../lib/gcc/arm-none-eabi/10.3.1/../../../../arm-none-eabi/lib/thumb/v7e-m+fp/hard\libc_nano.a
LOAD d:/stm32cubeide_1.9.0/stm32cubeide/plugins/com.st.stm32cube.ide.mcu.externaltools.gnu-tools-for-stm32.10.3-2021.10.win32_1.0.200.202301161003/tools/bin/../lib/gcc/arm-none-eabi/10.3.1/../../../../arm-none-eabi/lib/thumb/v7e-m+fp/hard\libnosys.a
END GROUP
LOAD d:/stm32cubeide_1.9.0/stm32cubeide/plugins/com.st.stm32cube.ide.mcu.externaltools.gnu-tools-for-stm32.10.3-2021.10.win32_1.0.200.202301161003/tools/bin/../lib/gcc/arm-none-eabi/10.3.1/thumb/v7e-m+fp/hard/crtend.o
LOAD d:/stm32cubeide_1.9.0/stm32cubeide/plugins/com.st.stm32cube.ide.mcu.externaltools.gnu-tools-for-stm32.10.3-2021.10.win32_1.0.200.202301161003/tools/bin/../lib/gcc/arm-none-eabi/10.3.1/thumb/v7e-m+fp/hard/crtn.o
                0x0000000020018000                _estack = (ORIGIN (RAM) + LENGTH (RAM))
                0x0000000000000200                _Min_Heap_Size = 0x200
                0x0000000000000400                _Min_Stack_Size = 0x400

.isr_vector     0x0000000008000000      0x194
                0x0000000008000000                . = ALIGN (0x4)
 *(.isr_vector)
 .isr_vector    0x0000000008000000      0x194 ./Core/Startup/startup_stm32f401retx.o
                0x0000000008000000                g_pfnVectors
                0x0000000008000194                . = ALIGN (0x4)

.text           0x00000000080001a0     0x9080
                0x00000000080001a0                . = ALIGN (0x4)
 *(.text)
 .text          0x00000000080001a0       0x40 d:/stm32cubeide_1.9.0/stm32cubeide/plugins/com.st.stm32cube.ide.mcu.externaltools.gnu-tools-for-stm32.10.3-2021.10.win32_1.0.200.202301161003/tools/bin/../lib/gcc/arm-none-eabi/10.3.1/thumb/v7e-m+fp/hard/crtbegin.o
 .text          0x00000000080001e0       0x94 ./Third_Party/SEGGER/SEGGER/SEGGER_RTT_ASM_ARMv7M.o
                0x00000000080001e0                SEGGER_RTT_ASM_WriteSkipNoLock
 .text          0x0000000008000274       0x10 d:/stm32cubeide_1.9.0/stm32cubeide/plugins/com.st.stm32cube.ide.mcu.externaltools.gnu-tools-for-stm32.10.3-2021.10.win32_1.0.200.202301161003/tools/bin/../lib/gcc/arm-none-eabi/10.3.1/../../../../arm-none-eabi/lib/thumb/v7e-m+fp/hard\libc_nano.a(lib_a-strlen.o)
                0x0000000008000274                strlen
 *fill*         0x0000000008000284        0xc 
 .text          0x0000000008000290       0xa0 d:/stm32cubeide_1.9.0/stm32cubeide/plugins/com.st.stm32cube.ide.mcu.externaltools.gnu-tools-for-stm32.10.3-2021.10.win32_1.0.200.202301161003/tools/bin/../lib/gcc/arm-none-eabi/10.3.1/../../../../arm-none-eabi/lib/thumb/v7e-m+fp/hard\libc_nano.a(lib_a-memchr.o)
                0x0000000008000290                memchr
 .text          0x0000000008000330       0x30 d:/stm32cubeide_1.9.0/stm32cubeide/plugins/com.st.stm32cube.ide.mcu.externaltools.gnu-tools-for-stm32.10.3-2021.10.win32_1.0.200.202301161003/tools/bin/../lib/gcc/arm-none-eabi/10.3.1/thumb/v7e-m+fp/hard\libgcc.a(_aeabi_uldivmod.o)
                0x0000000008000330                __aeabi_uldivmod
 .text          0x0000000008000360      0x2d0 d:/stm32cubeide_1.9.0/stm32cubeide/plugins/com.st.stm32cube.ide.mcu.externaltools.gnu-tools-for-stm32.10.3-2021.10.win32_1.0.200.202301161003/tools/bin/../lib/gcc/arm-none-eabi/10.3.1/thumb/v7e-m+fp/hard\libgcc.a(_udivmoddi4.o)
                0x0000000008000360                __udivmoddi4
 .text          0x0000000008000630        0x4 d:/stm32cubeide_1.9.0/stm32cubeide/plugins/com.st.stm32cube.ide.mcu.externaltools.gnu-tools-for-stm32.10.3-2021.10.win32_1.0.200.202301161003/tools/bin/../lib/gcc/arm-none-eabi/10.3.1/thumb/v7e-m+fp/hard\libgcc.a(_dvmd_tls.o)
                0x0000000008000630                __aeabi_idiv0
                0x0000000008000630                __aeabi_ldiv0
 *(.text*)
 .text.main     0x0000000008000634      0x104 ./Core/Src/main.o
                0x0000000008000634                main
 .text.SystemClock_Config
                0x0000000008000738       0xd4 ./Core/Src/main.o
                0x0000000008000738                SystemClock_Config
 .text.MX_USART2_UART_Init
                0x000000000800080c       0x54 ./Core/Src/main.o
 .text.MX_GPIO_Init
                0x0000000008000860       0x84 ./Core/Src/main.o
 .text.Manager_Handler
                0x00000000080008e4       0x60 ./Core/Src/main.o
 .text.Employee_Handler
                0x0000000008000944       0x74 ./Core/Src/main.o
 .text.HAL_TIM_PeriodElapsedCallback
                0x00000000080009b8       0x1e ./Core/Src/main.o
                0x00000000080009b8                HAL_TIM_PeriodElapsedCallback
 .text.Error_Handler
                0x00000000080009d6        0xa ./Core/Src/main.o
                0x00000000080009d6                Error_Handler
 .text.HAL_MspInit
                0x00000000080009e0       0x50 ./Core/Src/stm32f4xx_hal_msp.o
                0x00000000080009e0                HAL_MspInit
 .text.HAL_UART_MspInit
                0x0000000008000a30       0xa0 ./Core/Src/stm32f4xx_hal_msp.o
                0x0000000008000a30                HAL_UART_MspInit
 .text.HAL_InitTick
                0x0000000008000ad0       0xf8 ./Core/Src/stm32f4xx_hal_timebase_tim.o
                0x0000000008000ad0                HAL_InitTick
 .text.NMI_Handler
                0x0000000008000bc8        0x6 ./Core/Src/stm32f4xx_it.o
                0x0000000008000bc8                NMI_Handler
 .text.HardFault_Handler
                0x0000000008000bce        0x6 ./Core/Src/stm32f4xx_it.o
                0x0000000008000bce                HardFault_Handler
 .text.MemManage_Handler
                0x0000000008000bd4        0x6 ./Core/Src/stm32f4xx_it.o
                0x0000000008000bd4                MemManage_Handler
 .text.BusFault_Handler
                0x0000000008000bda        0x6 ./Core/Src/stm32f4xx_it.o
                0x0000000008000bda                BusFault_Handler
 .text.UsageFault_Handler
                0x0000000008000be0        0x6 ./Core/Src/stm32f4xx_it.o
                0x0000000008000be0                UsageFault_Handler
 .text.DebugMon_Handler
                0x0000000008000be6        0xe ./Core/Src/stm32f4xx_it.o
                0x0000000008000be6                DebugMon_Handler
 .text.TIM2_IRQHandler
                0x0000000008000bf4       0x14 ./Core/Src/stm32f4xx_it.o
                0x0000000008000bf4                TIM2_IRQHandler
 .text.USART2_IRQHandler
                0x0000000008000c08       0x14 ./Core/Src/stm32f4xx_it.o
                0x0000000008000c08                USART2_IRQHandler
 .text._getpid  0x0000000008000c1c       0x10 ./Core/Src/syscalls.o
                0x0000000008000c1c                _getpid
 .text._kill    0x0000000008000c2c       0x20 ./Core/Src/syscalls.o
                0x0000000008000c2c                _kill
 .text._exit    0x0000000008000c4c       0x14 ./Core/Src/syscalls.o
                0x0000000008000c4c                _exit
 .text._read    0x0000000008000c60       0x3a ./Core/Src/syscalls.o
                0x0000000008000c60                _read
 .text._close   0x0000000008000c9a       0x18 ./Core/Src/syscalls.o
                0x0000000008000c9a                _close
 .text._fstat   0x0000000008000cb2       0x20 ./Core/Src/syscalls.o
                0x0000000008000cb2                _fstat
 .text._isatty  0x0000000008000cd2       0x16 ./Core/Src/syscalls.o
                0x0000000008000cd2                _isatty
 .text._lseek   0x0000000008000ce8       0x1a ./Core/Src/syscalls.o
                0x0000000008000ce8                _lseek
 *fill*         0x0000000008000d02        0x2 
 .text.SystemInit
                0x0000000008000d04       0x24 ./Core/Src/system_stm32f4xx.o
                0x0000000008000d04                SystemInit
 .text.Reset_Handler
                0x0000000008000d28       0x50 ./Core/Startup/startup_stm32f401retx.o
                0x0000000008000d28                Reset_Handler
 .text.Default_Handler
                0x0000000008000d78        0x2 ./Core/Startup/startup_stm32f401retx.o
                0x0000000008000d78                RTC_Alarm_IRQHandler
                0x0000000008000d78                EXTI2_IRQHandler
                0x0000000008000d78                SPI4_IRQHandler
                0x0000000008000d78                TIM1_CC_IRQHandler
                0x0000000008000d78                DMA2_Stream5_IRQHandler
                0x0000000008000d78                DMA1_Stream5_IRQHandler
                0x0000000008000d78                PVD_IRQHandler
                0x0000000008000d78                SDIO_IRQHandler
                0x0000000008000d78                TAMP_STAMP_IRQHandler
                0x0000000008000d78                EXTI3_IRQHandler
                0x0000000008000d78                TIM1_UP_TIM10_IRQHandler
                0x0000000008000d78                I2C3_ER_IRQHandler
                0x0000000008000d78                EXTI0_IRQHandler
                0x0000000008000d78                I2C2_EV_IRQHandler
                0x0000000008000d78                DMA1_Stream2_IRQHandler
                0x0000000008000d78                FPU_IRQHandler
                0x0000000008000d78                DMA2_Stream2_IRQHandler
                0x0000000008000d78                SPI1_IRQHandler
                0x0000000008000d78                TIM1_BRK_TIM9_IRQHandler
                0x0000000008000d78                DMA2_Stream3_IRQHandler
                0x0000000008000d78                USART6_IRQHandler
                0x0000000008000d78                DMA2_Stream0_IRQHandler
                0x0000000008000d78                TIM4_IRQHandler
                0x0000000008000d78                I2C1_EV_IRQHandler
                0x0000000008000d78                DMA1_Stream6_IRQHandler
                0x0000000008000d78                DMA1_Stream1_IRQHandler
                0x0000000008000d78                TIM3_IRQHandler
                0x0000000008000d78                RCC_IRQHandler
                0x0000000008000d78                Default_Handler
                0x0000000008000d78                EXTI15_10_IRQHandler
                0x0000000008000d78                ADC_IRQHandler
                0x0000000008000d78                DMA1_Stream7_IRQHandler
                0x0000000008000d78                TIM5_IRQHandler
                0x0000000008000d78                DMA2_Stream7_IRQHandler
                0x0000000008000d78                I2C3_EV_IRQHandler
                0x0000000008000d78                EXTI9_5_IRQHandler
                0x0000000008000d78                RTC_WKUP_IRQHandler
                0x0000000008000d78                SPI2_IRQHandler
                0x0000000008000d78                DMA1_Stream0_IRQHandler
                0x0000000008000d78                EXTI4_IRQHandler
                0x0000000008000d78                WWDG_IRQHandler
                0x0000000008000d78                OTG_FS_WKUP_IRQHandler
                0x0000000008000d78                TIM1_TRG_COM_TIM11_IRQHandler
                0x0000000008000d78                EXTI1_IRQHandler
                0x0000000008000d78                I2C2_ER_IRQHandler
                0x0000000008000d78                DMA2_Stream1_IRQHandler
                0x0000000008000d78                FLASH_IRQHandler
                0x0000000008000d78                DMA2_Stream4_IRQHandler
                0x0000000008000d78                USART1_IRQHandler
                0x0000000008000d78                OTG_FS_IRQHandler
                0x0000000008000d78                SPI3_IRQHandler
                0x0000000008000d78                DMA1_Stream4_IRQHandler
                0x0000000008000d78                I2C1_ER_IRQHandler
                0x0000000008000d78                DMA2_Stream6_IRQHandler
                0x0000000008000d78                DMA1_Stream3_IRQHandler
 *fill*         0x0000000008000d7a        0x2 
 .text.HAL_Init
                0x0000000008000d7c       0x44 ./Drivers/STM32F4xx_HAL_Driver/Src/stm32f4xx_hal.o
                0x0000000008000d7c                HAL_Init
 .text.HAL_IncTick
                0x0000000008000dc0       0x28 ./Drivers/STM32F4xx_HAL_Driver/Src/stm32f4xx_hal.o
                0x0000000008000dc0                HAL_IncTick
 .text.HAL_GetTick
                0x0000000008000de8       0x18 ./Drivers/STM32F4xx_HAL_Driver/Src/stm32f4xx_hal.o
                0x0000000008000de8                HAL_GetTick
 .text.__NVIC_SetPriorityGrouping
                0x0000000008000e00       0x48 ./Drivers/STM32F4xx_HAL_Driver/Src/stm32f4xx_hal_cortex.o
 .text.__NVIC_GetPriorityGrouping
                0x0000000008000e48       0x1c ./Drivers/STM32F4xx_HAL_Driver/Src/stm32f4xx_hal_cortex.o
 .text.__NVIC_EnableIRQ
                0x0000000008000e64       0x3c ./Drivers/STM32F4xx_HAL_Driver/Src/stm32f4xx_hal_cortex.o
 .text.__NVIC_SetPriority
                0x0000000008000ea0       0x54 ./Drivers/STM32F4xx_HAL_Driver/Src/stm32f4xx_hal_cortex.o
 .text.NVIC_EncodePriority
                0x0000000008000ef4       0x66 ./Drivers/STM32F4xx_HAL_Driver/Src/stm32f4xx_hal_cortex.o
 .text.HAL_NVIC_SetPriorityGrouping
                0x0000000008000f5a       0x16 ./Drivers/STM32F4xx_HAL_Driver/Src/stm32f4xx_hal_cortex.o
                0x0000000008000f5a                HAL_NVIC_SetPriorityGrouping
 .text.HAL_NVIC_SetPriority
                0x0000000008000f70       0x38 ./Drivers/STM32F4xx_HAL_Driver/Src/stm32f4xx_hal_cortex.o
                0x0000000008000f70                HAL_NVIC_SetPriority
 .text.HAL_NVIC_EnableIRQ
                0x0000000008000fa8       0x1c ./Drivers/STM32F4xx_HAL_Driver/Src/stm32f4xx_hal_cortex.o
                0x0000000008000fa8                HAL_NVIC_EnableIRQ
 .text.HAL_DMA_Abort
                0x0000000008000fc4       0xe0 ./Drivers/STM32F4xx_HAL_Driver/Src/stm32f4xx_hal_dma.o
                0x0000000008000fc4                HAL_DMA_Abort
 .text.HAL_DMA_Abort_IT
                0x00000000080010a4       0x44 ./Drivers/STM32F4xx_HAL_Driver/Src/stm32f4xx_hal_dma.o
                0x00000000080010a4                HAL_DMA_Abort_IT
 .text.HAL_GPIO_Init
                0x00000000080010e8      0x308 ./Drivers/STM32F4xx_HAL_Driver/Src/stm32f4xx_hal_gpio.o
                0x00000000080010e8                HAL_GPIO_Init
 .text.HAL_GPIO_WritePin
                0x00000000080013f0       0x32 ./Drivers/STM32F4xx_HAL_Driver/Src/stm32f4xx_hal_gpio.o
                0x00000000080013f0                HAL_GPIO_WritePin
 *fill*         0x0000000008001422        0x2 
 .text.HAL_RCC_OscConfig
                0x0000000008001424      0x4f0 ./Drivers/STM32F4xx_HAL_Driver/Src/stm32f4xx_hal_rcc.o
                0x0000000008001424                HAL_RCC_OscConfig
 .text.HAL_RCC_ClockConfig
                0x0000000008001914      0x1cc ./Drivers/STM32F4xx_HAL_Driver/Src/stm32f4xx_hal_rcc.o
                0x0000000008001914                HAL_RCC_ClockConfig
 .text.HAL_RCC_GetSysClockFreq
                0x0000000008001ae0      0x18c ./Drivers/STM32F4xx_HAL_Driver/Src/stm32f4xx_hal_rcc.o
                0x0000000008001ae0                HAL_RCC_GetSysClockFreq
 .text.HAL_RCC_GetHCLKFreq
                0x0000000008001c6c       0x18 ./Drivers/STM32F4xx_HAL_Driver/Src/stm32f4xx_hal_rcc.o
                0x0000000008001c6c                HAL_RCC_GetHCLKFreq
 .text.HAL_RCC_GetPCLK1Freq
                0x0000000008001c84       0x28 ./Drivers/STM32F4xx_HAL_Driver/Src/stm32f4xx_hal_rcc.o
                0x0000000008001c84                HAL_RCC_GetPCLK1Freq
 .text.HAL_RCC_GetPCLK2Freq
                0x0000000008001cac       0x28 ./Drivers/STM32F4xx_HAL_Driver/Src/stm32f4xx_hal_rcc.o
                0x0000000008001cac                HAL_RCC_GetPCLK2Freq
 .text.HAL_RCC_GetClockConfig
                0x0000000008001cd4       0x64 ./Drivers/STM32F4xx_HAL_Driver/Src/stm32f4xx_hal_rcc.o
                0x0000000008001cd4                HAL_RCC_GetClockConfig
 .text.HAL_TIM_Base_Init
                0x0000000008001d38       0x9e ./Drivers/STM32F4xx_HAL_Driver/Src/stm32f4xx_hal_tim.o
                0x0000000008001d38                HAL_TIM_Base_Init
 .text.HAL_TIM_Base_MspInit
                0x0000000008001dd6       0x14 ./Drivers/STM32F4xx_HAL_Driver/Src/stm32f4xx_hal_tim.o
                0x0000000008001dd6                HAL_TIM_Base_MspInit
 *fill*         0x0000000008001dea        0x2 
 .text.HAL_TIM_Base_Start_IT
                0x0000000008001dec       0xc4 ./Drivers/STM32F4xx_HAL_Driver/Src/stm32f4xx_hal_tim.o
                0x0000000008001dec                HAL_TIM_Base_Start_IT
 .text.HAL_TIM_IRQHandler
                0x0000000008001eb0      0x210 ./Drivers/STM32F4xx_HAL_Driver/Src/stm32f4xx_hal_tim.o
                0x0000000008001eb0                HAL_TIM_IRQHandler
 .text.HAL_TIM_OC_DelayElapsedCallback
                0x00000000080020c0       0x14 ./Drivers/STM32F4xx_HAL_Driver/Src/stm32f4xx_hal_tim.o
                0x00000000080020c0                HAL_TIM_OC_DelayElapsedCallback
 .text.HAL_TIM_IC_CaptureCallback
                0x00000000080020d4       0x14 ./Drivers/STM32F4xx_HAL_Driver/Src/stm32f4xx_hal_tim.o
                0x00000000080020d4                HAL_TIM_IC_CaptureCallback
 .text.HAL_TIM_PWM_PulseFinishedCallback
                0x00000000080020e8       0x14 ./Drivers/STM32F4xx_HAL_Driver/Src/stm32f4xx_hal_tim.o
                0x00000000080020e8                HAL_TIM_PWM_PulseFinishedCallback
 .text.HAL_TIM_TriggerCallback
                0x00000000080020fc       0x14 ./Drivers/STM32F4xx_HAL_Driver/Src/stm32f4xx_hal_tim.o
                0x00000000080020fc                HAL_TIM_TriggerCallback
 .text.TIM_Base_SetConfig
                0x0000000008002110      0x100 ./Drivers/STM32F4xx_HAL_Driver/Src/stm32f4xx_hal_tim.o
                0x0000000008002110                TIM_Base_SetConfig
 .text.HAL_TIMEx_CommutCallback
                0x0000000008002210       0x14 ./Drivers/STM32F4xx_HAL_Driver/Src/stm32f4xx_hal_tim_ex.o
                0x0000000008002210                HAL_TIMEx_CommutCallback
 .text.HAL_TIMEx_BreakCallback
                0x0000000008002224       0x14 ./Drivers/STM32F4xx_HAL_Driver/Src/stm32f4xx_hal_tim_ex.o
                0x0000000008002224                HAL_TIMEx_BreakCallback
 .text.HAL_UART_Init
                0x0000000008002238       0x9a ./Drivers/STM32F4xx_HAL_Driver/Src/stm32f4xx_hal_uart.o
                0x0000000008002238                HAL_UART_Init
 .text.HAL_UART_Transmit
                0x00000000080022d2      0x124 ./Drivers/STM32F4xx_HAL_Driver/Src/stm32f4xx_hal_uart.o
                0x00000000080022d2                HAL_UART_Transmit
 *fill*         0x00000000080023f6        0x2 
 .text.HAL_UART_IRQHandler
                0x00000000080023f8      0x51c ./Drivers/STM32F4xx_HAL_Driver/Src/stm32f4xx_hal_uart.o
                0x00000000080023f8                HAL_UART_IRQHandler
 .text.HAL_UART_TxCpltCallback
                0x0000000008002914       0x14 ./Drivers/STM32F4xx_HAL_Driver/Src/stm32f4xx_hal_uart.o
                0x0000000008002914                HAL_UART_TxCpltCallback
 .text.HAL_UART_RxCpltCallback
                0x0000000008002928       0x14 ./Drivers/STM32F4xx_HAL_Driver/Src/stm32f4xx_hal_uart.o
                0x0000000008002928                HAL_UART_RxCpltCallback
 .text.HAL_UART_ErrorCallback
                0x000000000800293c       0x14 ./Drivers/STM32F4xx_HAL_Driver/Src/stm32f4xx_hal_uart.o
                0x000000000800293c                HAL_UART_ErrorCallback
 .text.HAL_UARTEx_RxEventCallback
                0x0000000008002950       0x18 ./Drivers/STM32F4xx_HAL_Driver/Src/stm32f4xx_hal_uart.o
                0x0000000008002950                HAL_UARTEx_RxEventCallback
 .text.UART_WaitOnFlagUntilTimeout
                0x0000000008002968       0xdc ./Drivers/STM32F4xx_HAL_Driver/Src/stm32f4xx_hal_uart.o
 .text.UART_EndRxTransfer
                0x0000000008002a44       0xc6 ./Drivers/STM32F4xx_HAL_Driver/Src/stm32f4xx_hal_uart.o
 .text.UART_DMAAbortOnError
                0x0000000008002b0a       0x28 ./Drivers/STM32F4xx_HAL_Driver/Src/stm32f4xx_hal_uart.o
 .text.UART_Transmit_IT
                0x0000000008002b32       0xa0 ./Drivers/STM32F4xx_HAL_Driver/Src/stm32f4xx_hal_uart.o
 .text.UART_EndTransmit_IT
                0x0000000008002bd2       0x30 ./Drivers/STM32F4xx_HAL_Driver/Src/stm32f4xx_hal_uart.o
 .text.UART_Receive_IT
                0x0000000008002c02      0x176 ./Drivers/STM32F4xx_HAL_Driver/Src/stm32f4xx_hal_uart.o
 .text.UART_SetConfig
                0x0000000008002d78      0x4e8 ./Drivers/STM32F4xx_HAL_Driver/Src/stm32f4xx_hal_uart.o
 .text.vListInitialise
                0x0000000008003260       0x40 ./Third_Party/FreeRTOS/org/Source/list.o
                0x0000000008003260                vListInitialise
 .text.vListInitialiseItem
                0x00000000080032a0       0x1a ./Third_Party/FreeRTOS/org/Source/list.o
                0x00000000080032a0                vListInitialiseItem
 .text.vListInsert
                0x00000000080032ba       0x72 ./Third_Party/FreeRTOS/org/Source/list.o
                0x00000000080032ba                vListInsert
 .text.uxListRemove
                0x000000000800332c       0x54 ./Third_Party/FreeRTOS/org/Source/list.o
                0x000000000800332c                uxListRemove
 .text.xQueueGenericReset
                0x0000000008003380      0x120 ./Third_Party/FreeRTOS/org/Source/queue.o
                0x0000000008003380                xQueueGenericReset
 .text.xQueueGenericCreate
                0x00000000080034a0       0x9c ./Third_Party/FreeRTOS/org/Source/queue.o
                0x00000000080034a0                xQueueGenericCreate
 .text.prvInitialiseNewQueue
                0x000000000800353c       0x52 ./Third_Party/FreeRTOS/org/Source/queue.o
 *fill*         0x000000000800358e        0x2 
 .text.xQueueGenericSend
                0x0000000008003590      0x24c ./Third_Party/FreeRTOS/org/Source/queue.o
                0x0000000008003590                xQueueGenericSend
 .text.xQueueReceive
                0x00000000080037dc      0x220 ./Third_Party/FreeRTOS/org/Source/queue.o
                0x00000000080037dc                xQueueReceive
 .text.xQueueSemaphoreTake
                0x00000000080039fc      0x25c ./Third_Party/FreeRTOS/org/Source/queue.o
                0x00000000080039fc                xQueueSemaphoreTake
 .text.prvGetDisinheritPriorityAfterTimeout
                0x0000000008003c58       0x30 ./Third_Party/FreeRTOS/org/Source/queue.o
 .text.prvCopyDataToQueue
                0x0000000008003c88       0xd4 ./Third_Party/FreeRTOS/org/Source/queue.o
 .text.prvCopyDataFromQueue
                0x0000000008003d5c       0x4c ./Third_Party/FreeRTOS/org/Source/queue.o
 .text.prvUnlockQueue
                0x0000000008003da8       0xa4 ./Third_Party/FreeRTOS/org/Source/queue.o
 .text.prvIsQueueEmpty
                0x0000000008003e4c       0x2c ./Third_Party/FreeRTOS/org/Source/queue.o
 .text.prvIsQueueFull
                0x0000000008003e78       0x30 ./Third_Party/FreeRTOS/org/Source/queue.o
 .text.vQueueAddToRegistry
                0x0000000008003ea8       0xac ./Third_Party/FreeRTOS/org/Source/queue.o
                0x0000000008003ea8                vQueueAddToRegistry
 .text.vQueueWaitForMessageRestricted
                0x0000000008003f54       0x68 ./Third_Party/FreeRTOS/org/Source/queue.o
                0x0000000008003f54                vQueueWaitForMessageRestricted
 .text.xTaskCreate
                0x0000000008003fbc       0x8c ./Third_Party/FreeRTOS/org/Source/tasks.o
                0x0000000008003fbc                xTaskCreate
 .text.prvInitialiseNewTask
                0x0000000008004048      0x11c ./Third_Party/FreeRTOS/org/Source/tasks.o
 .text.prvAddNewTaskToReadyList
                0x0000000008004164      0x168 ./Third_Party/FreeRTOS/org/Source/tasks.o
 .text.vTaskDelay
                0x00000000080042cc       0x70 ./Third_Party/FreeRTOS/org/Source/tasks.o
                0x00000000080042cc                vTaskDelay
 .text.vTaskStartScheduler
                0x000000000800433c       0xc4 ./Third_Party/FreeRTOS/org/Source/tasks.o
                0x000000000800433c                vTaskStartScheduler
 .text.vTaskSuspendAll
                0x0000000008004400       0x1c ./Third_Party/FreeRTOS/org/Source/tasks.o
                0x0000000008004400                vTaskSuspendAll
 .text.xTaskResumeAll
                0x000000000800441c      0x200 ./Third_Party/FreeRTOS/org/Source/tasks.o
                0x000000000800441c                xTaskResumeAll
 .text.xTaskGetTickCount
                0x000000000800461c       0x20 ./Third_Party/FreeRTOS/org/Source/tasks.o
                0x000000000800461c                xTaskGetTickCount
 .text.xTaskGetTickCountFromISR
                0x000000000800463c       0x24 ./Third_Party/FreeRTOS/org/Source/tasks.o
                0x000000000800463c                xTaskGetTickCountFromISR
 .text.xTaskIncrementTick
                0x0000000008004660      0x234 ./Third_Party/FreeRTOS/org/Source/tasks.o
                0x0000000008004660                xTaskIncrementTick
 .text.vTaskSwitchContext
                0x0000000008004894       0xd4 ./Third_Party/FreeRTOS/org/Source/tasks.o
                0x0000000008004894                vTaskSwitchContext
 .text.vTaskPlaceOnEventList
                0x0000000008004968       0x48 ./Third_Party/FreeRTOS/org/Source/tasks.o
                0x0000000008004968                vTaskPlaceOnEventList
 .text.vTaskPlaceOnEventListRestricted
                0x00000000080049b0       0x90 ./Third_Party/FreeRTOS/org/Source/tasks.o
                0x00000000080049b0                vTaskPlaceOnEventListRestricted
 .text.xTaskRemoveFromEventList
                0x0000000008004a40      0x1b0 ./Third_Party/FreeRTOS/org/Source/tasks.o
                0x0000000008004a40                xTaskRemoveFromEventList
 .text.vTaskInternalSetTimeOutState
                0x0000000008004bf0       0x2c ./Third_Party/FreeRTOS/org/Source/tasks.o
                0x0000000008004bf0                vTaskInternalSetTimeOutState
 .text.xTaskCheckForTimeOut
                0x0000000008004c1c       0xcc ./Third_Party/FreeRTOS/org/Source/tasks.o
                0x0000000008004c1c                xTaskCheckForTimeOut
 .text.vTaskMissedYield
                0x0000000008004ce8       0x18 ./Third_Party/FreeRTOS/org/Source/tasks.o
                0x0000000008004ce8                vTaskMissedYield
 .text.prvIdleTask
                0x0000000008004d00       0x30 ./Third_Party/FreeRTOS/org/Source/tasks.o
 .text.prvInitialiseTaskLists
                0x0000000008004d30       0x80 ./Third_Party/FreeRTOS/org/Source/tasks.o
 .text.prvCheckTasksWaitingTermination
                0x0000000008004db0       0x5c ./Third_Party/FreeRTOS/org/Source/tasks.o
 .text.prvDeleteTCB
                0x0000000008004e0c       0x20 ./Third_Party/FreeRTOS/org/Source/tasks.o
 .text.prvResetNextTaskUnblockTime
                0x0000000008004e2c       0x38 ./Third_Party/FreeRTOS/org/Source/tasks.o
 .text.xTaskGetSchedulerState
                0x0000000008004e64       0x3c ./Third_Party/FreeRTOS/org/Source/tasks.o
                0x0000000008004e64                xTaskGetSchedulerState
 .text.xTaskPriorityInherit
                0x0000000008004ea0      0x150 ./Third_Party/FreeRTOS/org/Source/tasks.o
                0x0000000008004ea0                xTaskPriorityInherit
 .text.xTaskPriorityDisinherit
                0x0000000008004ff0      0x158 ./Third_Party/FreeRTOS/org/Source/tasks.o
                0x0000000008004ff0                xTaskPriorityDisinherit
 .text.vTaskPriorityDisinheritAfterTimeout
                0x0000000008005148      0x184 ./Third_Party/FreeRTOS/org/Source/tasks.o
                0x0000000008005148                vTaskPriorityDisinheritAfterTimeout
 .text.pvTaskIncrementMutexHeldCount
                0x00000000080052cc       0x28 ./Third_Party/FreeRTOS/org/Source/tasks.o
                0x00000000080052cc                pvTaskIncrementMutexHeldCount
 .text.prvAddCurrentTaskToDelayedList
                0x00000000080052f4      0x100 ./Third_Party/FreeRTOS/org/Source/tasks.o
 .text.xTimerCreateTimerTask
                0x00000000080053f4       0x64 ./Third_Party/FreeRTOS/org/Source/timers.o
                0x00000000080053f4                xTimerCreateTimerTask
 .text.prvReloadTimer
                0x0000000008005458       0x42 ./Third_Party/FreeRTOS/org/Source/timers.o
 *fill*         0x000000000800549a        0x2 
 .text.prvProcessExpiredTimer
                0x000000000800549c       0x60 ./Third_Party/FreeRTOS/org/Source/timers.o
 .text.prvTimerTask
                0x00000000080054fc       0x24 ./Third_Party/FreeRTOS/org/Source/timers.o
 .text.prvProcessTimerOrBlockTask
                0x0000000008005520       0x9c ./Third_Party/FreeRTOS/org/Source/timers.o
 .text.prvGetNextExpireTime
                0x00000000080055bc       0x48 ./Third_Party/FreeRTOS/org/Source/timers.o
 .text.prvSampleTimeNow
                0x0000000008005604       0x40 ./Third_Party/FreeRTOS/org/Source/timers.o
 .text.prvInsertTimerInActiveList
                0x0000000008005644       0x84 ./Third_Party/FreeRTOS/org/Source/timers.o
 .text.prvProcessReceivedCommands
                0x00000000080056c8      0x17c ./Third_Party/FreeRTOS/org/Source/timers.o
 .text.prvSwitchTimerLists
                0x0000000008005844       0x4c ./Third_Party/FreeRTOS/org/Source/timers.o
 .text.prvCheckForValidListAndQueue
                0x0000000008005890       0x6c ./Third_Party/FreeRTOS/org/Source/timers.o
 .text.pxPortInitialiseStack
                0x00000000080058fc       0x68 ./Third_Party/FreeRTOS/org/Source/portable/GCC/ARM_CM4F/port.o
                0x00000000080058fc                pxPortInitialiseStack
 .text.prvTaskExitError
                0x0000000008005964       0x58 ./Third_Party/FreeRTOS/org/Source/portable/GCC/ARM_CM4F/port.o
 *fill*         0x00000000080059bc        0x4 
 .text.SVC_Handler
                0x00000000080059c0       0x28 ./Third_Party/FreeRTOS/org/Source/portable/GCC/ARM_CM4F/port.o
                0x00000000080059c0                SVC_Handler
 .text.prvPortStartFirstTask
                0x00000000080059e8       0x2c ./Third_Party/FreeRTOS/org/Source/portable/GCC/ARM_CM4F/port.o
 .text.xPortStartScheduler
                0x0000000008005a14      0x144 ./Third_Party/FreeRTOS/org/Source/portable/GCC/ARM_CM4F/port.o
                0x0000000008005a14                xPortStartScheduler
 .text.vPortEnterCritical
                0x0000000008005b58       0x60 ./Third_Party/FreeRTOS/org/Source/portable/GCC/ARM_CM4F/port.o
                0x0000000008005b58                vPortEnterCritical
 .text.vPortExitCritical
                0x0000000008005bb8       0x54 ./Third_Party/FreeRTOS/org/Source/portable/GCC/ARM_CM4F/port.o
                0x0000000008005bb8                vPortExitCritical
 *fill*         0x0000000008005c0c        0x4 
 .text.PendSV_Handler
                0x0000000008005c10       0x68 ./Third_Party/FreeRTOS/org/Source/portable/GCC/ARM_CM4F/port.o
                0x0000000008005c10                PendSV_Handler
 .text.SysTick_Handler
                0x0000000008005c78       0x44 ./Third_Party/FreeRTOS/org/Source/portable/GCC/ARM_CM4F/port.o
                0x0000000008005c78                SysTick_Handler
 .text.vPortSetupTimerInterrupt
                0x0000000008005cbc       0x48 ./Third_Party/FreeRTOS/org/Source/portable/GCC/ARM_CM4F/port.o
                0x0000000008005cbc                vPortSetupTimerInterrupt
 .text.vPortEnableVFP
                0x0000000008005d04       0x18 ./Third_Party/FreeRTOS/org/Source/portable/GCC/ARM_CM4F/port.o
 .text.vSetVarulMaxPRIGROUPValue
                0x0000000008005d1c       0x8c ./Third_Party/FreeRTOS/org/Source/portable/GCC/ARM_CM4F/port.o
                0x0000000008005d1c                vSetVarulMaxPRIGROUPValue
 .text.vPortValidateInterruptPriority
                0x0000000008005da8       0x80 ./Third_Party/FreeRTOS/org/Source/portable/GCC/ARM_CM4F/port.o
                0x0000000008005da8                vPortValidateInterruptPriority
 .text.pvPortMalloc
                0x0000000008005e28      0x174 ./Third_Party/FreeRTOS/org/Source/portable/MemMang/heap_4.o
                0x0000000008005e28                pvPortMalloc
 .text.vPortFree
                0x0000000008005f9c       0xb8 ./Third_Party/FreeRTOS/org/Source/portable/MemMang/heap_4.o
                0x0000000008005f9c                vPortFree
 .text.prvHeapInit
                0x0000000008006054       0xb8 ./Third_Party/FreeRTOS/org/Source/portable/MemMang/heap_4.o
 .text.prvInsertBlockIntoFreeList
                0x000000000800610c       0xb4 ./Third_Party/FreeRTOS/org/Source/portable/MemMang/heap_4.o
 .text._cbSendSystemDesc
                0x00000000080061c0       0x1c ./Third_Party/SEGGER/Config/SEGGER_SYSVIEW_Config_FreeRTOS.o
 .text.SEGGER_SYSVIEW_Conf
                0x00000000080061dc       0x2c ./Third_Party/SEGGER/Config/SEGGER_SYSVIEW_Config_FreeRTOS.o
                0x00000000080061dc                SEGGER_SYSVIEW_Conf
 .text._cbSendTaskList
                0x0000000008006208       0x90 ./Third_Party/SEGGER/OS/SEGGER_SYSVIEW_FreeRTOS.o
 .text._cbGetTime
                0x0000000008006298       0x86 ./Third_Party/SEGGER/OS/SEGGER_SYSVIEW_FreeRTOS.o
 *fill*         0x000000000800631e        0x2 
 .text.SYSVIEW_AddTask
                0x0000000008006320       0xd0 ./Third_Party/SEGGER/OS/SEGGER_SYSVIEW_FreeRTOS.o
                0x0000000008006320                SYSVIEW_AddTask
 .text.SYSVIEW_SendTaskInfo
                0x00000000080063f0       0x42 ./Third_Party/SEGGER/OS/SEGGER_SYSVIEW_FreeRTOS.o
                0x00000000080063f0                SYSVIEW_SendTaskInfo
 *fill*         0x0000000008006432        0x2 
 .text._DoInit  0x0000000008006434       0xb4 ./Third_Party/SEGGER/SEGGER/SEGGER_RTT.o
 .text._WriteBlocking
                0x00000000080064e8       0xba ./Third_Party/SEGGER/SEGGER/SEGGER_RTT.o
 .text._WriteNoCheck
                0x00000000080065a2       0x90 ./Third_Party/SEGGER/SEGGER/SEGGER_RTT.o
 .text._GetAvailWriteSpace
                0x0000000008006632       0x46 ./Third_Party/SEGGER/SEGGER/SEGGER_RTT.o
 .text.SEGGER_RTT_ReadNoLock
                0x0000000008006678      0x10c ./Third_Party/SEGGER/SEGGER/SEGGER_RTT.o
                0x0000000008006678                SEGGER_RTT_ReadNoLock
 .text.SEGGER_RTT_WriteNoLock
                0x0000000008006784       0xa0 ./Third_Party/SEGGER/SEGGER/SEGGER_RTT.o
                0x0000000008006784                SEGGER_RTT_WriteNoLock
 .text.SEGGER_RTT_Write
                0x0000000008006824       0x4c ./Third_Party/SEGGER/SEGGER/SEGGER_RTT.o
                0x0000000008006824                SEGGER_RTT_Write
 .text.SEGGER_RTT_AllocUpBuffer
                0x0000000008006870      0x108 ./Third_Party/SEGGER/SEGGER/SEGGER_RTT.o
                0x0000000008006870                SEGGER_RTT_AllocUpBuffer
 .text.SEGGER_RTT_ConfigDownBuffer
                0x0000000008006978       0x98 ./Third_Party/SEGGER/SEGGER/SEGGER_RTT.o
                0x0000000008006978                SEGGER_RTT_ConfigDownBuffer
 .text._EncodeStr
                0x0000000008006a10       0x60 ./Third_Party/SEGGER/SEGGER/SEGGER_SYSVIEW.o
 .text._PreparePacket
                0x0000000008006a70       0x18 ./Third_Party/SEGGER/SEGGER/SEGGER_SYSVIEW.o
 .text._HandleIncomingPacket
                0x0000000008006a88       0xe0 ./Third_Party/SEGGER/SEGGER/SEGGER_SYSVIEW.o
 .text._TrySendOverflowPacket
                0x0000000008006b68       0xe4 ./Third_Party/SEGGER/SEGGER/SEGGER_SYSVIEW.o
 .text._SendPacket
                0x0000000008006c4c      0x2dc ./Third_Party/SEGGER/SEGGER/SEGGER_SYSVIEW.o
 .text.SEGGER_SYSVIEW_Init
                0x0000000008006f28       0x88 ./Third_Party/SEGGER/SEGGER/SEGGER_SYSVIEW.o
                0x0000000008006f28                SEGGER_SYSVIEW_Init
 .text.SEGGER_SYSVIEW_SetRAMBase
                0x0000000008006fb0       0x20 ./Third_Party/SEGGER/SEGGER/SEGGER_SYSVIEW.o
                0x0000000008006fb0                SEGGER_SYSVIEW_SetRAMBase
 .text.SEGGER_SYSVIEW_RecordVoid
                0x0000000008006fd0       0x3c ./Third_Party/SEGGER/SEGGER/SEGGER_SYSVIEW.o
                0x0000000008006fd0                SEGGER_SYSVIEW_RecordVoid
 .text.SEGGER_SYSVIEW_RecordU32
                0x000000000800700c       0x78 ./Third_Party/SEGGER/SEGGER/SEGGER_SYSVIEW.o
                0x000000000800700c                SEGGER_SYSVIEW_RecordU32
 .text.SEGGER_SYSVIEW_RecordU32x2
                0x0000000008007084       0xb4 ./Third_Party/SEGGER/SEGGER/SEGGER_SYSVIEW.o
                0x0000000008007084                SEGGER_SYSVIEW_RecordU32x2
 .text.SEGGER_SYSVIEW_RecordU32x3
                0x0000000008007138       0xec ./Third_Party/SEGGER/SEGGER/SEGGER_SYSVIEW.o
                0x0000000008007138                SEGGER_SYSVIEW_RecordU32x3
 .text.SEGGER_SYSVIEW_RecordU32x4
                0x0000000008007224      0x124 ./Third_Party/SEGGER/SEGGER/SEGGER_SYSVIEW.o
                0x0000000008007224                SEGGER_SYSVIEW_RecordU32x4
 .text.SEGGER_SYSVIEW_Start
                0x0000000008007348      0x174 ./Third_Party/SEGGER/SEGGER/SEGGER_SYSVIEW.o
                0x0000000008007348                SEGGER_SYSVIEW_Start
 .text.SEGGER_SYSVIEW_Stop
                0x00000000080074bc       0x4c ./Third_Party/SEGGER/SEGGER/SEGGER_SYSVIEW.o
                0x00000000080074bc                SEGGER_SYSVIEW_Stop
 .text.SEGGER_SYSVIEW_GetSysDesc
                0x0000000008007508      0x134 ./Third_Party/SEGGER/SEGGER/SEGGER_SYSVIEW.o
                0x0000000008007508                SEGGER_SYSVIEW_GetSysDesc
 .text.SEGGER_SYSVIEW_SendTaskInfo
                0x000000000800763c      0x1c8 ./Third_Party/SEGGER/SEGGER/SEGGER_SYSVIEW.o
                0x000000000800763c                SEGGER_SYSVIEW_SendTaskInfo
 .text.SEGGER_SYSVIEW_SendTaskList
                0x0000000008007804       0x28 ./Third_Party/SEGGER/SEGGER/SEGGER_SYSVIEW.o
                0x0000000008007804                SEGGER_SYSVIEW_SendTaskList
 .text.SEGGER_SYSVIEW_SendSysDesc
                0x000000000800782c       0x48 ./Third_Party/SEGGER/SEGGER/SEGGER_SYSVIEW.o
                0x000000000800782c                SEGGER_SYSVIEW_SendSysDesc
 .text.SEGGER_SYSVIEW_RecordSystime
                0x0000000008007874       0x64 ./Third_Party/SEGGER/SEGGER/SEGGER_SYSVIEW.o
                0x0000000008007874                SEGGER_SYSVIEW_RecordSystime
 .text.SEGGER_SYSVIEW_OnIdle
                0x00000000080078d8       0x38 ./Third_Party/SEGGER/SEGGER/SEGGER_SYSVIEW.o
                0x00000000080078d8                SEGGER_SYSVIEW_OnIdle
 .text.SEGGER_SYSVIEW_OnTaskCreate
                0x0000000008007910       0x84 ./Third_Party/SEGGER/SEGGER/SEGGER_SYSVIEW.o
                0x0000000008007910                SEGGER_SYSVIEW_OnTaskCreate
 .text.SEGGER_SYSVIEW_OnTaskStartExec
                0x0000000008007994       0x84 ./Third_Party/SEGGER/SEGGER/SEGGER_SYSVIEW.o
                0x0000000008007994                SEGGER_SYSVIEW_OnTaskStartExec
 .text.SEGGER_SYSVIEW_OnTaskStartReady
                0x0000000008007a18       0x84 ./Third_Party/SEGGER/SEGGER/SEGGER_SYSVIEW.o
                0x0000000008007a18                SEGGER_SYSVIEW_OnTaskStartReady
 .text.SEGGER_SYSVIEW_ShrinkId
                0x0000000008007a9c       0x20 ./Third_Party/SEGGER/SEGGER/SEGGER_SYSVIEW.o
                0x0000000008007a9c                SEGGER_SYSVIEW_ShrinkId
 .text.SEGGER_SYSVIEW_SendModule
                0x0000000008007abc      0x114 ./Third_Party/SEGGER/SEGGER/SEGGER_SYSVIEW.o
                0x0000000008007abc                SEGGER_SYSVIEW_SendModule
 .text.SEGGER_SYSVIEW_SendModuleDescription
                0x0000000008007bd0       0x3c ./Third_Party/SEGGER/SEGGER/SEGGER_SYSVIEW.o
                0x0000000008007bd0                SEGGER_SYSVIEW_SendModuleDescription
 .text.SEGGER_SYSVIEW_SendNumModules
                0x0000000008007c0c       0x7c ./Third_Party/SEGGER/SEGGER/SEGGER_SYSVIEW.o
                0x0000000008007c0c                SEGGER_SYSVIEW_SendNumModules
 .text.SEGGER_SYSVIEW_Warn
                0x0000000008007c88       0xb8 ./Third_Party/SEGGER/SEGGER/SEGGER_SYSVIEW.o
                0x0000000008007c88                SEGGER_SYSVIEW_Warn
 .text._write_r
                0x0000000008007d40       0x22 ./Third_Party/SEGGER/SEGGER/Syscalls/SEGGER_RTT_Syscalls_GCC.o
                0x0000000008007d40                _write_r
 *fill*         0x0000000008007d62        0x2 
 .text.__errno  0x0000000008007d64        0xc d:/stm32cubeide_1.9.0/stm32cubeide/plugins/com.st.stm32cube.ide.mcu.externaltools.gnu-tools-for-stm32.10.3-2021.10.win32_1.0.200.202301161003/tools/bin/../lib/gcc/arm-none-eabi/10.3.1/../../../../arm-none-eabi/lib/thumb/v7e-m+fp/hard\libc_nano.a(lib_a-errno.o)
                0x0000000008007d64                __errno
 .text.__libc_init_array
                0x0000000008007d70       0x48 d:/stm32cubeide_1.9.0/stm32cubeide/plugins/com.st.stm32cube.ide.mcu.externaltools.gnu-tools-for-stm32.10.3-2021.10.win32_1.0.200.202301161003/tools/bin/../lib/gcc/arm-none-eabi/10.3.1/../../../../arm-none-eabi/lib/thumb/v7e-m+fp/hard\libc_nano.a(lib_a-init.o)
                0x0000000008007d70                __libc_init_array
 .text.memcmp   0x0000000008007db8       0x20 d:/stm32cubeide_1.9.0/stm32cubeide/plugins/com.st.stm32cube.ide.mcu.externaltools.gnu-tools-for-stm32.10.3-2021.10.win32_1.0.200.202301161003/tools/bin/../lib/gcc/arm-none-eabi/10.3.1/../../../../arm-none-eabi/lib/thumb/v7e-m+fp/hard\libc_nano.a(lib_a-memcmp.o)
                0x0000000008007db8                memcmp
 .text.memcpy   0x0000000008007dd8       0x1c d:/stm32cubeide_1.9.0/stm32cubeide/plugins/com.st.stm32cube.ide.mcu.externaltools.gnu-tools-for-stm32.10.3-2021.10.win32_1.0.200.202301161003/tools/bin/../lib/gcc/arm-none-eabi/10.3.1/../../../../arm-none-eabi/lib/thumb/v7e-m+fp/hard\libc_nano.a(lib_a-memcpy-stub.o)
                0x0000000008007dd8                memcpy
 .text.memset   0x0000000008007df4       0x10 d:/stm32cubeide_1.9.0/stm32cubeide/plugins/com.st.stm32cube.ide.mcu.externaltools.gnu-tools-for-stm32.10.3-2021.10.win32_1.0.200.202301161003/tools/bin/../lib/gcc/arm-none-eabi/10.3.1/../../../../arm-none-eabi/lib/thumb/v7e-m+fp/hard\libc_nano.a(lib_a-memset.o)
                0x0000000008007df4                memset
 .text.rand     0x0000000008007e04       0x7c d:/stm32cubeide_1.9.0/stm32cubeide/plugins/com.st.stm32cube.ide.mcu.externaltools.gnu-tools-for-stm32.10.3-2021.10.win32_1.0.200.202301161003/tools/bin/../lib/gcc/arm-none-eabi/10.3.1/../../../../arm-none-eabi/lib/thumb/v7e-m+fp/hard\libc_nano.a(lib_a-rand.o)
                0x0000000008007e04                rand
 .text.sprintf  0x0000000008007e80       0x40 d:/stm32cubeide_1.9.0/stm32cubeide/plugins/com.st.stm32cube.ide.mcu.externaltools.gnu-tools-for-stm32.10.3-2021.10.win32_1.0.200.202301161003/tools/bin/../lib/gcc/arm-none-eabi/10.3.1/../../../../arm-none-eabi/lib/thumb/v7e-m+fp/hard\libc_nano.a(lib_a-sprintf.o)
                0x0000000008007e80                siprintf
                0x0000000008007e80                sprintf
 .text.__assert_func
                0x0000000008007ec0       0x3c d:/stm32cubeide_1.9.0/stm32cubeide/plugins/com.st.stm32cube.ide.mcu.externaltools.gnu-tools-for-stm32.10.3-2021.10.win32_1.0.200.202301161003/tools/bin/../lib/gcc/arm-none-eabi/10.3.1/../../../../arm-none-eabi/lib/thumb/v7e-m+fp/hard\libc_nano.a(lib_a-assert.o)
                0x0000000008007ec0                __assert_func
 .text.fprintf  0x0000000008007efc       0x24 d:/stm32cubeide_1.9.0/stm32cubeide/plugins/com.st.stm32cube.ide.mcu.externaltools.gnu-tools-for-stm32.10.3-2021.10.win32_1.0.200.202301161003/tools/bin/../lib/gcc/arm-none-eabi/10.3.1/../../../../arm-none-eabi/lib/thumb/v7e-m+fp/hard\libc_nano.a(lib_a-fprintf.o)
                0x0000000008007efc                fiprintf
                0x0000000008007efc                fprintf
 .text.malloc   0x0000000008007f20       0x10 d:/stm32cubeide_1.9.0/stm32cubeide/plugins/com.st.stm32cube.ide.mcu.externaltools.gnu-tools-for-stm32.10.3-2021.10.win32_1.0.200.202301161003/tools/bin/../lib/gcc/arm-none-eabi/10.3.1/../../../../arm-none-eabi/lib/thumb/v7e-m+fp/hard\libc_nano.a(lib_a-malloc.o)
                0x0000000008007f20                malloc
 .text._free_r  0x0000000008007f30       0x98 d:/stm32cubeide_1.9.0/stm32cubeide/plugins/com.st.stm32cube.ide.mcu.externaltools.gnu-tools-for-stm32.10.3-2021.10.win32_1.0.200.202301161003/tools/bin/../lib/gcc/arm-none-eabi/10.3.1/../../../../arm-none-eabi/lib/thumb/v7e-m+fp/hard\libc_nano.a(lib_a-nano-freer.o)
                0x0000000008007f30                _free_r
 .text.sbrk_aligned
                0x0000000008007fc8       0x40 d:/stm32cubeide_1.9.0/stm32cubeide/plugins/com.st.stm32cube.ide.mcu.externaltools.gnu-tools-for-stm32.10.3-2021.10.win32_1.0.200.202301161003/tools/bin/../lib/gcc/arm-none-eabi/10.3.1/../../../../arm-none-eabi/lib/thumb/v7e-m+fp/hard\libc_nano.a(lib_a-nano-mallocr.o)
 .text._malloc_r
                0x0000000008008008       0xe8 d:/stm32cubeide_1.9.0/stm32cubeide/plugins/com.st.stm32cube.ide.mcu.externaltools.gnu-tools-for-stm32.10.3-2021.10.win32_1.0.200.202301161003/tools/bin/../lib/gcc/arm-none-eabi/10.3.1/../../../../arm-none-eabi/lib/thumb/v7e-m+fp/hard\libc_nano.a(lib_a-nano-mallocr.o)
                0x0000000008008008                _malloc_r
 .text.__ssputs_r
                0x00000000080080f0       0xb6 d:/stm32cubeide_1.9.0/stm32cubeide/plugins/com.st.stm32cube.ide.mcu.externaltools.gnu-tools-for-stm32.10.3-2021.10.win32_1.0.200.202301161003/tools/bin/../lib/gcc/arm-none-eabi/10.3.1/../../../../arm-none-eabi/lib/thumb/v7e-m+fp/hard\libc_nano.a(lib_a-nano-svfprintf.o)
                0x00000000080080f0                __ssputs_r
 *fill*         0x00000000080081a6        0x2 
 .text._svfprintf_r
                0x00000000080081a8      0x200 d:/stm32cubeide_1.9.0/stm32cubeide/plugins/com.st.stm32cube.ide.mcu.externaltools.gnu-tools-for-stm32.10.3-2021.10.win32_1.0.200.202301161003/tools/bin/../lib/gcc/arm-none-eabi/10.3.1/../../../../arm-none-eabi/lib/thumb/v7e-m+fp/hard\libc_nano.a(lib_a-nano-svfprintf.o)
                0x00000000080081a8                _svfiprintf_r
                0x00000000080081a8                _svfprintf_r
 .text.__sfputc_r
                0x00000000080083a8       0x2e d:/stm32cubeide_1.9.0/stm32cubeide/plugins/com.st.stm32cube.ide.mcu.externaltools.gnu-tools-for-stm32.10.3-2021.10.win32_1.0.200.202301161003/tools/bin/../lib/gcc/arm-none-eabi/10.3.1/../../../../arm-none-eabi/lib/thumb/v7e-m+fp/hard\libc_nano.a(lib_a-nano-vfprintf.o)
 .text.__sfputs_r
                0x00000000080083d6       0x24 d:/stm32cubeide_1.9.0/stm32cubeide/plugins/com.st.stm32cube.ide.mcu.externaltools.gnu-tools-for-stm32.10.3-2021.10.win32_1.0.200.202301161003/tools/bin/../lib/gcc/arm-none-eabi/10.3.1/../../../../arm-none-eabi/lib/thumb/v7e-m+fp/hard\libc_nano.a(lib_a-nano-vfprintf.o)
                0x00000000080083d6                __sfputs_r
 *fill*         0x00000000080083fa        0x2 
 .text._vfprintf_r
                0x00000000080083fc      0x260 d:/stm32cubeide_1.9.0/stm32cubeide/plugins/com.st.stm32cube.ide.mcu.externaltools.gnu-tools-for-stm32.10.3-2021.10.win32_1.0.200.202301161003/tools/bin/../lib/gcc/arm-none-eabi/10.3.1/../../../../arm-none-eabi/lib/thumb/v7e-m+fp/hard\libc_nano.a(lib_a-nano-vfprintf.o)
                0x00000000080083fc                _vfprintf_r
                0x00000000080083fc                _vfiprintf_r
 .text._printf_common
                0x000000000800865c       0xda d:/stm32cubeide_1.9.0/stm32cubeide/plugins/com.st.stm32cube.ide.mcu.externaltools.gnu-tools-for-stm32.10.3-2021.10.win32_1.0.200.202301161003/tools/bin/../lib/gcc/arm-none-eabi/10.3.1/../../../../arm-none-eabi/lib/thumb/v7e-m+fp/hard\libc_nano.a(lib_a-nano-vfprintf_i.o)
                0x000000000800865c                _printf_common
 *fill*         0x0000000008008736        0x2 
 .text._printf_i
                0x0000000008008738      0x24c d:/stm32cubeide_1.9.0/stm32cubeide/plugins/com.st.stm32cube.ide.mcu.externaltools.gnu-tools-for-stm32.10.3-2021.10.win32_1.0.200.202301161003/tools/bin/../lib/gcc/arm-none-eabi/10.3.1/../../../../arm-none-eabi/lib/thumb/v7e-m+fp/hard\libc_nano.a(lib_a-nano-vfprintf_i.o)
                0x0000000008008738                _printf_i
 .text._sbrk_r  0x0000000008008984       0x20 d:/stm32cubeide_1.9.0/stm32cubeide/plugins/com.st.stm32cube.ide.mcu.externaltools.gnu-tools-for-stm32.10.3-2021.10.win32_1.0.200.202301161003/tools/bin/../lib/gcc/arm-none-eabi/10.3.1/../../../../arm-none-eabi/lib/thumb/v7e-m+fp/hard\libc_nano.a(lib_a-sbrkr.o)
                0x0000000008008984                _sbrk_r
 .text.__swbuf_r
                0x00000000080089a4       0xa4 d:/stm32cubeide_1.9.0/stm32cubeide/plugins/com.st.stm32cube.ide.mcu.externaltools.gnu-tools-for-stm32.10.3-2021.10.win32_1.0.200.202301161003/tools/bin/../lib/gcc/arm-none-eabi/10.3.1/../../../../arm-none-eabi/lib/thumb/v7e-m+fp/hard\libc_nano.a(lib_a-wbuf.o)
                0x00000000080089a4                __swbuf_r
 .text.__swsetup_r
                0x0000000008008a48       0xdc d:/stm32cubeide_1.9.0/stm32cubeide/plugins/com.st.stm32cube.ide.mcu.externaltools.gnu-tools-for-stm32.10.3-2021.10.win32_1.0.200.202301161003/tools/bin/../lib/gcc/arm-none-eabi/10.3.1/../../../../arm-none-eabi/lib/thumb/v7e-m+fp/hard\libc_nano.a(lib_a-wsetup.o)
                0x0000000008008a48                __swsetup_r
 .text.abort    0x0000000008008b24        0xe d:/stm32cubeide_1.9.0/stm32cubeide/plugins/com.st.stm32cube.ide.mcu.externaltools.gnu-tools-for-stm32.10.3-2021.10.win32_1.0.200.202301161003/tools/bin/../lib/gcc/arm-none-eabi/10.3.1/../../../../arm-none-eabi/lib/thumb/v7e-m+fp/hard\libc_nano.a(lib_a-abort.o)
                0x0000000008008b24                abort
 *fill*         0x0000000008008b32        0x2 
 .text.__sflush_r
                0x0000000008008b34      0x10c d:/stm32cubeide_1.9.0/stm32cubeide/plugins/com.st.stm32cube.ide.mcu.externaltools.gnu-tools-for-stm32.10.3-2021.10.win32_1.0.200.202301161003/tools/bin/../lib/gcc/arm-none-eabi/10.3.1/../../../../arm-none-eabi/lib/thumb/v7e-m+fp/hard\libc_nano.a(lib_a-fflush.o)
                0x0000000008008b34                __sflush_r
 .text._fflush_r
                0x0000000008008c40       0x78 d:/stm32cubeide_1.9.0/stm32cubeide/plugins/com.st.stm32cube.ide.mcu.externaltools.gnu-tools-for-stm32.10.3-2021.10.win32_1.0.200.202301161003/tools/bin/../lib/gcc/arm-none-eabi/10.3.1/../../../../arm-none-eabi/lib/thumb/v7e-m+fp/hard\libc_nano.a(lib_a-fflush.o)
                0x0000000008008c40                _fflush_r
 .text.std      0x0000000008008cb8       0x48 d:/stm32cubeide_1.9.0/stm32cubeide/plugins/com.st.stm32cube.ide.mcu.externaltools.gnu-tools-for-stm32.10.3-2021.10.win32_1.0.200.202301161003/tools/bin/../lib/gcc/arm-none-eabi/10.3.1/../../../../arm-none-eabi/lib/thumb/v7e-m+fp/hard\libc_nano.a(lib_a-findfp.o)
 .text._cleanup_r
                0x0000000008008d00        0xc d:/stm32cubeide_1.9.0/stm32cubeide/plugins/com.st.stm32cube.ide.mcu.externaltools.gnu-tools-for-stm32.10.3-2021.10.win32_1.0.200.202301161003/tools/bin/../lib/gcc/arm-none-eabi/10.3.1/../../../../arm-none-eabi/lib/thumb/v7e-m+fp/hard\libc_nano.a(lib_a-findfp.o)
                0x0000000008008d00                _cleanup_r
 .text.__sfmoreglue
                0x0000000008008d0c       0x2c d:/stm32cubeide_1.9.0/stm32cubeide/plugins/com.st.stm32cube.ide.mcu.externaltools.gnu-tools-for-stm32.10.3-2021.10.win32_1.0.200.202301161003/tools/bin/../lib/gcc/arm-none-eabi/10.3.1/../../../../arm-none-eabi/lib/thumb/v7e-m+fp/hard\libc_nano.a(lib_a-findfp.o)
                0x0000000008008d0c                __sfmoreglue
 .text.__sfp_lock_acquire
                0x0000000008008d38        0xc d:/stm32cubeide_1.9.0/stm32cubeide/plugins/com.st.stm32cube.ide.mcu.externaltools.gnu-tools-for-stm32.10.3-2021.10.win32_1.0.200.202301161003/tools/bin/../lib/gcc/arm-none-eabi/10.3.1/../../../../arm-none-eabi/lib/thumb/v7e-m+fp/hard\libc_nano.a(lib_a-findfp.o)
                0x0000000008008d38                __sfp_lock_acquire
 .text.__sfp_lock_release
                0x0000000008008d44        0xc d:/stm32cubeide_1.9.0/stm32cubeide/plugins/com.st.stm32cube.ide.mcu.externaltools.gnu-tools-for-stm32.10.3-2021.10.win32_1.0.200.202301161003/tools/bin/../lib/gcc/arm-none-eabi/10.3.1/../../../../arm-none-eabi/lib/thumb/v7e-m+fp/hard\libc_nano.a(lib_a-findfp.o)
                0x0000000008008d44                __sfp_lock_release
 .text.__sinit_lock_acquire
                0x0000000008008d50        0xc d:/stm32cubeide_1.9.0/stm32cubeide/plugins/com.st.stm32cube.ide.mcu.externaltools.gnu-tools-for-stm32.10.3-2021.10.win32_1.0.200.202301161003/tools/bin/../lib/gcc/arm-none-eabi/10.3.1/../../../../arm-none-eabi/lib/thumb/v7e-m+fp/hard\libc_nano.a(lib_a-findfp.o)
                0x0000000008008d50                __sinit_lock_acquire
 .text.__sinit_lock_release
                0x0000000008008d5c        0xc d:/stm32cubeide_1.9.0/stm32cubeide/plugins/com.st.stm32cube.ide.mcu.externaltools.gnu-tools-for-stm32.10.3-2021.10.win32_1.0.200.202301161003/tools/bin/../lib/gcc/arm-none-eabi/10.3.1/../../../../arm-none-eabi/lib/thumb/v7e-m+fp/hard\libc_nano.a(lib_a-findfp.o)
                0x0000000008008d5c                __sinit_lock_release
 .text.__sinit  0x0000000008008d68       0x70 d:/stm32cubeide_1.9.0/stm32cubeide/plugins/com.st.stm32cube.ide.mcu.externaltools.gnu-tools-for-stm32.10.3-2021.10.win32_1.0.200.202301161003/tools/bin/../lib/gcc/arm-none-eabi/10.3.1/../../../../arm-none-eabi/lib/thumb/v7e-m+fp/hard\libc_nano.a(lib_a-findfp.o)
                0x0000000008008d68                __sinit
 .text.__sfp    0x0000000008008dd8       0x8c d:/stm32cubeide_1.9.0/stm32cubeide/plugins/com.st.stm32cube.ide.mcu.externaltools.gnu-tools-for-stm32.10.3-2021.10.win32_1.0.200.202301161003/tools/bin/../lib/gcc/arm-none-eabi/10.3.1/../../../../arm-none-eabi/lib/thumb/v7e-m+fp/hard\libc_nano.a(lib_a-findfp.o)
                0x0000000008008dd8                __sfp
 .text._fwalk_reent
                0x0000000008008e64       0x3e d:/stm32cubeide_1.9.0/stm32cubeide/plugins/com.st.stm32cube.ide.mcu.externaltools.gnu-tools-for-stm32.10.3-2021.10.win32_1.0.200.202301161003/tools/bin/../lib/gcc/arm-none-eabi/10.3.1/../../../../arm-none-eabi/lib/thumb/v7e-m+fp/hard\libc_nano.a(lib_a-fwalk.o)
                0x0000000008008e64                _fwalk_reent
 .text.__retarget_lock_init_recursive
                0x0000000008008ea2        0x2 d:/stm32cubeide_1.9.0/stm32cubeide/plugins/com.st.stm32cube.ide.mcu.externaltools.gnu-tools-for-stm32.10.3-2021.10.win32_1.0.200.202301161003/tools/bin/../lib/gcc/arm-none-eabi/10.3.1/../../../../arm-none-eabi/lib/thumb/v7e-m+fp/hard\libc_nano.a(lib_a-lock.o)
                0x0000000008008ea2                __retarget_lock_init_recursive
 .text.__retarget_lock_acquire_recursive
                0x0000000008008ea4        0x2 d:/stm32cubeide_1.9.0/stm32cubeide/plugins/com.st.stm32cube.ide.mcu.externaltools.gnu-tools-for-stm32.10.3-2021.10.win32_1.0.200.202301161003/tools/bin/../lib/gcc/arm-none-eabi/10.3.1/../../../../arm-none-eabi/lib/thumb/v7e-m+fp/hard\libc_nano.a(lib_a-lock.o)
                0x0000000008008ea4                __retarget_lock_acquire_recursive
 .text.__retarget_lock_release_recursive
                0x0000000008008ea6        0x2 d:/stm32cubeide_1.9.0/stm32cubeide/plugins/com.st.stm32cube.ide.mcu.externaltools.gnu-tools-for-stm32.10.3-2021.10.win32_1.0.200.202301161003/tools/bin/../lib/gcc/arm-none-eabi/10.3.1/../../../../arm-none-eabi/lib/thumb/v7e-m+fp/hard\libc_nano.a(lib_a-lock.o)
                0x0000000008008ea6                __retarget_lock_release_recursive
 .text.__swhatbuf_r
                0x0000000008008ea8       0x4a d:/stm32cubeide_1.9.0/stm32cubeide/plugins/com.st.stm32cube.ide.mcu.externaltools.gnu-tools-for-stm32.10.3-2021.10.win32_1.0.200.202301161003/tools/bin/../lib/gcc/arm-none-eabi/10.3.1/../../../../arm-none-eabi/lib/thumb/v7e-m+fp/hard\libc_nano.a(lib_a-makebuf.o)
                0x0000000008008ea8                __swhatbuf_r
 *fill*         0x0000000008008ef2        0x2 
 .text.__smakebuf_r
                0x0000000008008ef4       0x80 d:/stm32cubeide_1.9.0/stm32cubeide/plugins/com.st.stm32cube.ide.mcu.externaltools.gnu-tools-for-stm32.10.3-2021.10.win32_1.0.200.202301161003/tools/bin/../lib/gcc/arm-none-eabi/10.3.1/../../../../arm-none-eabi/lib/thumb/v7e-m+fp/hard\libc_nano.a(lib_a-makebuf.o)
                0x0000000008008ef4                __smakebuf_r
 .text.memmove  0x0000000008008f74       0x34 d:/stm32cubeide_1.9.0/stm32cubeide/plugins/com.st.stm32cube.ide.mcu.externaltools.gnu-tools-for-stm32.10.3-2021.10.win32_1.0.200.202301161003/tools/bin/../lib/gcc/arm-none-eabi/10.3.1/../../../../arm-none-eabi/lib/thumb/v7e-m+fp/hard\libc_nano.a(lib_a-memmove.o)
                0x0000000008008f74                memmove
 .text.__malloc_lock
                0x0000000008008fa8        0xc d:/stm32cubeide_1.9.0/stm32cubeide/plugins/com.st.stm32cube.ide.mcu.externaltools.gnu-tools-for-stm32.10.3-2021.10.win32_1.0.200.202301161003/tools/bin/../lib/gcc/arm-none-eabi/10.3.1/../../../../arm-none-eabi/lib/thumb/v7e-m+fp/hard\libc_nano.a(lib_a-mlock.o)
                0x0000000008008fa8                __malloc_lock
 .text.__malloc_unlock
                0x0000000008008fb4        0xc d:/stm32cubeide_1.9.0/stm32cubeide/plugins/com.st.stm32cube.ide.mcu.externaltools.gnu-tools-for-stm32.10.3-2021.10.win32_1.0.200.202301161003/tools/bin/../lib/gcc/arm-none-eabi/10.3.1/../../../../arm-none-eabi/lib/thumb/v7e-m+fp/hard\libc_nano.a(lib_a-mlock.o)
                0x0000000008008fb4                __malloc_unlock
 .text._realloc_r
                0x0000000008008fc0       0x5e d:/stm32cubeide_1.9.0/stm32cubeide/plugins/com.st.stm32cube.ide.mcu.externaltools.gnu-tools-for-stm32.10.3-2021.10.win32_1.0.200.202301161003/tools/bin/../lib/gcc/arm-none-eabi/10.3.1/../../../../arm-none-eabi/lib/thumb/v7e-m+fp/hard\libc_nano.a(lib_a-nano-reallocr.o)
                0x0000000008008fc0                _realloc_r
 .text._raise_r
                0x000000000800901e       0x50 d:/stm32cubeide_1.9.0/stm32cubeide/plugins/com.st.stm32cube.ide.mcu.externaltools.gnu-tools-for-stm32.10.3-2021.10.win32_1.0.200.202301161003/tools/bin/../lib/gcc/arm-none-eabi/10.3.1/../../../../arm-none-eabi/lib/thumb/v7e-m+fp/hard\libc_nano.a(lib_a-signal.o)
                0x000000000800901e                _raise_r
 *fill*         0x000000000800906e        0x2 
 .text.raise    0x0000000008009070       0x10 d:/stm32cubeide_1.9.0/stm32cubeide/plugins/com.st.stm32cube.ide.mcu.externaltools.gnu-tools-for-stm32.10.3-2021.10.win32_1.0.200.202301161003/tools/bin/../lib/gcc/arm-none-eabi/10.3.1/../../../../arm-none-eabi/lib/thumb/v7e-m+fp/hard\libc_nano.a(lib_a-signal.o)
                0x0000000008009070                raise
 .text._kill_r  0x0000000008009080       0x24 d:/stm32cubeide_1.9.0/stm32cubeide/plugins/com.st.stm32cube.ide.mcu.externaltools.gnu-tools-for-stm32.10.3-2021.10.win32_1.0.200.202301161003/tools/bin/../lib/gcc/arm-none-eabi/10.3.1/../../../../arm-none-eabi/lib/thumb/v7e-m+fp/hard\libc_nano.a(lib_a-signalr.o)
                0x0000000008009080                _kill_r
 .text._getpid_r
                0x00000000080090a4        0x4 d:/stm32cubeide_1.9.0/stm32cubeide/plugins/com.st.stm32cube.ide.mcu.externaltools.gnu-tools-for-stm32.10.3-2021.10.win32_1.0.200.202301161003/tools/bin/../lib/gcc/arm-none-eabi/10.3.1/../../../../arm-none-eabi/lib/thumb/v7e-m+fp/hard\libc_nano.a(lib_a-signalr.o)
                0x00000000080090a4                _getpid_r
 .text.__sread  0x00000000080090a8       0x22 d:/stm32cubeide_1.9.0/stm32cubeide/plugins/com.st.stm32cube.ide.mcu.externaltools.gnu-tools-for-stm32.10.3-2021.10.win32_1.0.200.202301161003/tools/bin/../lib/gcc/arm-none-eabi/10.3.1/../../../../arm-none-eabi/lib/thumb/v7e-m+fp/hard\libc_nano.a(lib_a-stdio.o)
                0x00000000080090a8                __sread
 .text.__swrite
                0x00000000080090ca       0x38 d:/stm32cubeide_1.9.0/stm32cubeide/plugins/com.st.stm32cube.ide.mcu.externaltools.gnu-tools-for-stm32.10.3-2021.10.win32_1.0.200.202301161003/tools/bin/../lib/gcc/arm-none-eabi/10.3.1/../../../../arm-none-eabi/lib/thumb/v7e-m+fp/hard\libc_nano.a(lib_a-stdio.o)
                0x00000000080090ca                __swrite
 .text.__sseek  0x0000000008009102       0x24 d:/stm32cubeide_1.9.0/stm32cubeide/plugins/com.st.stm32cube.ide.mcu.externaltools.gnu-tools-for-stm32.10.3-2021.10.win32_1.0.200.202301161003/tools/bin/../lib/gcc/arm-none-eabi/10.3.1/../../../../arm-none-eabi/lib/thumb/v7e-m+fp/hard\libc_nano.a(lib_a-stdio.o)
                0x0000000008009102                __sseek
 .text.__sclose
                0x0000000008009126        0x8 d:/stm32cubeide_1.9.0/stm32cubeide/plugins/com.st.stm32cube.ide.mcu.externaltools.gnu-tools-for-stm32.10.3-2021.10.win32_1.0.200.202301161003/tools/bin/../lib/gcc/arm-none-eabi/10.3.1/../../../../arm-none-eabi/lib/thumb/v7e-m+fp/hard\libc_nano.a(lib_a-stdio.o)
                0x0000000008009126                __sclose
 *fill*         0x000000000800912e        0x2 
 .text._close_r
                0x0000000008009130       0x20 d:/stm32cubeide_1.9.0/stm32cubeide/plugins/com.st.stm32cube.ide.mcu.externaltools.gnu-tools-for-stm32.10.3-2021.10.win32_1.0.200.202301161003/tools/bin/../lib/gcc/arm-none-eabi/10.3.1/../../../../arm-none-eabi/lib/thumb/v7e-m+fp/hard\libc_nano.a(lib_a-closer.o)
                0x0000000008009130                _close_r
 .text._fstat_r
                0x0000000008009150       0x24 d:/stm32cubeide_1.9.0/stm32cubeide/plugins/com.st.stm32cube.ide.mcu.externaltools.gnu-tools-for-stm32.10.3-2021.10.win32_1.0.200.202301161003/tools/bin/../lib/gcc/arm-none-eabi/10.3.1/../../../../arm-none-eabi/lib/thumb/v7e-m+fp/hard\libc_nano.a(lib_a-fstatr.o)
                0x0000000008009150                _fstat_r
 .text._isatty_r
                0x0000000008009174       0x20 d:/stm32cubeide_1.9.0/stm32cubeide/plugins/com.st.stm32cube.ide.mcu.externaltools.gnu-tools-for-stm32.10.3-2021.10.win32_1.0.200.202301161003/tools/bin/../lib/gcc/arm-none-eabi/10.3.1/../../../../arm-none-eabi/lib/thumb/v7e-m+fp/hard\libc_nano.a(lib_a-isattyr.o)
                0x0000000008009174                _isatty_r
 .text._lseek_r
                0x0000000008009194       0x24 d:/stm32cubeide_1.9.0/stm32cubeide/plugins/com.st.stm32cube.ide.mcu.externaltools.gnu-tools-for-stm32.10.3-2021.10.win32_1.0.200.202301161003/tools/bin/../lib/gcc/arm-none-eabi/10.3.1/../../../../arm-none-eabi/lib/thumb/v7e-m+fp/hard\libc_nano.a(lib_a-lseekr.o)
                0x0000000008009194                _lseek_r
 .text._malloc_usable_size_r
                0x00000000080091b8       0x10 d:/stm32cubeide_1.9.0/stm32cubeide/plugins/com.st.stm32cube.ide.mcu.externaltools.gnu-tools-for-stm32.10.3-2021.10.win32_1.0.200.202301161003/tools/bin/../lib/gcc/arm-none-eabi/10.3.1/../../../../arm-none-eabi/lib/thumb/v7e-m+fp/hard\libc_nano.a(lib_a-nano-msizer.o)
                0x00000000080091b8                _malloc_usable_size_r
 .text._read_r  0x00000000080091c8       0x24 d:/stm32cubeide_1.9.0/stm32cubeide/plugins/com.st.stm32cube.ide.mcu.externaltools.gnu-tools-for-stm32.10.3-2021.10.win32_1.0.200.202301161003/tools/bin/../lib/gcc/arm-none-eabi/10.3.1/../../../../arm-none-eabi/lib/thumb/v7e-m+fp/hard\libc_nano.a(lib_a-readr.o)
                0x00000000080091c8                _read_r
 .text._sbrk    0x00000000080091ec       0x1c d:/stm32cubeide_1.9.0/stm32cubeide/plugins/com.st.stm32cube.ide.mcu.externaltools.gnu-tools-for-stm32.10.3-2021.10.win32_1.0.200.202301161003/tools/bin/../lib/gcc/arm-none-eabi/10.3.1/../../../../arm-none-eabi/lib/thumb/v7e-m+fp/hard\libnosys.a(sbrk.o)
                0x00000000080091ec                _sbrk
 *(.glue_7)
 .glue_7        0x0000000008009208        0x0 linker stubs
 *(.glue_7t)
 .glue_7t       0x0000000008009208        0x0 linker stubs
 *(.eh_frame)
 .eh_frame      0x0000000008009208        0x0 d:/stm32cubeide_1.9.0/stm32cubeide/plugins/com.st.stm32cube.ide.mcu.externaltools.gnu-tools-for-stm32.10.3-2021.10.win32_1.0.200.202301161003/tools/bin/../lib/gcc/arm-none-eabi/10.3.1/thumb/v7e-m+fp/hard/crtbegin.o
 *(.init)
 .init          0x0000000008009208        0x4 d:/stm32cubeide_1.9.0/stm32cubeide/plugins/com.st.stm32cube.ide.mcu.externaltools.gnu-tools-for-stm32.10.3-2021.10.win32_1.0.200.202301161003/tools/bin/../lib/gcc/arm-none-eabi/10.3.1/thumb/v7e-m+fp/hard/crti.o
                0x0000000008009208                _init
 .init          0x000000000800920c        0x8 d:/stm32cubeide_1.9.0/stm32cubeide/plugins/com.st.stm32cube.ide.mcu.externaltools.gnu-tools-for-stm32.10.3-2021.10.win32_1.0.200.202301161003/tools/bin/../lib/gcc/arm-none-eabi/10.3.1/thumb/v7e-m+fp/hard/crtn.o
 *(.fini)
 .fini          0x0000000008009214        0x4 d:/stm32cubeide_1.9.0/stm32cubeide/plugins/com.st.stm32cube.ide.mcu.externaltools.gnu-tools-for-stm32.10.3-2021.10.win32_1.0.200.202301161003/tools/bin/../lib/gcc/arm-none-eabi/10.3.1/thumb/v7e-m+fp/hard/crti.o
                0x0000000008009214                _fini
 .fini          0x0000000008009218        0x8 d:/stm32cubeide_1.9.0/stm32cubeide/plugins/com.st.stm32cube.ide.mcu.externaltools.gnu-tools-for-stm32.10.3-2021.10.win32_1.0.200.202301161003/tools/bin/../lib/gcc/arm-none-eabi/10.3.1/thumb/v7e-m+fp/hard/crtn.o
                0x0000000008009220                . = ALIGN (0x4)
                0x0000000008009220                _etext = .

.vfp11_veneer   0x0000000008009220        0x0
 .vfp11_veneer  0x0000000008009220        0x0 linker stubs

.v4_bx          0x0000000008009220        0x0
 .v4_bx         0x0000000008009220        0x0 linker stubs

.iplt           0x0000000008009220        0x0
 .iplt          0x0000000008009220        0x0 d:/stm32cubeide_1.9.0/stm32cubeide/plugins/com.st.stm32cube.ide.mcu.externaltools.gnu-tools-for-stm32.10.3-2021.10.win32_1.0.200.202301161003/tools/bin/../lib/gcc/arm-none-eabi/10.3.1/thumb/v7e-m+fp/hard/crtbegin.o

.rodata         0x0000000008009220      0x28c
                0x0000000008009220                . = ALIGN (0x4)
 *(.rodata)
 .rodata        0x0000000008009220       0x31 ./Core/Src/main.o
 *fill*         0x0000000008009251        0x3 
 .rodata        0x0000000008009254        0x5 ./Third_Party/FreeRTOS/org/Source/tasks.o
 *fill*         0x0000000008009259        0x3 
 .rodata        0x000000000800925c        0xd ./Third_Party/FreeRTOS/org/Source/timers.o
 *fill*         0x0000000008009269        0x3 
 .rodata        0x000000000800926c       0x41 ./Third_Party/SEGGER/Config/SEGGER_SYSVIEW_Config_FreeRTOS.o
 *fill*         0x00000000080092ad        0x3 
 .rodata        0x00000000080092b0       0x58 ./Third_Party/SEGGER/OS/SEGGER_SYSVIEW_FreeRTOS.o
 .rodata        0x0000000008009308        0x9 ./Third_Party/SEGGER/SEGGER/SEGGER_RTT.o
 *fill*         0x0000000008009311        0x3 
 .rodata        0x0000000008009314       0x10 ./Third_Party/SEGGER/SEGGER/SEGGER_SYSVIEW.o
 *(.rodata*)
 .rodata.AHBPrescTable
                0x0000000008009324       0x10 ./Core/Src/system_stm32f4xx.o
                0x0000000008009324                AHBPrescTable
 .rodata.APBPrescTable
                0x0000000008009334        0x8 ./Core/Src/system_stm32f4xx.o
                0x0000000008009334                APBPrescTable
 .rodata.SYSVIEW_X_OS_TraceAPI
                0x000000000800933c        0x8 ./Third_Party/SEGGER/OS/SEGGER_SYSVIEW_FreeRTOS.o
                0x000000000800933c                SYSVIEW_X_OS_TraceAPI
 .rodata._aInitStr.0
                0x0000000008009344       0x11 ./Third_Party/SEGGER/SEGGER/SEGGER_RTT.o
 *fill*         0x0000000008009355        0x3 
 .rodata._abSync
                0x0000000008009358        0xa ./Third_Party/SEGGER/SEGGER/SEGGER_SYSVIEW.o
 *fill*         0x0000000008009362        0x2 
 .rodata._global_impure_ptr
                0x0000000008009364        0x4 d:/stm32cubeide_1.9.0/stm32cubeide/plugins/com.st.stm32cube.ide.mcu.externaltools.gnu-tools-for-stm32.10.3-2021.10.win32_1.0.200.202301161003/tools/bin/../lib/gcc/arm-none-eabi/10.3.1/../../../../arm-none-eabi/lib/thumb/v7e-m+fp/hard\libc_nano.a(lib_a-impure.o)
                0x0000000008009364                _global_impure_ptr
 .rodata.srand.str1.1
                0x0000000008009368       0x72 d:/stm32cubeide_1.9.0/stm32cubeide/plugins/com.st.stm32cube.ide.mcu.externaltools.gnu-tools-for-stm32.10.3-2021.10.win32_1.0.200.202301161003/tools/bin/../lib/gcc/arm-none-eabi/10.3.1/../../../../arm-none-eabi/lib/thumb/v7e-m+fp/hard\libc_nano.a(lib_a-rand.o)
 .rodata.__assert_func.str1.1
                0x00000000080093da       0x3c d:/stm32cubeide_1.9.0/stm32cubeide/plugins/com.st.stm32cube.ide.mcu.externaltools.gnu-tools-for-stm32.10.3-2021.10.win32_1.0.200.202301161003/tools/bin/../lib/gcc/arm-none-eabi/10.3.1/../../../../arm-none-eabi/lib/thumb/v7e-m+fp/hard\libc_nano.a(lib_a-assert.o)
                                         0x3d (size before relaxing)
 .rodata._svfprintf_r.str1.1
                0x0000000008009416       0x11 d:/stm32cubeide_1.9.0/stm32cubeide/plugins/com.st.stm32cube.ide.mcu.externaltools.gnu-tools-for-stm32.10.3-2021.10.win32_1.0.200.202301161003/tools/bin/../lib/gcc/arm-none-eabi/10.3.1/../../../../arm-none-eabi/lib/thumb/v7e-m+fp/hard\libc_nano.a(lib_a-nano-svfprintf.o)
 .rodata._vfprintf_r.str1.1
                0x0000000008009427       0x11 d:/stm32cubeide_1.9.0/stm32cubeide/plugins/com.st.stm32cube.ide.mcu.externaltools.gnu-tools-for-stm32.10.3-2021.10.win32_1.0.200.202301161003/tools/bin/../lib/gcc/arm-none-eabi/10.3.1/../../../../arm-none-eabi/lib/thumb/v7e-m+fp/hard\libc_nano.a(lib_a-nano-vfprintf.o)
 .rodata._printf_i.str1.1
                0x0000000008009427       0x22 d:/stm32cubeide_1.9.0/stm32cubeide/plugins/com.st.stm32cube.ide.mcu.externaltools.gnu-tools-for-stm32.10.3-2021.10.win32_1.0.200.202301161003/tools/bin/../lib/gcc/arm-none-eabi/10.3.1/../../../../arm-none-eabi/lib/thumb/v7e-m+fp/hard\libc_nano.a(lib_a-nano-vfprintf_i.o)
 *fill*         0x0000000008009449        0x3 
 .rodata.__sf_fake_stderr
                0x000000000800944c       0x20 d:/stm32cubeide_1.9.0/stm32cubeide/plugins/com.st.stm32cube.ide.mcu.externaltools.gnu-tools-for-stm32.10.3-2021.10.win32_1.0.200.202301161003/tools/bin/../lib/gcc/arm-none-eabi/10.3.1/../../../../arm-none-eabi/lib/thumb/v7e-m+fp/hard\libc_nano.a(lib_a-findfp.o)
                0x000000000800944c                __sf_fake_stderr
 .rodata.__sf_fake_stdin
                0x000000000800946c       0x20 d:/stm32cubeide_1.9.0/stm32cubeide/plugins/com.st.stm32cube.ide.mcu.externaltools.gnu-tools-for-stm32.10.3-2021.10.win32_1.0.200.202301161003/tools/bin/../lib/gcc/arm-none-eabi/10.3.1/../../../../arm-none-eabi/lib/thumb/v7e-m+fp/hard\libc_nano.a(lib_a-findfp.o)
                0x000000000800946c                __sf_fake_stdin
 .rodata.__sf_fake_stdout
                0x000000000800948c       0x20 d:/stm32cubeide_1.9.0/stm32cubeide/plugins/com.st.stm32cube.ide.mcu.externaltools.gnu-tools-for-stm32.10.3-2021.10.win32_1.0.200.202301161003/tools/bin/../lib/gcc/arm-none-eabi/10.3.1/../../../../arm-none-eabi/lib/thumb/v7e-m+fp/hard\libc_nano.a(lib_a-findfp.o)
                0x000000000800948c                __sf_fake_stdout
                0x00000000080094ac                . = ALIGN (0x4)

.ARM.extab      0x00000000080094ac        0x0
                0x00000000080094ac                . = ALIGN (0x4)
 *(.ARM.extab* .gnu.linkonce.armextab.*)
                0x00000000080094ac                . = ALIGN (0x4)

.ARM            0x00000000080094ac        0x8
                0x00000000080094ac                . = ALIGN (0x4)
                0x00000000080094ac                __exidx_start = .
 *(.ARM.exidx*)
 .ARM.exidx     0x00000000080094ac        0x8 d:/stm32cubeide_1.9.0/stm32cubeide/plugins/com.st.stm32cube.ide.mcu.externaltools.gnu-tools-for-stm32.10.3-2021.10.win32_1.0.200.202301161003/tools/bin/../lib/gcc/arm-none-eabi/10.3.1/thumb/v7e-m+fp/hard\libgcc.a(_udivmoddi4.o)
                0x00000000080094b4                __exidx_end = .
                0x00000000080094b4                . = ALIGN (0x4)

.rel.dyn        0x00000000080094b4        0x0
 .rel.iplt      0x00000000080094b4        0x0 d:/stm32cubeide_1.9.0/stm32cubeide/plugins/com.st.stm32cube.ide.mcu.externaltools.gnu-tools-for-stm32.10.3-2021.10.win32_1.0.200.202301161003/tools/bin/../lib/gcc/arm-none-eabi/10.3.1/thumb/v7e-m+fp/hard/crtbegin.o

.preinit_array  0x00000000080094b4        0x0
                0x00000000080094b4                . = ALIGN (0x4)
                0x00000000080094b4                PROVIDE (__preinit_array_start = .)
 *(.preinit_array*)
                0x00000000080094b4                PROVIDE (__preinit_array_end = .)
                0x00000000080094b4                . = ALIGN (0x4)

.init_array     0x00000000080094b4        0x4
                0x00000000080094b4                . = ALIGN (0x4)
                0x00000000080094b4                PROVIDE (__init_array_start = .)
 *(SORT_BY_NAME(.init_array.*))
 *(.init_array*)
 .init_array    0x00000000080094b4        0x4 d:/stm32cubeide_1.9.0/stm32cubeide/plugins/com.st.stm32cube.ide.mcu.externaltools.gnu-tools-for-stm32.10.3-2021.10.win32_1.0.200.202301161003/tools/bin/../lib/gcc/arm-none-eabi/10.3.1/thumb/v7e-m+fp/hard/crtbegin.o
                0x00000000080094b8                PROVIDE (__init_array_end = .)
                0x00000000080094b8                . = ALIGN (0x4)

.fini_array     0x00000000080094b8        0x4
                0x00000000080094b8                . = ALIGN (0x4)
                [!provide]                        PROVIDE (__fini_array_start = .)
 *(SORT_BY_NAME(.fini_array.*))
 *(.fini_array*)
 .fini_array    0x00000000080094b8        0x4 d:/stm32cubeide_1.9.0/stm32cubeide/plugins/com.st.stm32cube.ide.mcu.externaltools.gnu-tools-for-stm32.10.3-2021.10.win32_1.0.200.202301161003/tools/bin/../lib/gcc/arm-none-eabi/10.3.1/thumb/v7e-m+fp/hard/crtbegin.o
                [!provide]                        PROVIDE (__fini_array_end = .)
                0x00000000080094bc                . = ALIGN (0x4)
                0x00000000080094bc                _sidata = LOADADDR (.data)

.data           0x0000000020000000       0x78 load address 0x00000000080094bc
                0x0000000020000000                . = ALIGN (0x4)
                0x0000000020000000                _sdata = .
 *(.data)
 *(.data*)
 .data.SystemCoreClock
                0x0000000020000000        0x4 ./Core/Src/system_stm32f4xx.o
                0x0000000020000000                SystemCoreClock
 .data.uwTickPrio
                0x0000000020000004        0x4 ./Drivers/STM32F4xx_HAL_Driver/Src/stm32f4xx_hal.o
                0x0000000020000004                uwTickPrio
 .data.uwTickFreq
                0x0000000020000008        0x1 ./Drivers/STM32F4xx_HAL_Driver/Src/stm32f4xx_hal.o
                0x0000000020000008                uwTickFreq
 *fill*         0x0000000020000009        0x3 
 .data.uxTopUsedPriority
                0x000000002000000c        0x4 ./Third_Party/FreeRTOS/org/Source/tasks.o
                0x000000002000000c                uxTopUsedPriority
 .data.uxCriticalNesting
                0x0000000020000010        0x4 ./Third_Party/FreeRTOS/org/Source/portable/GCC/ARM_CM4F/port.o
 .data._impure_ptr
                0x0000000020000014        0x4 d:/stm32cubeide_1.9.0/stm32cubeide/plugins/com.st.stm32cube.ide.mcu.externaltools.gnu-tools-for-stm32.10.3-2021.10.win32_1.0.200.202301161003/tools/bin/../lib/gcc/arm-none-eabi/10.3.1/../../../../arm-none-eabi/lib/thumb/v7e-m+fp/hard\libc_nano.a(lib_a-impure.o)
                0x0000000020000014                _impure_ptr
 .data.impure_data
                0x0000000020000018       0x60 d:/stm32cubeide_1.9.0/stm32cubeide/plugins/com.st.stm32cube.ide.mcu.externaltools.gnu-tools-for-stm32.10.3-2021.10.win32_1.0.200.202301161003/tools/bin/../lib/gcc/arm-none-eabi/10.3.1/../../../../arm-none-eabi/lib/thumb/v7e-m+fp/hard\libc_nano.a(lib_a-impure.o)
 *(.RamFunc)
 *(.RamFunc*)
                0x0000000020000078                . = ALIGN (0x4)
                0x0000000020000078                _edata = .

.igot.plt       0x0000000020000078        0x0 load address 0x0000000008009534
 .igot.plt      0x0000000020000078        0x0 d:/stm32cubeide_1.9.0/stm32cubeide/plugins/com.st.stm32cube.ide.mcu.externaltools.gnu-tools-for-stm32.10.3-2021.10.win32_1.0.200.202301161003/tools/bin/../lib/gcc/arm-none-eabi/10.3.1/thumb/v7e-m+fp/hard/crtbegin.o
                0x0000000020000078                . = ALIGN (0x4)

.bss            0x0000000020000078     0xd4f0 load address 0x0000000008009534
                0x0000000020000078                _sbss = .
                0x0000000020000078                __bss_start__ = _sbss
 *(.bss)
 .bss           0x0000000020000078       0x1c d:/stm32cubeide_1.9.0/stm32cubeide/plugins/com.st.stm32cube.ide.mcu.externaltools.gnu-tools-for-stm32.10.3-2021.10.win32_1.0.200.202301161003/tools/bin/../lib/gcc/arm-none-eabi/10.3.1/thumb/v7e-m+fp/hard/crtbegin.o
 *(.bss*)
 .bss.huart2    0x0000000020000094       0x44 ./Core/Src/main.o
                0x0000000020000094                huart2
 .bss.Manager_Handle
                0x00000000200000d8        0x4 ./Core/Src/main.o
                0x00000000200000d8                Manager_Handle
 .bss.Employee_Handle
                0x00000000200000dc        0x4 ./Core/Src/main.o
                0x00000000200000dc                Employee_Handle
 .bss.Binary_Semaphore_Handle
                0x00000000200000e0        0x4 ./Core/Src/main.o
                0x00000000200000e0                Binary_Semaphore_Handle
 .bss.WorkQueue
                0x00000000200000e4        0x4 ./Core/Src/main.o
                0x00000000200000e4                WorkQueue
 .bss.status    0x00000000200000e8        0x4 ./Core/Src/main.o
                0x00000000200000e8                status
 .bss.htim2     0x00000000200000ec       0x48 ./Core/Src/stm32f4xx_hal_timebase_tim.o
                0x00000000200000ec                htim2
 .bss.uwTick    0x0000000020000134        0x4 ./Drivers/STM32F4xx_HAL_Driver/Src/stm32f4xx_hal.o
                0x0000000020000134                uwTick
 .bss.xQueueRegistry
                0x0000000020000138       0x40 ./Third_Party/FreeRTOS/org/Source/queue.o
                0x0000000020000138                xQueueRegistry
 .bss.pxCurrentTCB
                0x0000000020000178        0x4 ./Third_Party/FreeRTOS/org/Source/tasks.o
                0x0000000020000178                pxCurrentTCB
 .bss.pxReadyTasksLists
                0x000000002000017c       0x64 ./Third_Party/FreeRTOS/org/Source/tasks.o
 .bss.xDelayedTaskList1
                0x00000000200001e0       0x14 ./Third_Party/FreeRTOS/org/Source/tasks.o
 .bss.xDelayedTaskList2
                0x00000000200001f4       0x14 ./Third_Party/FreeRTOS/org/Source/tasks.o
 .bss.pxDelayedTaskList
                0x0000000020000208        0x4 ./Third_Party/FreeRTOS/org/Source/tasks.o
 .bss.pxOverflowDelayedTaskList
                0x000000002000020c        0x4 ./Third_Party/FreeRTOS/org/Source/tasks.o
 .bss.xPendingReadyList
                0x0000000020000210       0x14 ./Third_Party/FreeRTOS/org/Source/tasks.o
 .bss.xTasksWaitingTermination
                0x0000000020000224       0x14 ./Third_Party/FreeRTOS/org/Source/tasks.o
 .bss.uxDeletedTasksWaitingCleanUp
                0x0000000020000238        0x4 ./Third_Party/FreeRTOS/org/Source/tasks.o
 .bss.xSuspendedTaskList
                0x000000002000023c       0x14 ./Third_Party/FreeRTOS/org/Source/tasks.o
 .bss.uxCurrentNumberOfTasks
                0x0000000020000250        0x4 ./Third_Party/FreeRTOS/org/Source/tasks.o
 .bss.xTickCount
                0x0000000020000254        0x4 ./Third_Party/FreeRTOS/org/Source/tasks.o
 .bss.uxTopReadyPriority
                0x0000000020000258        0x4 ./Third_Party/FreeRTOS/org/Source/tasks.o
 .bss.xSchedulerRunning
                0x000000002000025c        0x4 ./Third_Party/FreeRTOS/org/Source/tasks.o
 .bss.xPendedTicks
                0x0000000020000260        0x4 ./Third_Party/FreeRTOS/org/Source/tasks.o
 .bss.xYieldPending
                0x0000000020000264        0x4 ./Third_Party/FreeRTOS/org/Source/tasks.o
 .bss.xNumOfOverflows
                0x0000000020000268        0x4 ./Third_Party/FreeRTOS/org/Source/tasks.o
 .bss.uxTaskNumber
                0x000000002000026c        0x4 ./Third_Party/FreeRTOS/org/Source/tasks.o
 .bss.xNextTaskUnblockTime
                0x0000000020000270        0x4 ./Third_Party/FreeRTOS/org/Source/tasks.o
 .bss.xIdleTaskHandle
                0x0000000020000274        0x4 ./Third_Party/FreeRTOS/org/Source/tasks.o
 .bss.uxSchedulerSuspended
                0x0000000020000278        0x4 ./Third_Party/FreeRTOS/org/Source/tasks.o
 .bss.xActiveTimerList1
                0x000000002000027c       0x14 ./Third_Party/FreeRTOS/org/Source/timers.o
 .bss.xActiveTimerList2
                0x0000000020000290       0x14 ./Third_Party/FreeRTOS/org/Source/timers.o
 .bss.pxCurrentTimerList
                0x00000000200002a4        0x4 ./Third_Party/FreeRTOS/org/Source/timers.o
 .bss.pxOverflowTimerList
                0x00000000200002a8        0x4 ./Third_Party/FreeRTOS/org/Source/timers.o
 .bss.xTimerQueue
                0x00000000200002ac        0x4 ./Third_Party/FreeRTOS/org/Source/timers.o
 .bss.xTimerTaskHandle
                0x00000000200002b0        0x4 ./Third_Party/FreeRTOS/org/Source/timers.o
 .bss.xLastTime.0
                0x00000000200002b4        0x4 ./Third_Party/FreeRTOS/org/Source/timers.o
 .bss.ucMaxSysCallPriority
                0x00000000200002b8        0x1 ./Third_Party/FreeRTOS/org/Source/portable/GCC/ARM_CM4F/port.o
 *fill*         0x00000000200002b9        0x3 
 .bss.ulMaxPRIGROUPValue
                0x00000000200002bc        0x4 ./Third_Party/FreeRTOS/org/Source/portable/GCC/ARM_CM4F/port.o
 .bss.ucHeap    0x00000000200002c0     0xc800 ./Third_Party/FreeRTOS/org/Source/portable/MemMang/heap_4.o
 .bss.xStart    0x000000002000cac0        0x8 ./Third_Party/FreeRTOS/org/Source/portable/MemMang/heap_4.o
 .bss.pxEnd     0x000000002000cac8        0x4 ./Third_Party/FreeRTOS/org/Source/portable/MemMang/heap_4.o
 .bss.xFreeBytesRemaining
                0x000000002000cacc        0x4 ./Third_Party/FreeRTOS/org/Source/portable/MemMang/heap_4.o
 .bss.xMinimumEverFreeBytesRemaining
                0x000000002000cad0        0x4 ./Third_Party/FreeRTOS/org/Source/portable/MemMang/heap_4.o
 .bss.xNumberOfSuccessfulAllocations
                0x000000002000cad4        0x4 ./Third_Party/FreeRTOS/org/Source/portable/MemMang/heap_4.o
 .bss.xNumberOfSuccessfulFrees
                0x000000002000cad8        0x4 ./Third_Party/FreeRTOS/org/Source/portable/MemMang/heap_4.o
 .bss._aTasks   0x000000002000cadc       0xa0 ./Third_Party/SEGGER/OS/SEGGER_SYSVIEW_FreeRTOS.o
 .bss._NumTasks
                0x000000002000cb7c        0x4 ./Third_Party/SEGGER/OS/SEGGER_SYSVIEW_FreeRTOS.o
 .bss._SEGGER_RTT
                0x000000002000cb80       0xa8 ./Third_Party/SEGGER/SEGGER/SEGGER_RTT.o
                0x000000002000cb80                _SEGGER_RTT
 .bss._acUpBuffer
                0x000000002000cc28      0x400 ./Third_Party/SEGGER/SEGGER/SEGGER_RTT.o
 .bss._acDownBuffer
                0x000000002000d028       0x10 ./Third_Party/SEGGER/SEGGER/SEGGER_RTT.o
 .bss._UpBuffer
                0x000000002000d038      0x400 ./Third_Party/SEGGER/SEGGER/SEGGER_SYSVIEW.o
 .bss._DownBuffer
                0x000000002000d438        0x8 ./Third_Party/SEGGER/SEGGER/SEGGER_SYSVIEW.o
 .bss._SYSVIEW_Globals
                0x000000002000d440       0x28 ./Third_Party/SEGGER/SEGGER/SEGGER_SYSVIEW.o
 .bss._pFirstModule
                0x000000002000d468        0x4 ./Third_Party/SEGGER/SEGGER/SEGGER_SYSVIEW.o
 .bss._NumModules
                0x000000002000d46c        0x1 ./Third_Party/SEGGER/SEGGER/SEGGER_SYSVIEW.o
 *fill*         0x000000002000d46d        0x3 
 .bss._aPacket  0x000000002000d470       0xe3 ./Third_Party/SEGGER/SEGGER/SEGGER_SYSVIEW.o
 *fill*         0x000000002000d553        0x1 
 .bss.__malloc_free_list
                0x000000002000d554        0x4 d:/stm32cubeide_1.9.0/stm32cubeide/plugins/com.st.stm32cube.ide.mcu.externaltools.gnu-tools-for-stm32.10.3-2021.10.win32_1.0.200.202301161003/tools/bin/../lib/gcc/arm-none-eabi/10.3.1/../../../../arm-none-eabi/lib/thumb/v7e-m+fp/hard\libc_nano.a(lib_a-nano-mallocr.o)
                0x000000002000d554                __malloc_free_list
 .bss.__malloc_sbrk_start
                0x000000002000d558        0x4 d:/stm32cubeide_1.9.0/stm32cubeide/plugins/com.st.stm32cube.ide.mcu.externaltools.gnu-tools-for-stm32.10.3-2021.10.win32_1.0.200.202301161003/tools/bin/../lib/gcc/arm-none-eabi/10.3.1/../../../../arm-none-eabi/lib/thumb/v7e-m+fp/hard\libc_nano.a(lib_a-nano-mallocr.o)
                0x000000002000d558                __malloc_sbrk_start
 .bss.__lock___malloc_recursive_mutex
                0x000000002000d55c        0x1 d:/stm32cubeide_1.9.0/stm32cubeide/plugins/com.st.stm32cube.ide.mcu.externaltools.gnu-tools-for-stm32.10.3-2021.10.win32_1.0.200.202301161003/tools/bin/../lib/gcc/arm-none-eabi/10.3.1/../../../../arm-none-eabi/lib/thumb/v7e-m+fp/hard\libc_nano.a(lib_a-lock.o)
                0x000000002000d55c                __lock___malloc_recursive_mutex
 .bss.__lock___sfp_recursive_mutex
                0x000000002000d55d        0x1 d:/stm32cubeide_1.9.0/stm32cubeide/plugins/com.st.stm32cube.ide.mcu.externaltools.gnu-tools-for-stm32.10.3-2021.10.win32_1.0.200.202301161003/tools/bin/../lib/gcc/arm-none-eabi/10.3.1/../../../../arm-none-eabi/lib/thumb/v7e-m+fp/hard\libc_nano.a(lib_a-lock.o)
                0x000000002000d55d                __lock___sfp_recursive_mutex
 .bss.__lock___sinit_recursive_mutex
                0x000000002000d55e        0x1 d:/stm32cubeide_1.9.0/stm32cubeide/plugins/com.st.stm32cube.ide.mcu.externaltools.gnu-tools-for-stm32.10.3-2021.10.win32_1.0.200.202301161003/tools/bin/../lib/gcc/arm-none-eabi/10.3.1/../../../../arm-none-eabi/lib/thumb/v7e-m+fp/hard\libc_nano.a(lib_a-lock.o)
                0x000000002000d55e                __lock___sinit_recursive_mutex
 *fill*         0x000000002000d55f        0x1 
 .bss.errno     0x000000002000d560        0x4 d:/stm32cubeide_1.9.0/stm32cubeide/plugins/com.st.stm32cube.ide.mcu.externaltools.gnu-tools-for-stm32.10.3-2021.10.win32_1.0.200.202301161003/tools/bin/../lib/gcc/arm-none-eabi/10.3.1/../../../../arm-none-eabi/lib/thumb/v7e-m+fp/hard\libc_nano.a(lib_a-reent.o)
                0x000000002000d560                errno
 .bss.heap_end.0
                0x000000002000d564        0x4 d:/stm32cubeide_1.9.0/stm32cubeide/plugins/com.st.stm32cube.ide.mcu.externaltools.gnu-tools-for-stm32.10.3-2021.10.win32_1.0.200.202301161003/tools/bin/../lib/gcc/arm-none-eabi/10.3.1/../../../../arm-none-eabi/lib/thumb/v7e-m+fp/hard\libnosys.a(sbrk.o)
 *(COMMON)
                0x000000002000d568                . = ALIGN (0x4)
                0x000000002000d568                _ebss = .
                0x000000002000d568                __bss_end__ = _ebss

._user_heap_stack
                0x000000002000d568      0x600 load address 0x0000000008009534
                0x000000002000d568                . = ALIGN (0x8)
                0x000000002000d568                PROVIDE (end = .)
                [!provide]                        PROVIDE (_end = .)
                0x000000002000d768                . = (. + _Min_Heap_Size)
 *fill*         0x000000002000d568      0x200 
                0x000000002000db68                . = (. + _Min_Stack_Size)
 *fill*         0x000000002000d768      0x400 
                0x000000002000db68                . = ALIGN (0x8)

/DISCARD/
 libc.a(*)
 libm.a(*)
 libgcc.a(*)

.ARM.attributes
                0x0000000000000000       0x30
 *(.ARM.attributes)
 .ARM.attributes
                0x0000000000000000       0x1e d:/stm32cubeide_1.9.0/stm32cubeide/plugins/com.st.stm32cube.ide.mcu.externaltools.gnu-tools-for-stm32.10.3-2021.10.win32_1.0.200.202301161003/tools/bin/../lib/gcc/arm-none-eabi/10.3.1/thumb/v7e-m+fp/hard/crti.o
 .ARM.attributes
                0x000000000000001e       0x34 d:/stm32cubeide_1.9.0/stm32cubeide/plugins/com.st.stm32cube.ide.mcu.externaltools.gnu-tools-for-stm32.10.3-2021.10.win32_1.0.200.202301161003/tools/bin/../lib/gcc/arm-none-eabi/10.3.1/thumb/v7e-m+fp/hard/crtbegin.o
 .ARM.attributes
                0x0000000000000052       0x34 ./Core/Src/main.o
 .ARM.attributes
                0x0000000000000086       0x34 ./Core/Src/stm32f4xx_hal_msp.o
 .ARM.attributes
                0x00000000000000ba       0x34 ./Core/Src/stm32f4xx_hal_timebase_tim.o
 .ARM.attributes
                0x00000000000000ee       0x34 ./Core/Src/stm32f4xx_it.o
 .ARM.attributes
                0x0000000000000122       0x34 ./Core/Src/syscalls.o
 .ARM.attributes
                0x0000000000000156       0x34 ./Core/Src/system_stm32f4xx.o
 .ARM.attributes
                0x000000000000018a       0x21 ./Core/Startup/startup_stm32f401retx.o
 .ARM.attributes
                0x00000000000001ab       0x34 ./Drivers/STM32F4xx_HAL_Driver/Src/stm32f4xx_hal.o
 .ARM.attributes
                0x00000000000001df       0x34 ./Drivers/STM32F4xx_HAL_Driver/Src/stm32f4xx_hal_cortex.o
 .ARM.attributes
                0x0000000000000213       0x34 ./Drivers/STM32F4xx_HAL_Driver/Src/stm32f4xx_hal_dma.o