core_cm4.h:1452:22:NVIC_EnableIRQ	16	static
core_cm4.h:1465:22:NVIC_DisableIRQ	16	static
core_cm4.h:1535:22:NVIC_SetPriority	16	static
main.c:61:5:main	32	static
main.c:101:6:Task1_Menu_Display_Handler	32	static
main.c:117:6:Task2_Command_Handler	32	static
main.c:135:6:Task3_Process_Handler	80	static
main.c:180:6:Task4_UART_Write_Queue_Handler	24	static
main.c:195:6:GPIO_Config	16	static
main.c:211:6:UART_Config	32	static
main.c:249:6:USART2_IRQHandler	24	static
main.c:283:6:printMsg	24	static
main.c:293:9:getCommandCode	16	static
main.c:298:9:getArguments	16	static
main.c:303:6:LED_STATUS_Func	24	static
main.c:309:6:LED_ERROR_Func	32	static
main.c:315:6:LED_TOGGLE_Func	8	static
main.c:320:6:LED_TOGG_Func	32	static
main.c:337:6:LED_TOGG_OFF	16	static
main.c:342:6:APP_EXIT_FUNC	16	static
main.c:358:6:vApplicationIdleHook	4	static
